<html>
<body>
<pre>
<h1>µVision Build Log</h1>
<h2>Tool Versions:</h2>
IDE-Version: ¦ÌVision V5.18.0.0
Copyright (C) 2016 ARM Ltd and ARM Germany GmbH. All rights reserved.
License Information: 1 1, 11, LIC=14HV2-9DLYB-9U04U-SJHHK-QM63L-ZP9CB
 
Tool Versions:
Toolchain:       MDK-ARM Standard  Version: 5.18
Toolchain Path:  C:\Keil_v5\ARM\ARMCC\Bin
C Compiler:      Armcc.exe V5.06 update 1 (build 61)
Assembler:       Armasm.exe V5.06 update 1 (build 61)
Linker/Locator:  ArmLink.exe V5.06 update 1 (build 61)
Library Manager: ArmAr.exe V5.06 update 1 (build 61)
Hex Converter:   FromElf.exe V5.06 update 1 (build 61)
CPU DLL:         SARMCM3.DLL V5.18
Dialog DLL:      DCM.DLL V1.13.6.0
Target DLL:      Segger\JL2CM3.dll V2.99.18.0
Dialog DLL:      TCM.DLL V1.14.8.0
 
<h2>Project:</h2>
C:\Users\86137\Desktop\STM32.GITHUB\Learn_STM32\STM32F103RC\harware study\U8G2 0.91OLED\PROJECT\Project.uvprojx
Project File Date:  10/15/2025

<h2>Output:</h2>
*** Using Compiler 'V5.06 update 1 (build 61)', folder: 'C:\Keil_v5\ARM\ARMCC\Bin'
Rebuild target 'Target 1'
compiling stm32f10x_flash.c...
compiling stm32f10x_can.c...
compiling core_cm3.c...
compiling stm32f10x_exti.c...
compiling stm32f10x_adc.c...
compiling stm32f10x_bkp.c...
compiling stm32f10x_crc.c...
compiling stm32f10x_dbgmcu.c...
compiling stm32f10x_dac.c...
compiling misc.c...
compiling stm32f10x_cec.c...
compiling stm32f10x_dma.c...
compiling stm32f10x_fsmc.c...
compiling stm32f10x_gpio.c...
compiling stm32f10x_i2c.c...
compiling stm32f10x_iwdg.c...
compiling stm32f10x_pwr.c...
assembling startup_stm32f10x_hd.s...
compiling stm32f10x_rtc.c...
compiling stm32f10x_sdio.c...
compiling stm32f10x_spi.c...
compiling stm32f10x_rcc.c...
compiling stm32f10x_usart.c...
compiling stm32f10x_wwdg.c...
compiling stm32f10x_it.c...
compiling system_stm32f10x.c...
compiling stm32f10x_tim.c...
compiling GPIO.c...
compiling mui.c...
compiling RCC.c...
compiling main.c...
compiling USART.c...
compiling u8g2_arc.c...
compiling u8g2_box.c...
compiling u8g2_bitmap.c...
compiling u8g2_buffer.c...
compiling u8g2_button.c...
compiling mui_u8g2.c...
compiling u8g2_cleardisplay.c...
compiling u8g2_d_memory.c...
compiling u8g2_circle.c...
compiling u8g2_d_setup.c...
compiling u8g2_fonts.c...
..\u8g2\u8g2_fonts.c(360): warning:  #1-D: last line of file ends without a newline
    
..\u8g2\u8g2_fonts.c: 1 warning, 0 errors
compiling u8g2_font.c...
compiling u8g2_hvline.c...
compiling u8g2_input_value.c...
compiling u8g2_intersection.c...
compiling u8g2_kerning.c...
compiling u8g2_line.c...
compiling u8g2_ll_hvline.c...
compiling u8g2_message.c...
compiling u8log.c...
compiling u8g2_polygon.c...
compiling u8g2_selection_list.c...
compiling u8log_u8x8.c...
compiling u8x8_8x8.c...
compiling u8g2_setup.c...
compiling u8log_u8g2.c...
compiling u8x8_byte.c...
compiling u8x8_debounce.c...
compiling u8x8_capture.c...
compiling u8x8_cad.c...
compiling u8x8_display.c...
compiling u8x8_gpio.c...
compiling u8x8_input_value.c...
compiling u8x8_message.c...
compiling u8x8_selection_list.c...
compiling u8x8_fonts.c...
compiling u8x8_setup.c...
compiling u8x8_string.c...
compiling u8x8_u16toa.c...
compiling u8x8_u8toa.c...
compiling u8x8_d_ssd1306_128x64_noname.c...
linking...
Program Size: Code=7196 RO-data=11100 RW-data=28 ZI-data=2196  
FromELF: creating hex file...
".\Objects\Project.axf" - 0 Error(s), 1 Warning(s).

<h2>Collection of Component include folders:</h2>
  C:\Users\86137\Desktop\STM32.GITHUB\Learn_STM32\STM32F103RC\harware study\U8G2 0.91OLED\PROJECT\RTE
  C:\Keil_v5\ARM\PACK\Keil\STM32F1xx_DFP\2.4.1\Device\Include

<h2>Collection of Component Files used:</h2>
Build Time Elapsed:  00:00:03
</pre>
</body>
</html>
