Component: ARM Compiler 5.06 update 1 (build 61) Tool: armlink [4d35a8]

==============================================================================

Section Cross References

    stm32f10x_adc.o(i.ADC_DeInit) refers to stm32f10x_rcc.o(i.RCC_APB2PeriphResetCmd) for RCC_APB2PeriphResetCmd
    stm32f10x_bkp.o(i.BKP_DeInit) refers to stm32f10x_rcc.o(i.RCC_BackupResetCmd) for RCC_BackupResetCmd
    stm32f10x_can.o(i.CAN_DeInit) refers to stm32f10x_rcc.o(i.RCC_APB1PeriphResetCmd) for RCC_APB1PeriphResetCmd
    stm32f10x_can.o(i.CAN_GetITStatus) refers to stm32f10x_can.o(i.CheckITStatus) for CheckITStatus
    stm32f10x_cec.o(i.CEC_DeInit) refers to stm32f10x_rcc.o(i.RCC_APB1PeriphResetCmd) for RCC_APB1PeriphResetCmd
    stm32f10x_dac.o(i.DAC_DeInit) refers to stm32f10x_rcc.o(i.RCC_APB1PeriphResetCmd) for RCC_APB1PeriphResetCmd
    stm32f10x_flash.o(i.FLASH_EnableWriteProtection) refers to stm32f10x_flash.o(i.FLASH_WaitForLastOperation) for FLASH_WaitForLastOperation
    stm32f10x_flash.o(i.FLASH_EraseAllBank1Pages) refers to stm32f10x_flash.o(i.FLASH_WaitForLastBank1Operation) for FLASH_WaitForLastBank1Operation
    stm32f10x_flash.o(i.FLASH_EraseAllPages) refers to stm32f10x_flash.o(i.FLASH_WaitForLastOperation) for FLASH_WaitForLastOperation
    stm32f10x_flash.o(i.FLASH_EraseOptionBytes) refers to stm32f10x_flash.o(i.FLASH_GetReadOutProtectionStatus) for FLASH_GetReadOutProtectionStatus
    stm32f10x_flash.o(i.FLASH_EraseOptionBytes) refers to stm32f10x_flash.o(i.FLASH_WaitForLastOperation) for FLASH_WaitForLastOperation
    stm32f10x_flash.o(i.FLASH_ErasePage) refers to stm32f10x_flash.o(i.FLASH_WaitForLastOperation) for FLASH_WaitForLastOperation
    stm32f10x_flash.o(i.FLASH_ProgramHalfWord) refers to stm32f10x_flash.o(i.FLASH_WaitForLastOperation) for FLASH_WaitForLastOperation
    stm32f10x_flash.o(i.FLASH_ProgramOptionByteData) refers to stm32f10x_flash.o(i.FLASH_WaitForLastOperation) for FLASH_WaitForLastOperation
    stm32f10x_flash.o(i.FLASH_ProgramWord) refers to stm32f10x_flash.o(i.FLASH_WaitForLastOperation) for FLASH_WaitForLastOperation
    stm32f10x_flash.o(i.FLASH_ReadOutProtection) refers to stm32f10x_flash.o(i.FLASH_WaitForLastOperation) for FLASH_WaitForLastOperation
    stm32f10x_flash.o(i.FLASH_UserOptionByteConfig) refers to stm32f10x_flash.o(i.FLASH_WaitForLastOperation) for FLASH_WaitForLastOperation
    stm32f10x_flash.o(i.FLASH_WaitForLastBank1Operation) refers to stm32f10x_flash.o(i.FLASH_GetBank1Status) for FLASH_GetBank1Status
    stm32f10x_flash.o(i.FLASH_WaitForLastOperation) refers to stm32f10x_flash.o(i.FLASH_GetBank1Status) for FLASH_GetBank1Status
    stm32f10x_gpio.o(i.GPIO_AFIODeInit) refers to stm32f10x_rcc.o(i.RCC_APB2PeriphResetCmd) for RCC_APB2PeriphResetCmd
    stm32f10x_gpio.o(i.GPIO_DeInit) refers to stm32f10x_rcc.o(i.RCC_APB2PeriphResetCmd) for RCC_APB2PeriphResetCmd
    stm32f10x_i2c.o(i.I2C_DeInit) refers to stm32f10x_rcc.o(i.RCC_APB1PeriphResetCmd) for RCC_APB1PeriphResetCmd
    stm32f10x_i2c.o(i.I2C_Init) refers to stm32f10x_rcc.o(i.RCC_GetClocksFreq) for RCC_GetClocksFreq
    stm32f10x_pwr.o(i.PWR_DeInit) refers to stm32f10x_rcc.o(i.RCC_APB1PeriphResetCmd) for RCC_APB1PeriphResetCmd
    stm32f10x_rcc.o(i.RCC_GetClocksFreq) refers to stm32f10x_rcc.o(.data) for APBAHBPrescTable
    stm32f10x_rcc.o(i.RCC_WaitForHSEStartUp) refers to stm32f10x_rcc.o(i.RCC_GetFlagStatus) for RCC_GetFlagStatus
    stm32f10x_rtc.o(i.RTC_SetAlarm) refers to stm32f10x_rtc.o(i.RTC_EnterConfigMode) for RTC_EnterConfigMode
    stm32f10x_rtc.o(i.RTC_SetAlarm) refers to stm32f10x_rtc.o(i.RTC_ExitConfigMode) for RTC_ExitConfigMode
    stm32f10x_rtc.o(i.RTC_SetCounter) refers to stm32f10x_rtc.o(i.RTC_EnterConfigMode) for RTC_EnterConfigMode
    stm32f10x_rtc.o(i.RTC_SetCounter) refers to stm32f10x_rtc.o(i.RTC_ExitConfigMode) for RTC_ExitConfigMode
    stm32f10x_rtc.o(i.RTC_SetPrescaler) refers to stm32f10x_rtc.o(i.RTC_EnterConfigMode) for RTC_EnterConfigMode
    stm32f10x_rtc.o(i.RTC_SetPrescaler) refers to stm32f10x_rtc.o(i.RTC_ExitConfigMode) for RTC_ExitConfigMode
    stm32f10x_spi.o(i.I2S_Init) refers to stm32f10x_rcc.o(i.RCC_GetClocksFreq) for RCC_GetClocksFreq
    stm32f10x_spi.o(i.SPI_I2S_DeInit) refers to stm32f10x_rcc.o(i.RCC_APB2PeriphResetCmd) for RCC_APB2PeriphResetCmd
    stm32f10x_spi.o(i.SPI_I2S_DeInit) refers to stm32f10x_rcc.o(i.RCC_APB1PeriphResetCmd) for RCC_APB1PeriphResetCmd
    stm32f10x_tim.o(i.TIM_DeInit) refers to stm32f10x_rcc.o(i.RCC_APB2PeriphResetCmd) for RCC_APB2PeriphResetCmd
    stm32f10x_tim.o(i.TIM_DeInit) refers to stm32f10x_rcc.o(i.RCC_APB1PeriphResetCmd) for RCC_APB1PeriphResetCmd
    stm32f10x_tim.o(i.TIM_ETRClockMode1Config) refers to stm32f10x_tim.o(i.TIM_ETRConfig) for TIM_ETRConfig
    stm32f10x_tim.o(i.TIM_ETRClockMode2Config) refers to stm32f10x_tim.o(i.TIM_ETRConfig) for TIM_ETRConfig
    stm32f10x_tim.o(i.TIM_ICInit) refers to stm32f10x_tim.o(i.TI1_Config) for TI1_Config
[...]
    Removing stm32f10x_tim.o(i.TIM_OC3Init), (160 bytes).
    Removing stm32f10x_tim.o(i.TIM_OC3NPolarityConfig), (26 bytes).
    Removing stm32f10x_tim.o(i.TIM_OC3PolarityConfig), (26 bytes).
    Removing stm32f10x_tim.o(i.TIM_OC3PreloadConfig), (18 bytes).
    Removing stm32f10x_tim.o(i.TIM_OC4FastConfig), (26 bytes).
    Removing stm32f10x_tim.o(i.TIM_OC4Init), (124 bytes).
    Removing stm32f10x_tim.o(i.TIM_OC4PolarityConfig), (26 bytes).
    Removing stm32f10x_tim.o(i.TIM_OC4PreloadConfig), (26 bytes).
    Removing stm32f10x_tim.o(i.TIM_OCStructInit), (20 bytes).
    Removing stm32f10x_tim.o(i.TIM_PWMIConfig), (124 bytes).
    Removing stm32f10x_tim.o(i.TIM_PrescalerConfig), (6 bytes).
    Removing stm32f10x_tim.o(i.TIM_SelectCCDMA), (24 bytes).
    Removing stm32f10x_tim.o(i.TIM_SelectCOM), (24 bytes).
    Removing stm32f10x_tim.o(i.TIM_SelectHallSensor), (24 bytes).
    Removing stm32f10x_tim.o(i.TIM_SelectInputTrigger), (18 bytes).
    Removing stm32f10x_tim.o(i.TIM_SelectMasterSlaveMode), (18 bytes).
    Removing stm32f10x_tim.o(i.TIM_SelectOCxM), (82 bytes).
    Removing stm32f10x_tim.o(i.TIM_SelectOnePulseMode), (18 bytes).
    Removing stm32f10x_tim.o(i.TIM_SelectOutputTrigger), (18 bytes).
    Removing stm32f10x_tim.o(i.TIM_SelectSlaveMode), (18 bytes).
    Removing stm32f10x_tim.o(i.TIM_SetAutoreload), (4 bytes).
    Removing stm32f10x_tim.o(i.TIM_SetClockDivision), (18 bytes).
    Removing stm32f10x_tim.o(i.TIM_SetCompare1), (4 bytes).
    Removing stm32f10x_tim.o(i.TIM_SetCompare2), (4 bytes).
    Removing stm32f10x_tim.o(i.TIM_SetCompare3), (4 bytes).
    Removing stm32f10x_tim.o(i.TIM_SetCompare4), (6 bytes).
    Removing stm32f10x_tim.o(i.TIM_SetCounter), (4 bytes).
    Removing stm32f10x_tim.o(i.TIM_SetIC1Prescaler), (18 bytes).
    Removing stm32f10x_tim.o(i.TIM_SetIC2Prescaler), (26 bytes).
    Removing stm32f10x_tim.o(i.TIM_SetIC3Prescaler), (18 bytes).
    Removing stm32f10x_tim.o(i.TIM_SetIC4Prescaler), (26 bytes).
    Removing stm32f10x_tim.o(i.TIM_TIxExternalClockConfig), (62 bytes).
    Removing stm32f10x_tim.o(i.TIM_TimeBaseInit), (164 bytes).
    Removing stm32f10x_tim.o(i.TIM_TimeBaseStructInit), (18 bytes).
    Removing stm32f10x_tim.o(i.TIM_UpdateDisableConfig), (24 bytes).
    Removing stm32f10x_tim.o(i.TIM_UpdateRequestConfig), (24 bytes).
    Removing stm32f10x_usart.o(i.USART_ClearFlag), (18 bytes).
    Removing stm32f10x_usart.o(i.USART_ClearITPendingBit), (30 bytes).
    Removing stm32f10x_usart.o(i.USART_ClockInit), (34 bytes).
    Removing stm32f10x_usart.o(i.USART_ClockStructInit), (12 bytes).
    Removing stm32f10x_usart.o(i.USART_Cmd), (24 bytes).
    Removing stm32f10x_usart.o(i.USART_DMACmd), (18 bytes).
    Removing stm32f10x_usart.o(i.USART_DeInit), (156 bytes).
    Removing stm32f10x_usart.o(i.USART_GetFlagStatus), (26 bytes).
    Removing stm32f10x_usart.o(i.USART_GetITStatus), (84 bytes).
    Removing stm32f10x_usart.o(i.USART_HalfDuplexCmd), (24 bytes).
    Removing stm32f10x_usart.o(i.USART_ITConfig), (74 bytes).
    Removing stm32f10x_usart.o(i.USART_Init), (216 bytes).
    Removing stm32f10x_usart.o(i.USART_IrDACmd), (24 bytes).
    Removing stm32f10x_usart.o(i.USART_IrDAConfig), (18 bytes).
    Removing stm32f10x_usart.o(i.USART_LINBreakDetectLengthConfig), (18 bytes).
    Removing stm32f10x_usart.o(i.USART_LINCmd), (24 bytes).
    Removing stm32f10x_usart.o(i.USART_OneBitMethodCmd), (24 bytes).
    Removing stm32f10x_usart.o(i.USART_OverSampling8Cmd), (22 bytes).
    Removing stm32f10x_usart.o(i.USART_ReceiveData), (10 bytes).
    Removing stm32f10x_usart.o(i.USART_ReceiverWakeUpCmd), (24 bytes).
    Removing stm32f10x_usart.o(i.USART_SendBreak), (10 bytes).
    Removing stm32f10x_usart.o(i.USART_SendData), (8 bytes).
    Removing stm32f10x_usart.o(i.USART_SetAddress), (18 bytes).
    Removing stm32f10x_usart.o(i.USART_SetGuardTime), (16 bytes).
    Removing stm32f10x_usart.o(i.USART_SetPrescaler), (16 bytes).
    Removing stm32f10x_usart.o(i.USART_SmartCardCmd), (24 bytes).
    Removing stm32f10x_usart.o(i.USART_SmartCardNACKCmd), (24 bytes).
    Removing stm32f10x_usart.o(i.USART_StructInit), (24 bytes).
    Removing stm32f10x_usart.o(i.USART_WakeUpConfig), (18 bytes).
    Removing stm32f10x_wwdg.o(i.WWDG_ClearFlag), (12 bytes).
    Removing stm32f10x_wwdg.o(i.WWDG_DeInit), (22 bytes).
    Removing stm32f10x_wwdg.o(i.WWDG_Enable), (16 bytes).
    Removing stm32f10x_wwdg.o(i.WWDG_EnableIT), (12 bytes).
    Removing stm32f10x_wwdg.o(i.WWDG_GetFlagStatus), (12 bytes).
    Removing stm32f10x_wwdg.o(i.WWDG_SetCounter), (16 bytes).
    Removing stm32f10x_wwdg.o(i.WWDG_SetPrescaler), (24 bytes).
    Removing stm32f10x_wwdg.o(i.WWDG_SetWindowValue), (40 bytes).
    Removing system_stm32f10x.o(i.SystemCoreClockUpdate), (164 bytes).
    Removing system_stm32f10x.o(.data), (20 bytes).
    Removing startup_stm32f10x_hd.o(HEAP), (512 bytes).
    Removing usart.o(i.USART1_SendChar), (40 bytes).
    Removing mui.o(i.mui_Draw), (20 bytes).
    Removing mui.o(i.mui_EnterForm), (96 bytes).
    Removing mui.o(i.mui_GetCurrentCursorFocusPosition), (28 bytes).
    Removing mui.o(i.mui_GetCurrentFormId), (32 bytes).
    Removing mui.o(i.mui_GetSelectableFieldOptionCnt), (48 bytes).
    Removing mui.o(i.mui_GetSelectableFieldTextOption), (52 bytes).
    Removing mui.o(i.mui_GotoForm), (42 bytes).
    Removing mui.o(i.mui_GotoFormAutoCursorPosition), (44 bytes).
    Removing mui.o(i.mui_Init), (44 bytes).
    Removing mui.o(i.mui_LeaveForm), (52 bytes).
    Removing mui.o(i.mui_NextField), (46 bytes).
    Removing mui.o(i.mui_PrevField), (76 bytes).
    Removing mui.o(i.mui_RestoreForm), (58 bytes).
    Removing mui.o(i.mui_SaveCursorPosition), (92 bytes).
    Removing mui.o(i.mui_SaveForm), (22 bytes).
    Removing mui.o(i.mui_SaveFormWithCursorPosition), (114 bytes).
    Removing mui.o(i.mui_SendSelect), (14 bytes).
    Removing mui.o(i.mui_SendSelectWithExecuteOnSelectFieldSearch), (60 bytes).
    Removing mui.o(i.mui_SendValueDecrement), (14 bytes).
    Removing mui.o(i.mui_SendValueIncrement), (14 bytes).
    Removing mui.o(i.mui_fds_first_token), (44 bytes).
    Removing mui.o(i.mui_fds_get_cmd_size), (74 bytes).
    Removing mui.o(i.mui_fds_get_cmd_size_without_text), (120 bytes).
    Removing mui.o(i.mui_fds_get_nth_token), (40 bytes).
    Removing mui.o(i.mui_fds_get_token_cnt), (34 bytes).
    Removing mui.o(i.mui_fds_next_token), (86 bytes).
    Removing mui.o(i.mui_fds_parse_text), (92 bytes).
    Removing mui.o(i.mui_find_form), (62 bytes).
    Removing mui.o(i.mui_find_uif), (58 bytes).
    Removing mui.o(i.mui_get_fds_char), (6 bytes).
    Removing mui.o(i.mui_inner_loop_over_form), (68 bytes).
    Removing mui.o(i.mui_loop_over_form), (42 bytes).
    Removing mui.o(i.mui_next_field), (44 bytes).
    Removing mui.o(i.mui_prepare_current_field), (380 bytes).
    Removing mui.o(i.mui_send_cursor_enter_msg), (20 bytes).
    Removing mui.o(i.mui_send_cursor_msg), (38 bytes).
    Removing mui.o(i.mui_task_draw), (18 bytes).
    Removing mui.o(i.mui_task_find_execute_on_select_field), (24 bytes).
    Removing mui.o(i.mui_task_find_first_cursor_uif), (24 bytes).
    Removing mui.o(i.mui_task_find_last_cursor_uif), (20 bytes).
    Removing mui.o(i.mui_task_find_next_cursor_uif), (44 bytes).
    Removing mui.o(i.mui_task_find_prev_cursor_uif), (36 bytes).
    Removing mui.o(i.mui_task_form_end), (18 bytes).
    Removing mui.o(i.mui_task_form_start), (18 bytes).
    Removing mui.o(i.mui_task_get_current_cursor_focus_position), (38 bytes).
    Removing mui.o(i.mui_uif_is_cursor_selectable), (20 bytes).
    Removing mui_u8g2.o(i.mui_get_U8g2), (6 bytes).
    Removing mui_u8g2.o(i.mui_get_arg), (8 bytes).
    Removing mui_u8g2.o(i.mui_get_text), (8 bytes).
    Removing mui_u8g2.o(i.mui_get_x), (32 bytes).
    Removing mui_u8g2.o(i.mui_get_y), (8 bytes).
    Removing mui_u8g2.o(i.mui_hline), (52 bytes).
    Removing mui_u8g2.o(i.mui_is_valid_char), (50 bytes).
    Removing mui_u8g2.o(i.mui_u8g2_btn_back_w1_fi), (112 bytes).
    Removing mui_u8g2.o(i.mui_u8g2_btn_back_w1_pi), (108 bytes).
    Removing mui_u8g2.o(i.mui_u8g2_btn_back_w2_fi), (114 bytes).
    Removing mui_u8g2.o(i.mui_u8g2_btn_back_w2_if), (114 bytes).
    Removing mui_u8g2.o(i.mui_u8g2_btn_back_wm_fi), (90 bytes).
    Removing mui_u8g2.o(i.mui_u8g2_btn_back_wm_if), (90 bytes).
    Removing mui_u8g2.o(i.mui_u8g2_btn_exit_wm_fi), (110 bytes).
    Removing mui_u8g2.o(i.mui_u8g2_btn_goto_w1_fi), (122 bytes).
    Removing mui_u8g2.o(i.mui_u8g2_btn_goto_w1_pi), (118 bytes).
    Removing mui_u8g2.o(i.mui_u8g2_btn_goto_w2_fi), (124 bytes).
    Removing mui_u8g2.o(i.mui_u8g2_btn_goto_w2_if), (124 bytes).
    Removing mui_u8g2.o(i.mui_u8g2_btn_goto_wm_fi), (100 bytes).
    Removing mui_u8g2.o(i.mui_u8g2_btn_goto_wm_if), (100 bytes).
    Removing mui_u8g2.o(i.mui_u8g2_draw_button_fi), (42 bytes).
    Removing mui_u8g2.o(i.mui_u8g2_draw_button_if), (42 bytes).
    Removing mui_u8g2.o(i.mui_u8g2_draw_button_pf), (42 bytes).
    Removing mui_u8g2.o(i.mui_u8g2_draw_button_pi), (42 bytes).
    Removing mui_u8g2.o(i.mui_u8g2_draw_button_utf), (72 bytes).
    Removing mui_u8g2.o(i.mui_u8g2_draw_text), (92 bytes).
    Removing mui_u8g2.o(i.mui_u8g2_get_fi_flags), (28 bytes).
    Removing mui_u8g2.o(i.mui_u8g2_get_if_flags), (42 bytes).
    Removing mui_u8g2.o(i.mui_u8g2_get_pf_flags), (30 bytes).
    Removing mui_u8g2.o(i.mui_u8g2_get_pi_flags), (30 bytes).
    Removing mui_u8g2.o(i.mui_u8g2_goto_data), (48 bytes).
    Removing mui_u8g2.o(i.mui_u8g2_goto_form_w1_pf), (184 bytes).
    Removing mui_u8g2.o(i.mui_u8g2_goto_form_w1_pi), (180 bytes).
    Removing mui_u8g2.o(i.mui_u8g2_handle_scroll_next_prev_events), (136 bytes).
    Removing mui_u8g2.o(i.mui_u8g2_s8_min_max_wm_mse_pf), (118 bytes).
    Removing mui_u8g2.o(i.mui_u8g2_s8_min_max_wm_mse_pi), (118 bytes).
    Removing mui_u8g2.o(i.mui_u8g2_s8_min_max_wm_mud_pf), (160 bytes).
    Removing mui_u8g2.o(i.mui_u8g2_s8_min_max_wm_mud_pi), (160 bytes).
    Removing mui_u8g2.o(i.mui_u8g2_s8_vmm_draw_wm_pf), (164 bytes).
    Removing mui_u8g2.o(i.mui_u8g2_s8_vmm_draw_wm_pi), (168 bytes).
    Removing mui_u8g2.o(i.mui_u8g2_set_font_style_function), (32 bytes).
    Removing mui_u8g2.o(i.mui_u8g2_u16_list_child_mse_common), (154 bytes).
    Removing mui_u8g2.o(i.mui_u8g2_u16_list_child_w1_pi), (204 bytes).
    Removing mui_u8g2.o(i.mui_u8g2_u16_list_goto_w1_pi), (200 bytes).
    Removing mui_u8g2.o(i.mui_u8g2_u16_list_line_wa_mse_pi), (138 bytes).
    Removing mui_u8g2.o(i.mui_u8g2_u16_list_line_wa_mud_pi), (174 bytes).
    Removing mui_u8g2.o(i.mui_u8g2_u16_list_parent_wm_pi), (108 bytes).
    Removing mui_u8g2.o(i.mui_u8g2_u8_bar_draw_wm), (388 bytes).
    Removing mui_u8g2.o(i.mui_u8g2_u8_bar_mse_msg_handler), (126 bytes).
    Removing mui_u8g2.o(i.mui_u8g2_u8_bar_mud_msg_handler), (166 bytes).
    Removing mui_u8g2.o(i.mui_u8g2_u8_bar_wm_mse_pf), (46 bytes).
    Removing mui_u8g2.o(i.mui_u8g2_u8_bar_wm_mse_pi), (46 bytes).
    Removing mui_u8g2.o(i.mui_u8g2_u8_bar_wm_mud_pf), (46 bytes).
    Removing mui_u8g2.o(i.mui_u8g2_u8_bar_wm_mud_pi), (46 bytes).
    Removing mui_u8g2.o(i.mui_u8g2_u8_char_wm_mud_pi), (192 bytes).
    Removing mui_u8g2.o(i.mui_u8g2_u8_chkbox_wm_pi), (292 bytes).
    Removing mui_u8g2.o(i.mui_u8g2_u8_fixed_width_bar_wm_mse_pf), (46 bytes).
    Removing mui_u8g2.o(i.mui_u8g2_u8_fixed_width_bar_wm_mse_pi), (46 bytes).
    Removing mui_u8g2.o(i.mui_u8g2_u8_fixed_width_bar_wm_mud_pf), (46 bytes).
    Removing mui_u8g2.o(i.mui_u8g2_u8_fixed_width_bar_wm_mud_pi), (46 bytes).
    Removing mui_u8g2.o(i.mui_u8g2_u8_min_max_wm_mse_pf), (110 bytes).
    Removing mui_u8g2.o(i.mui_u8g2_u8_min_max_wm_mse_pi), (110 bytes).
    Removing mui_u8g2.o(i.mui_u8g2_u8_min_max_wm_mud_pf), (152 bytes).
    Removing mui_u8g2.o(i.mui_u8g2_u8_min_max_wm_mud_pi), (152 bytes).
    Removing mui_u8g2.o(i.mui_u8g2_u8_opt_child_mse_common), (138 bytes).
    Removing mui_u8g2.o(i.mui_u8g2_u8_opt_child_wm_pi), (128 bytes).
    Removing mui_u8g2.o(i.mui_u8g2_u8_opt_line_wa_mse_pf), (138 bytes).
    Removing mui_u8g2.o(i.mui_u8g2_u8_opt_line_wa_mse_pi), (138 bytes).
    Removing mui_u8g2.o(i.mui_u8g2_u8_opt_line_wa_mud_pf), (174 bytes).
    Removing mui_u8g2.o(i.mui_u8g2_u8_opt_line_wa_mud_pi), (174 bytes).
    Removing mui_u8g2.o(i.mui_u8g2_u8_opt_parent_wm_pi), (110 bytes).
    Removing mui_u8g2.o(i.mui_u8g2_u8_opt_radio_child_w1_pi), (190 bytes).
    Removing mui_u8g2.o(i.mui_u8g2_u8_opt_radio_child_wm_pi), (208 bytes).
    Removing mui_u8g2.o(i.mui_u8g2_u8_radio_wm_pi), (284 bytes).
    Removing mui_u8g2.o(i.mui_u8g2_u8_vmm_draw_wm_pf), (132 bytes).
    Removing mui_u8g2.o(i.mui_u8g2_u8_vmm_draw_wm_pi), (132 bytes).
    Removing mui_u8g2.o(i.mui_u8g2_x8_min_max_wm_mse_pf), (110 bytes).
    Removing mui_u8g2.o(i.mui_u8g2_x8_min_max_wm_mud_pf), (152 bytes).
    Removing mui_u8g2.o(i.mui_u8g2_x8_min_max_wm_mud_pi), (152 bytes).
    Removing mui_u8g2.o(i.mui_u8g2_x8_vmm_draw_wm_pf), (120 bytes).
    Removing mui_u8g2.o(i.mui_u8g2_x8_vmm_draw_wm_pi), (120 bytes).
    Removing mui_u8g2.o(i.mui_x8g2_x8_min_max_wm_mse_pi), (110 bytes).
    Removing mui_u8g2.o(i.u8g2_DrawCheckbox), (66 bytes).
    Removing mui_u8g2.o(i.u8g2_DrawValueMark), (28 bytes).
    Removing mui_u8g2.o(.constdata), (6 bytes).
    Removing u8g2_arc.o(i.u8g2_DrawArc), (70 bytes).
    Removing u8g2_arc.o(i.u8g2_draw_arc), (600 bytes).
    Removing u8g2_bitmap.o(i.u8g2_DrawBitmap), (90 bytes).
    Removing u8g2_bitmap.o(i.u8g2_DrawHXBMP), (232 bytes).
    Removing u8g2_bitmap.o(i.u8g2_DrawHorizontalBitmap), (152 bytes).
    Removing u8g2_bitmap.o(i.u8g2_DrawXBMP), (88 bytes).
    Removing u8g2_bitmap.o(i.u8g2_SetBitmapMode), (6 bytes).
    Removing u8g2_box.o(i.u8g2_DrawBox), (74 bytes).
    Removing u8g2_box.o(i.u8g2_DrawFrame), (138 bytes).
    Removing u8g2_box.o(i.u8g2_DrawRBox), (318 bytes).
    Removing u8g2_box.o(i.u8g2_DrawRFrame), (332 bytes).
    Removing u8g2_buffer.o(i.u8g2_FirstPage), (26 bytes).
    Removing u8g2_buffer.o(i.u8g2_NextPage), (64 bytes).
    Removing u8g2_buffer.o(i.u8g2_SetBufferCurrTileRow), (28 bytes).
    Removing u8g2_buffer.o(i.u8g2_UpdateDisplay), (12 bytes).
    Removing u8g2_buffer.o(i.u8g2_UpdateDisplayArea), (86 bytes).
    Removing u8g2_buffer.o(i.u8g2_WriteBufferPBM), (44 bytes).
    Removing u8g2_buffer.o(i.u8g2_WriteBufferPBM2), (44 bytes).
    Removing u8g2_buffer.o(i.u8g2_WriteBufferXBM), (44 bytes).
    Removing u8g2_buffer.o(i.u8g2_WriteBufferXBM2), (44 bytes).
    Removing u8g2_button.o(i.u8g2_DrawButtonFrame), (348 bytes).
    Removing u8g2_button.o(i.u8g2_DrawButtonUTF8), (124 bytes).
    Removing u8g2_circle.o(i.u8g2_DrawCircle), (70 bytes).
    Removing u8g2_circle.o(i.u8g2_DrawDisc), (70 bytes).
    Removing u8g2_circle.o(i.u8g2_DrawEllipse), (70 bytes).
    Removing u8g2_circle.o(i.u8g2_DrawFilledEllipse), (70 bytes).
    Removing u8g2_circle.o(i.u8g2_draw_circle), (128 bytes).
    Removing u8g2_circle.o(i.u8g2_draw_circle_section), (156 bytes).
    Removing u8g2_circle.o(i.u8g2_draw_disc), (128 bytes).
    Removing u8g2_circle.o(i.u8g2_draw_disc_section), (180 bytes).
    Removing u8g2_circle.o(i.u8g2_draw_ellipse), (294 bytes).
    Removing u8g2_circle.o(i.u8g2_draw_ellipse_section), (100 bytes).
    Removing u8g2_circle.o(i.u8g2_draw_filled_ellipse), (294 bytes).
    Removing u8g2_circle.o(i.u8g2_draw_filled_ellipse_section), (116 bytes).
    Removing u8g2_cleardisplay.o(i.u8g2_ClearDisplay), (32 bytes).
    Removing u8g2_font.o(i.u8g2_DrawExtUTF8), (180 bytes).
    Removing u8g2_font.o(i.u8g2_DrawExtendedUTF8), (188 bytes).
    Removing u8g2_font.o(i.u8g2_DrawGlyph), (98 bytes).
    Removing u8g2_font.o(i.u8g2_DrawGlyphX2), (42 bytes).
    Removing u8g2_font.o(i.u8g2_DrawHB), (78 bytes).
    Removing u8g2_font.o(i.u8g2_DrawStr), (36 bytes).
    Removing u8g2_font.o(i.u8g2_DrawStrX2), (36 bytes).
    Removing u8g2_font.o(i.u8g2_DrawUTF8), (36 bytes).
    Removing u8g2_font.o(i.u8g2_DrawUTF8X2), (36 bytes).
    Removing u8g2_font.o(i.u8g2_GetFontBBXHeight), (8 bytes).
    Removing u8g2_font.o(i.u8g2_GetFontBBXOffX), (8 bytes).
    Removing u8g2_font.o(i.u8g2_GetFontBBXOffY), (8 bytes).
    Removing u8g2_font.o(i.u8g2_GetFontBBXWidth), (8 bytes).
    Removing u8g2_font.o(i.u8g2_GetFontCapitalAHeight), (8 bytes).
    Removing u8g2_font.o(i.u8g2_GetFontSize), (70 bytes).
    Removing u8g2_font.o(i.u8g2_GetGlyphHorizontalProperties), (92 bytes).
    Removing u8g2_font.o(i.u8g2_GetGlyphWidth), (72 bytes).
    Removing u8g2_font.o(i.u8g2_GetStrWidth), (24 bytes).
    Removing u8g2_font.o(i.u8g2_GetStrX), (34 bytes).
    Removing u8g2_font.o(i.u8g2_GetUTF8Width), (24 bytes).
    Removing u8g2_font.o(i.u8g2_GetXOffsetGlyph), (20 bytes).
    Removing u8g2_font.o(i.u8g2_GetXOffsetUTF8), (62 bytes).
    Removing u8g2_font.o(i.u8g2_IsAllValidUTF8), (24 bytes).
    Removing u8g2_font.o(i.u8g2_IsGlyph), (24 bytes).
    Removing u8g2_font.o(i.u8g2_SetFontDirection), (6 bytes).
    Removing u8g2_font.o(i.u8g2_SetFontMode), (6 bytes).
    Removing u8g2_font.o(i.u8g2_SetFontPosBottom), (12 bytes).
    Removing u8g2_font.o(i.u8g2_SetFontPosCenter), (12 bytes).
    Removing u8g2_font.o(i.u8g2_SetFontPosTop), (12 bytes).
    Removing u8g2_font.o(i.u8g2_SetFontRefHeightAll), (18 bytes).
    Removing u8g2_font.o(i.u8g2_SetFontRefHeightExtendedText), (18 bytes).
    Removing u8g2_font.o(i.u8g2_SetFontRefHeightText), (18 bytes).
    Removing u8g2_font.o(i.u8g2_add_vector_x), (42 bytes).
    Removing u8g2_font.o(i.u8g2_add_vector_y), (42 bytes).
    Removing u8g2_font.o(i.u8g2_draw_string), (144 bytes).
    Removing u8g2_font.o(i.u8g2_draw_string_2x), (94 bytes).
    Removing u8g2_font.o(i.u8g2_font_2x_decode_glyph), (246 bytes).
    Removing u8g2_font.o(i.u8g2_font_2x_decode_len), (212 bytes).
    Removing u8g2_font.o(i.u8g2_font_2x_draw_glyph), (58 bytes).
    Removing u8g2_font.o(i.u8g2_font_calc_vref_bottom), (10 bytes).
    Removing u8g2_font.o(i.u8g2_font_calc_vref_center), (32 bytes).
    Removing u8g2_font.o(i.u8g2_font_calc_vref_top), (14 bytes).
    Removing u8g2_font.o(i.u8g2_font_decode_get_signed_bits), (36 bytes).
    Removing u8g2_font.o(i.u8g2_font_decode_get_unsigned_bits), (66 bytes).
    Removing u8g2_font.o(i.u8g2_font_decode_glyph), (386 bytes).
    Removing u8g2_font.o(i.u8g2_font_decode_len), (176 bytes).
    Removing u8g2_font.o(i.u8g2_font_draw_glyph), (58 bytes).
    Removing u8g2_font.o(i.u8g2_font_get_glyph_data), (146 bytes).
    Removing u8g2_font.o(i.u8g2_font_setup_decode), (64 bytes).
    Removing u8g2_font.o(i.u8g2_is_all_valid), (64 bytes).
    Removing u8g2_font.o(i.u8g2_string_width), (138 bytes).
    Removing u8g2_hvline.o(i.u8g2_DrawHLine), (28 bytes).
    Removing u8g2_hvline.o(i.u8g2_DrawPixel), (68 bytes).
    Removing u8g2_hvline.o(i.u8g2_DrawVLine), (28 bytes).
    Removing u8g2_hvline.o(i.u8g2_SetDrawColor), (16 bytes).
    Removing u8g2_input_value.o(i.u8g2_UserInterfaceInputValue), (392 bytes).
    Removing u8g2_kerning.o(i.u8g2_GetKerning), (112 bytes).
    Removing u8g2_kerning.o(i.u8g2_GetKerningByTable), (68 bytes).
    Removing u8g2_line.o(i.u8g2_DrawLine), (214 bytes).
    Removing u8g2_ll_hvline.o(i.u8g2_ll_hvline_horizontal_right_lsb), (190 bytes).
    Removing u8g2_message.o(i.u8g2_UserInterfaceMessage), (368 bytes).
    Removing u8g2_message.o(i.u8g2_draw_button_line), (190 bytes).
    Removing u8g2_polygon.o(i.pg_AddPolygonXY), (28 bytes).
    Removing u8g2_polygon.o(i.pg_ClearPolygonXY), (6 bytes).
    Removing u8g2_polygon.o(i.pg_DrawPolygon), (28 bytes).
    Removing u8g2_polygon.o(i.pg_dec), (22 bytes).
    Removing u8g2_polygon.o(i.pg_exec), (110 bytes).
    Removing u8g2_polygon.o(i.pg_expand_min_y), (84 bytes).
    Removing u8g2_polygon.o(i.pg_hline), (164 bytes).
    Removing u8g2_polygon.o(i.pg_inc), (18 bytes).
    Removing u8g2_polygon.o(i.pg_line_init), (78 bytes).
    Removing u8g2_polygon.o(i.pg_prepare), (192 bytes).
    Removing u8g2_polygon.o(i.pge_Init), (90 bytes).
    Removing u8g2_polygon.o(i.pge_Next), (78 bytes).
    Removing u8g2_polygon.o(i.u8g2_AddPolygonXY), (24 bytes).
    Removing u8g2_polygon.o(i.u8g2_ClearPolygonXY), (16 bytes).
    Removing u8g2_polygon.o(i.u8g2_DrawPolygon), (20 bytes).
    Removing u8g2_polygon.o(i.u8g2_DrawTriangle), (64 bytes).
    Removing u8g2_polygon.o(.bss), (76 bytes).
    Removing u8g2_selection_list.o(i.u8g2_DrawSelectionList), (52 bytes).
    Removing u8g2_selection_list.o(i.u8g2_DrawUTF8Line), (252 bytes).
    Removing u8g2_selection_list.o(i.u8g2_DrawUTF8Lines), (88 bytes).
    Removing u8g2_selection_list.o(i.u8g2_UserInterfaceSelectionList), (352 bytes).
    Removing u8g2_selection_list.o(i.u8g2_draw_selection_list_line), (96 bytes).
    Removing u8g2_setup.o(i.u8g2_SendF), (30 bytes).
    Removing u8g2_setup.o(i.u8g2_SetClipWindow), (42 bytes).
    Removing u8g2_setup.o(i.u8g2_SetDisplayRotation), (26 bytes).
    Removing u8g2_setup.o(i.u8g2_Setup_null), (56 bytes).
    Removing u8g2_setup.o(.data), (8 bytes).
    Removing u8log.o(i.u8log_Init), (36 bytes).
    Removing u8log.o(i.u8log_SetCallback), (6 bytes).
    Removing u8log.o(i.u8log_SetLineHeightOffset), (4 bytes).
    Removing u8log.o(i.u8log_SetRedrawMode), (4 bytes).
    Removing u8log.o(i.u8log_WriteChar), (40 bytes).
    Removing u8log.o(i.u8log_WriteDec16), (32 bytes).
    Removing u8log.o(i.u8log_WriteDec8), (32 bytes).
    Removing u8log.o(i.u8log_WriteHex16), (24 bytes).
    Removing u8log.o(i.u8log_WriteHex32), (24 bytes).
    Removing u8log.o(i.u8log_WriteHex8), (24 bytes).
    Removing u8log.o(i.u8log_WriteHexHalfByte), (42 bytes).
    Removing u8log.o(i.u8log_WriteString), (26 bytes).
    Removing u8log.o(i.u8log_clear_screen), (26 bytes).
    Removing u8log.o(i.u8log_cursor_on_screen), (46 bytes).
    Removing u8log.o(i.u8log_scroll_up), (72 bytes).
    Removing u8log.o(i.u8log_write_char), (120 bytes).
    Removing u8log.o(i.u8log_write_to_screen), (46 bytes).
    Removing u8log_u8g2.o(i.u8g2_DrawLog), (114 bytes).
    Removing u8log_u8g2.o(i.u8log_u8g2_cb), (50 bytes).
    Removing u8log_u8x8.o(i.u8log_u8x8_cb), (44 bytes).
    Removing u8log_u8x8.o(i.u8x8_DrawLog), (48 bytes).
    Removing u8log_u8x8.o(i.u8x8_DrawLogLine), (60 bytes).
    Removing u8x8_8x8.o(i.u8x8_Draw1x2Glyph), (96 bytes).
    Removing u8x8_8x8.o(i.u8x8_Draw1x2String), (36 bytes).
    Removing u8x8_8x8.o(i.u8x8_Draw1x2UTF8), (36 bytes).
    Removing u8x8_8x8.o(i.u8x8_Draw2x2Glyph), (104 bytes).
    Removing u8x8_8x8.o(i.u8x8_Draw2x2String), (36 bytes).
    Removing u8x8_8x8.o(i.u8x8_Draw2x2UTF8), (36 bytes).
    Removing u8x8_8x8.o(i.u8x8_DrawGlyph), (106 bytes).
    Removing u8x8_8x8.o(i.u8x8_DrawString), (36 bytes).
    Removing u8x8_8x8.o(i.u8x8_DrawUTF8), (36 bytes).
    Removing u8x8_8x8.o(i.u8x8_GetUTF8Len), (58 bytes).
    Removing u8x8_8x8.o(i.u8x8_SetFont), (4 bytes).
    Removing u8x8_8x8.o(i.u8x8_ascii_next), (18 bytes).
    Removing u8x8_8x8.o(i.u8x8_draw_1x2_string), (96 bytes).
    Removing u8x8_8x8.o(i.u8x8_draw_1x2_subglyph), (102 bytes).
    Removing u8x8_8x8.o(i.u8x8_draw_2x2_string), (104 bytes).
    Removing u8x8_8x8.o(i.u8x8_draw_2x2_subglyph), (172 bytes).
    Removing u8x8_8x8.o(i.u8x8_draw_string), (96 bytes).
    Removing u8x8_8x8.o(i.u8x8_get_glyph_data), (202 bytes).
    Removing u8x8_8x8.o(i.u8x8_upscale_buf), (28 bytes).
    Removing u8x8_8x8.o(i.u8x8_upscale_byte), (42 bytes).
    Removing u8x8_8x8.o(i.u8x8_utf8_init), (8 bytes).
    Removing u8x8_8x8.o(i.u8x8_utf8_next), (156 bytes).
    Removing u8x8_byte.o(i.u8x8_byte_3wire_sw_spi), (304 bytes).
    Removing u8x8_byte.o(i.u8x8_byte_4wire_sw_spi), (288 bytes).
    Removing u8x8_byte.o(i.u8x8_byte_8bit_6800mode), (248 bytes).
    Removing u8x8_byte.o(i.u8x8_byte_8bit_8080mode), (248 bytes).
    Removing u8x8_byte.o(i.u8x8_byte_SetDC), (20 bytes).
    Removing u8x8_byte.o(i.u8x8_byte_empty), (46 bytes).
    Removing u8x8_byte.o(i.u8x8_byte_ks0108), (240 bytes).
    Removing u8x8_byte.o(i.u8x8_byte_sed1520), (240 bytes).
    Removing u8x8_byte.o(i.u8x8_byte_set_ks0108_cs), (48 bytes).
    Removing u8x8_byte.o(.data), (2 bytes).
    Removing u8x8_cad.o(i.u8x8_SendF), (30 bytes).
    Removing u8x8_cad.o(i.u8x8_cad_001), (108 bytes).
    Removing u8x8_cad.o(i.u8x8_cad_011), (108 bytes).
    Removing u8x8_cad.o(i.u8x8_cad_011_ssd13xx_i2c), (174 bytes).
    Removing u8x8_cad.o(i.u8x8_cad_100), (108 bytes).
    Removing u8x8_cad.o(i.u8x8_cad_110), (108 bytes).
    Removing u8x8_cad.o(i.u8x8_cad_SendMultipleArg), (38 bytes).
    Removing u8x8_cad.o(i.u8x8_cad_empty), (84 bytes).
    Removing u8x8_cad.o(i.u8x8_cad_ld7032_i2c), (208 bytes).
    Removing u8x8_cad.o(i.u8x8_cad_ssd13xx_i2c), (146 bytes).
    Removing u8x8_cad.o(i.u8x8_cad_st75256_i2c), (174 bytes).
    Removing u8x8_cad.o(i.u8x8_cad_st7920_spi), (288 bytes).
    Removing u8x8_cad.o(i.u8x8_cad_uc1638_i2c), (396 bytes).
    Removing u8x8_cad.o(i.u8x8_cad_uc16xx_i2c), (308 bytes).
    Removing u8x8_cad.o(i.u8x8_cad_vsendf), (100 bytes).
    Removing u8x8_cad.o(i.u8x8_gu800_cad_110), (166 bytes).
    Removing u8x8_cad.o(.bss), (16 bytes).
    Removing u8x8_capture.o(i.u8x8_capture_get_pixel_1), (44 bytes).
    Removing u8x8_capture.o(i.u8x8_capture_get_pixel_2), (38 bytes).
    Removing u8x8_capture.o(i.u8x8_capture_write_pbm_buffer), (100 bytes).
    Removing u8x8_capture.o(i.u8x8_capture_write_pbm_pre), (56 bytes).
    Removing u8x8_capture.o(i.u8x8_capture_write_xbm_buffer), (268 bytes).
    Removing u8x8_capture.o(i.u8x8_capture_write_xbm_pre), (140 bytes).
    Removing u8x8_debounce.o(i.u8x8_GetMenuEvent), (150 bytes).
    Removing u8x8_debounce.o(i.u8x8_find_first_diff), (44 bytes).
    Removing u8x8_debounce.o(i.u8x8_read_pin_state), (56 bytes).
    Removing u8x8_display.o(i.u8x8_ClearDisplay), (20 bytes).
    Removing u8x8_display.o(i.u8x8_ClearDisplayWithTile), (72 bytes).
    Removing u8x8_display.o(i.u8x8_ClearLine), (56 bytes).
    Removing u8x8_display.o(i.u8x8_FillDisplay), (32 bytes).
    Removing u8x8_display.o(i.u8x8_InitInterface), (30 bytes).
    Removing u8x8_display.o(i.u8x8_SetContrast), (20 bytes).
    Removing u8x8_display.o(i.u8x8_SetFlipMode), (20 bytes).
    Removing u8x8_fonts.o(.constdata), (487478 bytes).
    Removing u8x8_input_value.o(i.u8x8_UserInterfaceInputValue), (372 bytes).
    Removing u8x8_message.o(i.u8x8_UserInterfaceMessage), (298 bytes).
    Removing u8x8_message.o(i.u8x8_draw_button_line), (188 bytes).
    Removing u8x8_selection_list.o(i.u8sl_Next), (48 bytes).
    Removing u8x8_selection_list.o(i.u8sl_Prev), (52 bytes).
    Removing u8x8_selection_list.o(i.u8x8_DrawSelectionList), (44 bytes).
    Removing u8x8_selection_list.o(i.u8x8_UserInterfaceSelectionList), (244 bytes).
    Removing u8x8_selection_list.o(i.u8x8_sl_string_line_cb), (100 bytes).
    Removing u8x8_setup.o(i.u8x8_d_null_cb), (52 bytes).
    Removing u8x8_setup.o(.constdata), (24 bytes).
    Removing u8x8_string.o(i.u8x8_CopyStringLine), (58 bytes).
    Removing u8x8_string.o(i.u8x8_DrawUTF8Line), (136 bytes).
    Removing u8x8_string.o(i.u8x8_DrawUTF8Lines), (68 bytes).
    Removing u8x8_string.o(i.u8x8_GetStringLineCnt), (36 bytes).
    Removing u8x8_string.o(i.u8x8_GetStringLineStart), (46 bytes).
    Removing u8x8_u8toa.o(i.u8x8_s8toa), (84 bytes).
    Removing u8x8_u8toa.o(i.u8x8_u8toa), (28 bytes).
    Removing u8x8_u8toa.o(i.u8x8_u8toap), (48 bytes).
    Removing u8x8_u8toa.o(i.u8x8_u8tox), (100 bytes).
    Removing u8x8_u8toa.o(.constdata), (3 bytes).
    Removing u8x8_u8toa.o(.data), (12 bytes).
    Removing u8x8_u16toa.o(i.u8x8_u16toa), (28 bytes).
    Removing u8x8_u16toa.o(i.u8x8_u16toap), (50 bytes).
    Removing u8x8_u16toa.o(i.u8x8_utoa), (34 bytes).
    Removing u8x8_u16toa.o(.data), (6 bytes).
    Removing u8x8_d_ssd1306_128x64_noname.o(i.u8x8_d_sh1106_128x64_noname), (84 bytes).
    Removing u8x8_d_ssd1306_128x64_noname.o(i.u8x8_d_sh1106_128x64_vcomh0), (84 bytes).
    Removing u8x8_d_ssd1306_128x64_noname.o(i.u8x8_d_sh1106_128x64_winstar), (84 bytes).
    Removing u8x8_d_ssd1306_128x64_noname.o(i.u8x8_d_ssd1306_128x64_alt0), (84 bytes).
    Removing u8x8_d_ssd1306_128x64_noname.o(i.u8x8_d_ssd1306_128x64_vcomh0), (84 bytes).
    Removing u8x8_d_ssd1306_128x64_noname.o(i.u8x8_d_ssd1312_128x64_noname), (132 bytes).

848 unused section(s) (total 541345 bytes) removed from the image.

==============================================================================

Image Symbol Table

    Local Symbols

    Symbol Name                              Value     Ov Type        Size  Object(Section)

    ../clib/microlib/init/entry.s            0x00000000   Number         0  entry10b.o ABSOLUTE
    ../clib/microlib/init/entry.s            0x00000000   Number         0  entry8b.o ABSOLUTE
    ../clib/microlib/init/entry.s            0x00000000   Number         0  entry9b.o ABSOLUTE
    ../clib/microlib/init/entry.s            0x00000000   Number         0  entry9a.o ABSOLUTE
    ../clib/microlib/init/entry.s            0x00000000   Number         0  entry8a.o ABSOLUTE
    ../clib/microlib/init/entry.s            0x00000000   Number         0  entry7b.o ABSOLUTE
    ../clib/microlib/init/entry.s            0x00000000   Number         0  entry7a.o ABSOLUTE
    ../clib/microlib/init/entry.s            0x00000000   Number         0  entry11a.o ABSOLUTE
    ../clib/microlib/init/entry.s            0x00000000   Number         0  entry11b.o ABSOLUTE
    ../clib/microlib/init/entry.s            0x00000000   Number         0  entry5.o ABSOLUTE
    ../clib/microlib/init/entry.s            0x00000000   Number         0  entry2.o ABSOLUTE
    ../clib/microlib/init/entry.s            0x00000000   Number         0  entry10a.o ABSOLUTE
    ../clib/microlib/init/entry.s            0x00000000   Number         0  entry.o ABSOLUTE
    ../clib/microlib/string/memcpy.c         0x00000000   Number         0  memcpya.o ABSOLUTE
    ../clib/microlib/string/memcpy.c         0x00000000   Number         0  memcpyb.o ABSOLUTE
    ../clib/microlib/string/memset.c         0x00000000   Number         0  memseta.o ABSOLUTE
    ..\..\..\..\..\u8g2-master\csrc\u8x8_d_ssd1306_128x64_noname.c 0x00000000   Number         0  u8x8_d_ssd1306_128x64_noname.o ABSOLUTE
    ..\CMSIS\core_cm3.c                      0x00000000   Number         0  core_cm3.o ABSOLUTE
    ..\CMSIS\startup_stm32f10x_hd.s          0x00000000   Number         0  startup_stm32f10x_hd.o ABSOLUTE
    ..\DRIVE\GPIO.c                          0x00000000   Number         0  gpio.o ABSOLUTE
    ..\DRIVE\RCC.c                           0x00000000   Number         0  rcc.o ABSOLUTE
    ..\DRIVE\USART.c                         0x00000000   Number         0  usart.o ABSOLUTE
    ..\FWLIB\src\misc.c                      0x00000000   Number         0  misc.o ABSOLUTE
    ..\FWLIB\src\stm32f10x_adc.c             0x00000000   Number         0  stm32f10x_adc.o ABSOLUTE
    ..\FWLIB\src\stm32f10x_bkp.c             0x00000000   Number         0  stm32f10x_bkp.o ABSOLUTE
    ..\FWLIB\src\stm32f10x_can.c             0x00000000   Number         0  stm32f10x_can.o ABSOLUTE
    ..\FWLIB\src\stm32f10x_cec.c             0x00000000   Number         0  stm32f10x_cec.o ABSOLUTE
    ..\FWLIB\src\stm32f10x_crc.c             0x00000000   Number         0  stm32f10x_crc.o ABSOLUTE
    ..\FWLIB\src\stm32f10x_dac.c             0x00000000   Number         0  stm32f10x_dac.o ABSOLUTE
    ..\FWLIB\src\stm32f10x_dbgmcu.c          0x00000000   Number         0  stm32f10x_dbgmcu.o ABSOLUTE
    ..\FWLIB\src\stm32f10x_dma.c             0x00000000   Number         0  stm32f10x_dma.o ABSOLUTE
    ..\FWLIB\src\stm32f10x_exti.c            0x00000000   Number         0  stm32f10x_exti.o ABSOLUTE
    ..\FWLIB\src\stm32f10x_flash.c           0x00000000   Number         0  stm32f10x_flash.o ABSOLUTE
    ..\FWLIB\src\stm32f10x_fsmc.c            0x00000000   Number         0  stm32f10x_fsmc.o ABSOLUTE
    ..\FWLIB\src\stm32f10x_gpio.c            0x00000000   Number         0  stm32f10x_gpio.o ABSOLUTE
    ..\FWLIB\src\stm32f10x_i2c.c             0x00000000   Number         0  stm32f10x_i2c.o ABSOLUTE
    ..\FWLIB\src\stm32f10x_iwdg.c            0x00000000   Number         0  stm32f10x_iwdg.o ABSOLUTE
    ..\FWLIB\src\stm32f10x_pwr.c             0x00000000   Number         0  stm32f10x_pwr.o ABSOLUTE
    ..\FWLIB\src\stm32f10x_rcc.c             0x00000000   Number         0  stm32f10x_rcc.o ABSOLUTE
    ..\FWLIB\src\stm32f10x_rtc.c             0x00000000   Number         0  stm32f10x_rtc.o ABSOLUTE
    ..\FWLIB\src\stm32f10x_sdio.c            0x00000000   Number         0  stm32f10x_sdio.o ABSOLUTE
    ..\FWLIB\src\stm32f10x_spi.c             0x00000000   Number         0  stm32f10x_spi.o ABSOLUTE
    ..\FWLIB\src\stm32f10x_tim.c             0x00000000   Number         0  stm32f10x_tim.o ABSOLUTE
    ..\FWLIB\src\stm32f10x_usart.c           0x00000000   Number         0  stm32f10x_usart.o ABSOLUTE
    ..\FWLIB\src\stm32f10x_wwdg.c            0x00000000   Number         0  stm32f10x_wwdg.o ABSOLUTE
    ..\USER\main.c                           0x00000000   Number         0  main.o ABSOLUTE
    ..\USER\stm32f10x_it.c                   0x00000000   Number         0  stm32f10x_it.o ABSOLUTE
    ..\USER\system_stm32f10x.c               0x00000000   Number         0  system_stm32f10x.o ABSOLUTE
    ..\\CMSIS\\core_cm3.c                    0x00000000   Number         0  core_cm3.o ABSOLUTE
    ..\u8g2\mui.c                            0x00000000   Number         0  mui.o ABSOLUTE
    ..\u8g2\mui_u8g2.c                       0x00000000   Number         0  mui_u8g2.o ABSOLUTE
    ..\u8g2\u8g2_arc.c                       0x00000000   Number         0  u8g2_arc.o ABSOLUTE
    ..\u8g2\u8g2_bitmap.c                    0x00000000   Number         0  u8g2_bitmap.o ABSOLUTE
    ..\u8g2\u8g2_box.c                       0x00000000   Number         0  u8g2_box.o ABSOLUTE
    ..\u8g2\u8g2_buffer.c                    0x00000000   Number         0  u8g2_buffer.o ABSOLUTE
    ..\u8g2\u8g2_button.c                    0x00000000   Number         0  u8g2_button.o ABSOLUTE
    ..\u8g2\u8g2_circle.c                    0x00000000   Number         0  u8g2_circle.o ABSOLUTE
    ..\u8g2\u8g2_cleardisplay.c              0x00000000   Number         0  u8g2_cleardisplay.o ABSOLUTE
    ..\u8g2\u8g2_d_memory.c                  0x00000000   Number         0  u8g2_d_memory.o ABSOLUTE
    ..\u8g2\u8g2_d_setup.c                   0x00000000   Number         0  u8g2_d_setup.o ABSOLUTE
    ..\u8g2\u8g2_font.c                      0x00000000   Number         0  u8g2_font.o ABSOLUTE
    ..\u8g2\u8g2_fonts.c                     0x00000000   Number         0  u8g2_fonts.o ABSOLUTE
    ..\u8g2\u8g2_hvline.c                    0x00000000   Number         0  u8g2_hvline.o ABSOLUTE
    ..\u8g2\u8g2_input_value.c               0x00000000   Number         0  u8g2_input_value.o ABSOLUTE
    ..\u8g2\u8g2_intersection.c              0x00000000   Number         0  u8g2_intersection.o ABSOLUTE
    ..\u8g2\u8g2_kerning.c                   0x00000000   Number         0  u8g2_kerning.o ABSOLUTE
    ..\u8g2\u8g2_line.c                      0x00000000   Number         0  u8g2_line.o ABSOLUTE
    ..\u8g2\u8g2_ll_hvline.c                 0x00000000   Number         0  u8g2_ll_hvline.o ABSOLUTE
    ..\u8g2\u8g2_message.c                   0x00000000   Number         0  u8g2_message.o ABSOLUTE
    ..\u8g2\u8g2_polygon.c                   0x00000000   Number         0  u8g2_polygon.o ABSOLUTE
    ..\u8g2\u8g2_selection_list.c            0x00000000   Number         0  u8g2_selection_list.o ABSOLUTE
    ..\u8g2\u8g2_setup.c                     0x00000000   Number         0  u8g2_setup.o ABSOLUTE
    ..\u8g2\u8log.c                          0x00000000   Number         0  u8log.o ABSOLUTE
    ..\u8g2\u8log_u8g2.c                     0x00000000   Number         0  u8log_u8g2.o ABSOLUTE
    ..\u8g2\u8log_u8x8.c                     0x00000000   Number         0  u8log_u8x8.o ABSOLUTE
    ..\u8g2\u8x8_8x8.c                       0x00000000   Number         0  u8x8_8x8.o ABSOLUTE
    ..\u8g2\u8x8_byte.c                      0x00000000   Number         0  u8x8_byte.o ABSOLUTE
    ..\u8g2\u8x8_cad.c                       0x00000000   Number         0  u8x8_cad.o ABSOLUTE
    ..\u8g2\u8x8_capture.c                   0x00000000   Number         0  u8x8_capture.o ABSOLUTE
    ..\u8g2\u8x8_debounce.c                  0x00000000   Number         0  u8x8_debounce.o ABSOLUTE
    ..\u8g2\u8x8_display.c                   0x00000000   Number         0  u8x8_display.o ABSOLUTE
    ..\u8g2\u8x8_fonts.c                     0x00000000   Number         0  u8x8_fonts.o ABSOLUTE
    ..\u8g2\u8x8_gpio.c                      0x00000000   Number         0  u8x8_gpio.o ABSOLUTE
    ..\u8g2\u8x8_input_value.c               0x00000000   Number         0  u8x8_input_value.o ABSOLUTE
    ..\u8g2\u8x8_message.c                   0x00000000   Number         0  u8x8_message.o ABSOLUTE
    ..\u8g2\u8x8_selection_list.c            0x00000000   Number         0  u8x8_selection_list.o ABSOLUTE
    ..\u8g2\u8x8_setup.c                     0x00000000   Number         0  u8x8_setup.o ABSOLUTE
    ..\u8g2\u8x8_string.c                    0x00000000   Number         0  u8x8_string.o ABSOLUTE
    ..\u8g2\u8x8_u16toa.c                    0x00000000   Number         0  u8x8_u16toa.o ABSOLUTE
    ..\u8g2\u8x8_u8toa.c                     0x00000000   Number         0  u8x8_u8toa.o ABSOLUTE
    dc.s                                     0x00000000   Number         0  dc.o ABSOLUTE
    handlers.s                               0x00000000   Number         0  handlers.o ABSOLUTE
    init.s                                   0x00000000   Number         0  init.o ABSOLUTE
    RESET                                    0x08000000   Section      304  startup_stm32f10x_hd.o(RESET)
    .ARM.Collect$$$$00000000                 0x08000130   Section        0  entry.o(.ARM.Collect$$$$00000000)
    .ARM.Collect$$$$00000001                 0x08000130   Section        4  entry2.o(.ARM.Collect$$$$00000001)
    .ARM.Collect$$$$00000004                 0x08000134   Section        4  entry5.o(.ARM.Collect$$$$00000004)
    .ARM.Collect$$$$00000008                 0x08000138   Section        0  entry7b.o(.ARM.Collect$$$$00000008)
    .ARM.Collect$$$$0000000A                 0x08000138   Section        0  entry8b.o(.ARM.Collect$$$$0000000A)
    .ARM.Collect$$$$0000000B                 0x08000138   Section        8  entry9a.o(.ARM.Collect$$$$0000000B)
    .ARM.Collect$$$$0000000D                 0x08000140   Section        0  entry10a.o(.ARM.Collect$$$$0000000D)
    .ARM.Collect$$$$0000000F                 0x08000140   Section        0  entry11a.o(.ARM.Collect$$$$0000000F)
    .ARM.Collect$$$$00002712                 0x08000140   Section        4  entry2.o(.ARM.Collect$$$$00002712)
    __lit__00000000                          0x08000140   Data           4  entry2.o(.ARM.Collect$$$$00002712)
    .text                                    0x08000144   Section       36  startup_stm32f10x_hd.o(.text)
    .text                                    0x08000168   Section        0  memseta.o(.text)
    .text                                    0x0800018c   Section       36  init.o(.text)
    i.BusFault_Handler                       0x080001b0   Section        0  stm32f10x_it.o(i.BusFault_Handler)
    i.DebugMon_Handler                       0x080001b4   Section        0  stm32f10x_it.o(i.DebugMon_Handler)
    i.GPIO_Init                              0x080001b6   Section        0  stm32f10x_gpio.o(i.GPIO_Init)
    i.GPIO_ResetBits                         0x080002cc   Section        0  stm32f10x_gpio.o(i.GPIO_ResetBits)
    i.GPIO_SetBits                           0x080002d0   Section        0  stm32f10x_gpio.o(i.GPIO_SetBits)
    i.GPIO_clock_init                        0x080002d4   Section        0  gpio.o(i.GPIO_clock_init)
    i.GPIO_init                              0x080002f0   Section        0  gpio.o(i.GPIO_init)
    i.HardFault_Handler                      0x08000318   Section        0  stm32f10x_it.o(i.HardFault_Handler)
    i.MemManage_Handler                      0x0800031c   Section        0  stm32f10x_it.o(i.MemManage_Handler)
    i.NMI_Handler                            0x08000320   Section        0  stm32f10x_it.o(i.NMI_Handler)
    i.PendSV_Handler                         0x08000322   Section        0  stm32f10x_it.o(i.PendSV_Handler)
    i.RCC_APB2PeriphClockCmd                 0x08000324   Section        0  stm32f10x_rcc.o(i.RCC_APB2PeriphClockCmd)
    i.RCC_init                               0x08000344   Section        0  rcc.o(i.RCC_init)
    i.SVC_Handler                            0x08000394   Section        0  stm32f10x_it.o(i.SVC_Handler)
    i.SetSysClock                            0x08000396   Section        0  system_stm32f10x.o(i.SetSysClock)
    SetSysClock                              0x08000397   Thumb Code     8  system_stm32f10x.o(i.SetSysClock)
    i.SetSysClockTo72                        0x080003a0   Section        0  system_stm32f10x.o(i.SetSysClockTo72)
    SetSysClockTo72                          0x080003a1   Thumb Code   214  system_stm32f10x.o(i.SetSysClockTo72)
    i.SysTick_Handler                        0x08000480   Section        0  stm32f10x_it.o(i.SysTick_Handler)
    i.SystemInit                             0x08000484   Section        0  system_stm32f10x.o(i.SystemInit)
    i.Systick_ms                             0x080004e4   Section        0  rcc.o(i.Systick_ms)
    i.Systick_us                             0x080004fa   Section        0  rcc.o(i.Systick_us)
    i.USART1_init                            0x0800054c   Section        0  usart.o(i.USART1_init)
    i.UsageFault_Handler                     0x080005c4   Section        0  stm32f10x_it.o(i.UsageFault_Handler)
    i.__scatterload_copy                     0x080005c8   Section       14  handlers.o(i.__scatterload_copy)
    i.__scatterload_null                     0x080005d6   Section        2  handlers.o(i.__scatterload_null)
    i.__scatterload_zeroinit                 0x080005d8   Section       14  handlers.o(i.__scatterload_zeroinit)
    i.i2c_clear_scl                          0x080005e6   Section        0  u8x8_byte.o(i.i2c_clear_scl)
    i2c_clear_scl                            0x080005e7   Thumb Code    16  u8x8_byte.o(i.i2c_clear_scl)
    i.i2c_clear_sda                          0x080005f6   Section        0  u8x8_byte.o(i.i2c_clear_sda)
    i2c_clear_sda                            0x080005f7   Thumb Code    16  u8x8_byte.o(i.i2c_clear_sda)
    i.i2c_delay                              0x08000606   Section        0  u8x8_byte.o(i.i2c_delay)
    i2c_delay                                0x08000607   Thumb Code    18  u8x8_byte.o(i.i2c_delay)
    i.i2c_init                               0x08000618   Section        0  u8x8_byte.o(i.i2c_init)
    i2c_init                                 0x08000619   Thumb Code    32  u8x8_byte.o(i.i2c_init)
    i.i2c_read_bit                           0x08000638   Section        0  u8x8_byte.o(i.i2c_read_bit)
    i2c_read_bit                             0x08000639   Thumb Code    42  u8x8_byte.o(i.i2c_read_bit)
    i.i2c_read_scl_and_delay                 0x08000662   Section        0  u8x8_byte.o(i.i2c_read_scl_and_delay)
    i2c_read_scl_and_delay                   0x08000663   Thumb Code    22  u8x8_byte.o(i.i2c_read_scl_and_delay)
    i.i2c_read_sda                           0x08000678   Section        0  u8x8_byte.o(i.i2c_read_sda)
    i2c_read_sda                             0x08000679   Thumb Code    16  u8x8_byte.o(i.i2c_read_sda)
    i.i2c_start                              0x08000688   Section        0  u8x8_byte.o(i.i2c_start)
    i2c_start                                0x08000689   Thumb Code    60  u8x8_byte.o(i.i2c_start)
    i.i2c_stop                               0x080006c4   Section        0  u8x8_byte.o(i.i2c_stop)
    i2c_stop                                 0x080006c5   Thumb Code    42  u8x8_byte.o(i.i2c_stop)
    i.i2c_write_bit                          0x080006ee   Section        0  u8x8_byte.o(i.i2c_write_bit)
    i2c_write_bit                            0x080006ef   Thumb Code    42  u8x8_byte.o(i.i2c_write_bit)
    i.i2c_write_byte                         0x08000718   Section        0  u8x8_byte.o(i.i2c_write_byte)
    i2c_write_byte                           0x08000719   Thumb Code    94  u8x8_byte.o(i.i2c_write_byte)
    i.main                                   0x08000776   Section        0  main.o(i.main)
    i.ssd1306_init                           0x0800078c   Section        0  main.o(i.ssd1306_init)
    i.u8g2_ClearBuffer                       0x080007c4   Section        0  u8g2_buffer.o(i.u8g2_ClearBuffer)
    i.u8g2_DrawHVLine                        0x080007de   Section        0  u8g2_hvline.o(i.u8g2_DrawHVLine)
    i.u8g2_DrawHXBM                          0x080008ba   Section        0  u8g2_bitmap.o(i.u8g2_DrawHXBM)
    i.u8g2_DrawXBM                           0x080009a2   Section        0  u8g2_bitmap.o(i.u8g2_DrawXBM)
    i.u8g2_IsIntersection                    0x080009fa   Section        0  u8g2_intersection.o(i.u8g2_IsIntersection)
    i.u8g2_SendBuffer                        0x08000a34   Section        0  u8g2_buffer.o(i.u8g2_SendBuffer)
    i.u8g2_SetFont                           0x08000a46   Section        0  u8g2_font.o(i.u8g2_SetFont)
    i.u8g2_SetFontPosBaseline                0x08000a68   Section        0  u8g2_font.o(i.u8g2_SetFontPosBaseline)
    i.u8g2_SetMaxClipWindow                  0x08000a74   Section        0  u8g2_setup.o(i.u8g2_SetMaxClipWindow)
    i.u8g2_SetupBuffer                       0x08000a94   Section        0  u8g2_setup.o(i.u8g2_SetupBuffer)
    i.u8g2_Setup_ssd1306_i2c_128x64_noname_f 0x08000af0   Section        0  u8g2_d_setup.o(i.u8g2_Setup_ssd1306_i2c_128x64_noname_f)
    i.u8g2_UpdateRefHeight                   0x08000b34   Section        0  u8g2_font.o(i.u8g2_UpdateRefHeight)
    i.u8g2_apply_clip_window                 0x08000bbc   Section        0  u8g2_setup.o(i.u8g2_apply_clip_window)
    u8g2_apply_clip_window                   0x08000bbd   Thumb Code   122  u8g2_setup.o(i.u8g2_apply_clip_window)
    i.u8g2_clip_intersection2                0x08000c36   Section        0  u8g2_hvline.o(i.u8g2_clip_intersection2)
    u8g2_clip_intersection2                  0x08000c37   Thumb Code    76  u8g2_hvline.o(i.u8g2_clip_intersection2)
    i.u8g2_draw_hv_line_2dir                 0x08000c82   Section        0  u8g2_hvline.o(i.u8g2_draw_hv_line_2dir)
    i.u8g2_draw_l90_mirrorr_r0               0x08000cae   Section        0  u8g2_setup.o(i.u8g2_draw_l90_mirrorr_r0)
    i.u8g2_draw_l90_r0                       0x08000cea   Section        0  u8g2_setup.o(i.u8g2_draw_l90_r0)
    i.u8g2_draw_l90_r1                       0x08000d0e   Section        0  u8g2_setup.o(i.u8g2_draw_l90_r1)
    i.u8g2_draw_l90_r2                       0x08000d52   Section        0  u8g2_setup.o(i.u8g2_draw_l90_r2)
    i.u8g2_draw_l90_r3                       0x08000da8   Section        0  u8g2_setup.o(i.u8g2_draw_l90_r3)
    i.u8g2_draw_mirror_vertical_r0           0x08000df8   Section        0  u8g2_setup.o(i.u8g2_draw_mirror_vertical_r0)
    i.u8g2_font_calc_vref_font               0x08000e34   Section        0  u8g2_font.o(i.u8g2_font_calc_vref_font)
    i.u8g2_font_get_byte                     0x08000e3a   Section        0  u8g2_font.o(i.u8g2_font_get_byte)
    u8g2_font_get_byte                       0x08000e3b   Thumb Code     8  u8g2_font.o(i.u8g2_font_get_byte)
    i.u8g2_font_get_word                     0x08000e42   Section        0  u8g2_font.o(i.u8g2_font_get_word)
    u8g2_font_get_word                       0x08000e43   Thumb Code    24  u8g2_font.o(i.u8g2_font_get_word)
    i.u8g2_init                              0x08000e5c   Section        0  main.o(i.u8g2_init)
    i.u8g2_is_intersection_decision_tree     0x08000eb8   Section        0  u8g2_intersection.o(i.u8g2_is_intersection_decision_tree)
    i.u8g2_ll_hvline_vertical_top_lsb        0x08000ee8   Section        0  u8g2_ll_hvline.o(i.u8g2_ll_hvline_vertical_top_lsb)
    i.u8g2_m_16_8_f                          0x08000fd8   Section        0  u8g2_d_memory.o(i.u8g2_m_16_8_f)
    i.u8g2_read_font_info                    0x08000fe8   Section        0  u8g2_font.o(i.u8g2_read_font_info)
    i.u8g2_send_buffer                       0x080010c8   Section        0  u8g2_buffer.o(i.u8g2_send_buffer)
    u8g2_send_buffer                         0x080010c9   Thumb Code    54  u8g2_buffer.o(i.u8g2_send_buffer)
    i.u8g2_send_tile_row                     0x080010fe   Section        0  u8g2_buffer.o(i.u8g2_send_tile_row)
    u8g2_send_tile_row                       0x080010ff   Thumb Code    54  u8g2_buffer.o(i.u8g2_send_tile_row)
    i.u8g2_update_dimension_common           0x08001134   Section        0  u8g2_setup.o(i.u8g2_update_dimension_common)
    u8g2_update_dimension_common             0x08001135   Thumb Code    96  u8g2_setup.o(i.u8g2_update_dimension_common)
    i.u8g2_update_dimension_r0               0x08001194   Section        0  u8g2_setup.o(i.u8g2_update_dimension_r0)
    i.u8g2_update_dimension_r1               0x080011a0   Section        0  u8g2_setup.o(i.u8g2_update_dimension_r1)
    i.u8g2_update_dimension_r2               0x080011bc   Section        0  u8g2_setup.o(i.u8g2_update_dimension_r2)
    i.u8g2_update_dimension_r3               0x080011c8   Section        0  u8g2_setup.o(i.u8g2_update_dimension_r3)
    i.u8g2_update_page_win_r0                0x080011e4   Section        0  u8g2_setup.o(i.u8g2_update_page_win_r0)
    i.u8g2_update_page_win_r1                0x08001204   Section        0  u8g2_setup.o(i.u8g2_update_page_win_r1)
    i.u8g2_update_page_win_r2                0x08001224   Section        0  u8g2_setup.o(i.u8g2_update_page_win_r2)
    i.u8g2_update_page_win_r3                0x08001260   Section        0  u8g2_setup.o(i.u8g2_update_page_win_r3)
    i.u8x8_DrawTile                          0x0800129c   Section        0  u8x8_display.o(i.u8x8_DrawTile)
    i.u8x8_InitDisplay                       0x080012ce   Section        0  u8x8_display.o(i.u8x8_InitDisplay)
    i.u8x8_RefreshDisplay                    0x080012e0   Section        0  u8x8_display.o(i.u8x8_RefreshDisplay)
    i.u8x8_SetPowerSave                      0x080012f2   Section        0  u8x8_display.o(i.u8x8_SetPowerSave)
    i.u8x8_Setup                             0x08001306   Section        0  u8x8_setup.o(i.u8x8_Setup)
    i.u8x8_SetupDefaults                     0x08001330   Section        0  u8x8_setup.o(i.u8x8_SetupDefaults)
    i.u8x8_SetupMemory                       0x0800135c   Section        0  u8x8_display.o(i.u8x8_SetupMemory)
    i.u8x8_byte_EndTransfer                  0x0800136e   Section        0  u8x8_byte.o(i.u8x8_byte_EndTransfer)
    i.u8x8_byte_SendByte                     0x08001380   Section        0  u8x8_byte.o(i.u8x8_byte_SendByte)
    i.u8x8_byte_SendBytes                    0x08001390   Section        0  u8x8_byte.o(i.u8x8_byte_SendBytes)
    i.u8x8_byte_StartTransfer                0x080013aa   Section        0  u8x8_byte.o(i.u8x8_byte_StartTransfer)
    i.u8x8_byte_sw_i2c                       0x080013bc   Section        0  u8x8_byte.o(i.u8x8_byte_sw_i2c)
    i.u8x8_cad_EndTransfer                   0x0800142a   Section        0  u8x8_cad.o(i.u8x8_cad_EndTransfer)
    i.u8x8_cad_SendArg                       0x0800143c   Section        0  u8x8_cad.o(i.u8x8_cad_SendArg)
    i.u8x8_cad_SendCmd                       0x08001450   Section        0  u8x8_cad.o(i.u8x8_cad_SendCmd)
    i.u8x8_cad_SendData                      0x08001464   Section        0  u8x8_cad.o(i.u8x8_cad_SendData)
    i.u8x8_cad_SendSequence                  0x0800147e   Section        0  u8x8_cad.o(i.u8x8_cad_SendSequence)
    i.u8x8_cad_StartTransfer                 0x080014fa   Section        0  u8x8_cad.o(i.u8x8_cad_StartTransfer)
    i.u8x8_cad_ssd13xx_fast_i2c              0x0800150c   Section        0  u8x8_cad.o(i.u8x8_cad_ssd13xx_fast_i2c)
    i.u8x8_d_helper_display_init             0x080015e0   Section        0  u8x8_display.o(i.u8x8_d_helper_display_init)
    i.u8x8_d_helper_display_setup_memory     0x08001640   Section        0  u8x8_display.o(i.u8x8_d_helper_display_setup_memory)
    i.u8x8_d_ssd1306_128x64_noname           0x0800164c   Section        0  u8x8_d_ssd1306_128x64_noname.o(i.u8x8_d_ssd1306_128x64_noname)
    i.u8x8_d_ssd1306_sh1106_generic          0x080016a0   Section        0  u8x8_d_ssd1306_128x64_noname.o(i.u8x8_d_ssd1306_sh1106_generic)
    u8x8_d_ssd1306_sh1106_generic            0x080016a1   Thumb Code   242  u8x8_d_ssd1306_128x64_noname.o(i.u8x8_d_ssd1306_sh1106_generic)
    i.u8x8_dummy_cb                          0x080017a4   Section        0  u8x8_setup.o(i.u8x8_dummy_cb)
    i.u8x8_gpio_and_delay                    0x080017ac   Section        0  main.o(i.u8x8_gpio_and_delay)
    i.u8x8_gpio_call                         0x08001878   Section        0  u8x8_gpio.o(i.u8x8_gpio_call)
    i.u8x8_i2c_data_transfer                 0x08001892   Section        0  u8x8_cad.o(i.u8x8_i2c_data_transfer)
    u8x8_i2c_data_transfer                   0x08001893   Thumb Code    46  u8x8_cad.o(i.u8x8_i2c_data_transfer)
    .constdata                               0x080018c0   Section      512  main.o(.constdata)
    bmp1                                     0x080018c0   Data         512  main.o(.constdata)
    .constdata                               0x08001ac0   Section     1782  u8g2_fonts.o(.constdata)
    .constdata                               0x080021b8   Section       72  u8g2_setup.o(.constdata)
    .constdata                               0x08002200   Section      344  u8x8_d_ssd1306_128x64_noname.o(.constdata)
    u8x8_d_ssd1306_128x64_noname_init_seq    0x08002200   Data          53  u8x8_d_ssd1306_128x64_noname.o(.constdata)
    u8x8_d_ssd1306_128x64_vcomh0_init_seq    0x08002235   Data          53  u8x8_d_ssd1306_128x64_noname.o(.constdata)
    u8x8_d_ssd1306_128x64_alt0_init_seq      0x0800226a   Data          53  u8x8_d_ssd1306_128x64_noname.o(.constdata)
    u8x8_d_sh1106_128x64_winstar_init_seq    0x0800229f   Data          45  u8x8_d_ssd1306_128x64_noname.o(.constdata)
    u8x8_d_ssd1312_128x64_noname_init_seq    0x080022cc   Data          53  u8x8_d_ssd1306_128x64_noname.o(.constdata)
    u8x8_d_ssd1306_128x64_noname_powersave0_seq 0x08002301   Data           5  u8x8_d_ssd1306_128x64_noname.o(.constdata)
    u8x8_d_ssd1306_128x64_noname_powersave1_seq 0x08002306   Data           5  u8x8_d_ssd1306_128x64_noname.o(.constdata)
    u8x8_d_ssd1306_128x64_noname_flip0_seq   0x0800230b   Data           7  u8x8_d_ssd1306_128x64_noname.o(.constdata)
    u8x8_d_ssd1306_128x64_noname_flip1_seq   0x08002312   Data           7  u8x8_d_ssd1306_128x64_noname.o(.constdata)
    u8x8_d_ssd1312_128x64_noname_flip0_seq   0x08002319   Data           7  u8x8_d_ssd1306_128x64_noname.o(.constdata)
    u8x8_d_ssd1312_128x64_noname_flip1_seq   0x08002320   Data           7  u8x8_d_ssd1306_128x64_noname.o(.constdata)
    u8x8_ssd1306_128x64_noname_display_info  0x08002328   Data          24  u8x8_d_ssd1306_128x64_noname.o(.constdata)
    u8x8_sh1106_128x64_noname_display_info   0x08002340   Data          24  u8x8_d_ssd1306_128x64_noname.o(.constdata)
    .data                                    0x20000000   Section        6  u8x8_cad.o(.data)
    in_transfer                              0x20000000   Data           1  u8x8_cad.o(.data)
    in_transfer                              0x20000001   Data           1  u8x8_cad.o(.data)
    in_transfer                              0x20000002   Data           1  u8x8_cad.o(.data)
    is_data                                  0x20000003   Data           1  u8x8_cad.o(.data)
    in_transfer                              0x20000004   Data           1  u8x8_cad.o(.data)
    is_data                                  0x20000005   Data           1  u8x8_cad.o(.data)
    .bss                                     0x20000008   Section     1024  u8g2_d_memory.o(.bss)
    buf                                      0x20000008   Data        1024  u8g2_d_memory.o(.bss)
    STACK                                    0x20000408   Section     1024  startup_stm32f10x_hd.o(STACK)

    Global Symbols

    Symbol Name                              Value     Ov Type        Size  Object(Section)

    BuildAttributes$$THM_ISAv4$P$D$K$B$S$PE$A:L22UL41UL21$X:L11$S22US41US21$IEEE1$IW$USESV6$~STKCKD$USESV7$~SHL$OSPACE$EBA8$MICROLIB$REQ8$PRES8$EABIv2 0x00000000   Number         0  anon$$obj.o ABSOLUTE
    __ARM_use_no_argv                        0x00000000   Number         0  main.o ABSOLUTE
    __cpp_initialize__aeabi_                  - Undefined Weak Reference
    __cxa_finalize                            - Undefined Weak Reference
    __decompress                              - Undefined Weak Reference
    _clock_init                               - Undefined Weak Reference
    _microlib_exit                            - Undefined Weak Reference
    __Vectors_Size                           0x00000130   Number         0  startup_stm32f10x_hd.o ABSOLUTE
    __Vectors                                0x08000000   Data           4  startup_stm32f10x_hd.o(RESET)
    __Vectors_End                            0x08000130   Data           0  startup_stm32f10x_hd.o(RESET)
    __main                                   0x08000131   Thumb Code     0  entry.o(.ARM.Collect$$$$00000000)
    _main_stk                                0x08000131   Thumb Code     0  entry2.o(.ARM.Collect$$$$00000001)
    _main_scatterload                        0x08000135   Thumb Code     0  entry5.o(.ARM.Collect$$$$00000004)
    __main_after_scatterload                 0x08000139   Thumb Code     0  entry5.o(.ARM.Collect$$$$00000004)
    _main_clock                              0x08000139   Thumb Code     0  entry7b.o(.ARM.Collect$$$$00000008)
    _main_cpp_init                           0x08000139   Thumb Code     0  entry8b.o(.ARM.Collect$$$$0000000A)
    _main_init                               0x08000139   Thumb Code     0  entry9a.o(.ARM.Collect$$$$0000000B)
    __rt_final_cpp                           0x08000141   Thumb Code     0  entry10a.o(.ARM.Collect$$$$0000000D)
    __rt_final_exit                          0x08000141   Thumb Code     0  entry11a.o(.ARM.Collect$$$$0000000F)
    Reset_Handler                            0x08000145   Thumb Code     8  startup_stm32f10x_hd.o(.text)
    ADC1_2_IRQHandler                        0x0800015f   Thumb Code     0  startup_stm32f10x_hd.o(.text)
    ADC3_IRQHandler                          0x0800015f   Thumb Code     0  startup_stm32f10x_hd.o(.text)
    CAN1_RX1_IRQHandler                      0x0800015f   Thumb Code     0  startup_stm32f10x_hd.o(.text)
    CAN1_SCE_IRQHandler                      0x0800015f   Thumb Code     0  startup_stm32f10x_hd.o(.text)
    DMA1_Channel1_IRQHandler                 0x0800015f   Thumb Code     0  startup_stm32f10x_hd.o(.text)
    DMA1_Channel2_IRQHandler                 0x0800015f   Thumb Code     0  startup_stm32f10x_hd.o(.text)
    DMA1_Channel3_IRQHandler                 0x0800015f   Thumb Code     0  startup_stm32f10x_hd.o(.text)
    DMA1_Channel4_IRQHandler                 0x0800015f   Thumb Code     0  startup_stm32f10x_hd.o(.text)
    DMA1_Channel5_IRQHandler                 0x0800015f   Thumb Code     0  startup_stm32f10x_hd.o(.text)
    DMA1_Channel6_IRQHandler                 0x0800015f   Thumb Code     0  startup_stm32f10x_hd.o(.text)
    DMA1_Channel7_IRQHandler                 0x0800015f   Thumb Code     0  startup_stm32f10x_hd.o(.text)
    DMA2_Channel1_IRQHandler                 0x0800015f   Thumb Code     0  startup_stm32f10x_hd.o(.text)
    DMA2_Channel2_IRQHandler                 0x0800015f   Thumb Code     0  startup_stm32f10x_hd.o(.text)
    DMA2_Channel3_IRQHandler                 0x0800015f   Thumb Code     0  startup_stm32f10x_hd.o(.text)
    DMA2_Channel4_5_IRQHandler               0x0800015f   Thumb Code     0  startup_stm32f10x_hd.o(.text)
    EXTI0_IRQHandler                         0x0800015f   Thumb Code     0  startup_stm32f10x_hd.o(.text)
    EXTI15_10_IRQHandler                     0x0800015f   Thumb Code     0  startup_stm32f10x_hd.o(.text)
    EXTI1_IRQHandler                         0x0800015f   Thumb Code     0  startup_stm32f10x_hd.o(.text)
    EXTI2_IRQHandler                         0x0800015f   Thumb Code     0  startup_stm32f10x_hd.o(.text)
    EXTI3_IRQHandler                         0x0800015f   Thumb Code     0  startup_stm32f10x_hd.o(.text)
    EXTI4_IRQHandler                         0x0800015f   Thumb Code     0  startup_stm32f10x_hd.o(.text)
    EXTI9_5_IRQHandler                       0x0800015f   Thumb Code     0  startup_stm32f10x_hd.o(.text)
    FLASH_IRQHandler                         0x0800015f   Thumb Code     0  startup_stm32f10x_hd.o(.text)
    FSMC_IRQHandler                          0x0800015f   Thumb Code     0  startup_stm32f10x_hd.o(.text)
    I2C1_ER_IRQHandler                       0x0800015f   Thumb Code     0  startup_stm32f10x_hd.o(.text)
    I2C1_EV_IRQHandler                       0x0800015f   Thumb Code     0  startup_stm32f10x_hd.o(.text)
    I2C2_ER_IRQHandler                       0x0800015f   Thumb Code     0  startup_stm32f10x_hd.o(.text)
    I2C2_EV_IRQHandler                       0x0800015f   Thumb Code     0  startup_stm32f10x_hd.o(.text)
    PVD_IRQHandler                           0x0800015f   Thumb Code     0  startup_stm32f10x_hd.o(.text)
    RCC_IRQHandler                           0x0800015f   Thumb Code     0  startup_stm32f10x_hd.o(.text)
    RTCAlarm_IRQHandler                      0x0800015f   Thumb Code     0  startup_stm32f10x_hd.o(.text)
    RTC_IRQHandler                           0x0800015f   Thumb Code     0  startup_stm32f10x_hd.o(.text)
    SDIO_IRQHandler                          0x0800015f   Thumb Code     0  startup_stm32f10x_hd.o(.text)
    SPI1_IRQHandler                          0x0800015f   Thumb Code     0  startup_stm32f10x_hd.o(.text)
    SPI2_IRQHandler                          0x0800015f   Thumb Code     0  startup_stm32f10x_hd.o(.text)
    SPI3_IRQHandler                          0x0800015f   Thumb Code     0  startup_stm32f10x_hd.o(.text)
    TAMPER_IRQHandler                        0x0800015f   Thumb Code     0  startup_stm32f10x_hd.o(.text)
    TIM1_BRK_IRQHandler                      0x0800015f   Thumb Code     0  startup_stm32f10x_hd.o(.text)
    TIM1_CC_IRQHandler                       0x0800015f   Thumb Code     0  startup_stm32f10x_hd.o(.text)
    TIM1_TRG_COM_IRQHandler                  0x0800015f   Thumb Code     0  startup_stm32f10x_hd.o(.text)
    TIM1_UP_IRQHandler                       0x0800015f   Thumb Code     0  startup_stm32f10x_hd.o(.text)
    TIM2_IRQHandler                          0x0800015f   Thumb Code     0  startup_stm32f10x_hd.o(.text)
    TIM3_IRQHandler                          0x0800015f   Thumb Code     0  startup_stm32f10x_hd.o(.text)
    TIM4_IRQHandler                          0x0800015f   Thumb Code     0  startup_stm32f10x_hd.o(.text)
    TIM5_IRQHandler                          0x0800015f   Thumb Code     0  startup_stm32f10x_hd.o(.text)
    TIM6_IRQHandler                          0x0800015f   Thumb Code     0  startup_stm32f10x_hd.o(.text)
    TIM7_IRQHandler                          0x0800015f   Thumb Code     0  startup_stm32f10x_hd.o(.text)
    TIM8_BRK_IRQHandler                      0x0800015f   Thumb Code     0  startup_stm32f10x_hd.o(.text)
    TIM8_CC_IRQHandler                       0x0800015f   Thumb Code     0  startup_stm32f10x_hd.o(.text)
    TIM8_TRG_COM_IRQHandler                  0x0800015f   Thumb Code     0  startup_stm32f10x_hd.o(.text)
    TIM8_UP_IRQHandler                       0x0800015f   Thumb Code     0  startup_stm32f10x_hd.o(.text)
    UART4_IRQHandler                         0x0800015f   Thumb Code     0  startup_stm32f10x_hd.o(.text)
    UART5_IRQHandler                         0x0800015f   Thumb Code     0  startup_stm32f10x_hd.o(.text)
    USART1_IRQHandler                        0x0800015f   Thumb Code     0  startup_stm32f10x_hd.o(.text)
    USART2_IRQHandler                        0x0800015f   Thumb Code     0  startup_stm32f10x_hd.o(.text)
    USART3_IRQHandler                        0x0800015f   Thumb Code     0  startup_stm32f10x_hd.o(.text)
    USBWakeUp_IRQHandler                     0x0800015f   Thumb Code     0  startup_stm32f10x_hd.o(.text)
    USB_HP_CAN1_TX_IRQHandler                0x0800015f   Thumb Code     0  startup_stm32f10x_hd.o(.text)
    USB_LP_CAN1_RX0_IRQHandler               0x0800015f   Thumb Code     0  startup_stm32f10x_hd.o(.text)
    WWDG_IRQHandler                          0x0800015f   Thumb Code     0  startup_stm32f10x_hd.o(.text)
    __aeabi_memset                           0x08000169   Thumb Code    14  memseta.o(.text)
    __aeabi_memset4                          0x08000169   Thumb Code     0  memseta.o(.text)
    __aeabi_memset8                          0x08000169   Thumb Code     0  memseta.o(.text)
    __aeabi_memclr                           0x08000177   Thumb Code     4  memseta.o(.text)
    __aeabi_memclr4                          0x08000177   Thumb Code     0  memseta.o(.text)
    __aeabi_memclr8                          0x08000177   Thumb Code     0  memseta.o(.text)
    _memset$wrapper                          0x0800017b   Thumb Code    18  memseta.o(.text)
    __scatterload                            0x0800018d   Thumb Code    28  init.o(.text)
    __scatterload_rt2                        0x0800018d   Thumb Code     0  init.o(.text)
    BusFault_Handler                         0x080001b1   Thumb Code     4  stm32f10x_it.o(i.BusFault_Handler)
    DebugMon_Handler                         0x080001b5   Thumb Code     2  stm32f10x_it.o(i.DebugMon_Handler)
    GPIO_Init                                0x080001b7   Thumb Code   278  stm32f10x_gpio.o(i.GPIO_Init)
    GPIO_ResetBits                           0x080002cd   Thumb Code     4  stm32f10x_gpio.o(i.GPIO_ResetBits)
    GPIO_SetBits                             0x080002d1   Thumb Code     4  stm32f10x_gpio.o(i.GPIO_SetBits)
    GPIO_clock_init                          0x080002d5   Thumb Code    24  gpio.o(i.GPIO_clock_init)
    GPIO_init                                0x080002f1   Thumb Code    34  gpio.o(i.GPIO_init)
    HardFault_Handler                        0x08000319   Thumb Code     4  stm32f10x_it.o(i.HardFault_Handler)
    MemManage_Handler                        0x0800031d   Thumb Code     4  stm32f10x_it.o(i.MemManage_Handler)
    NMI_Handler                              0x08000321   Thumb Code     2  stm32f10x_it.o(i.NMI_Handler)
    PendSV_Handler                           0x08000323   Thumb Code     2  stm32f10x_it.o(i.PendSV_Handler)
    RCC_APB2PeriphClockCmd                   0x08000325   Thumb Code    26  stm32f10x_rcc.o(i.RCC_APB2PeriphClockCmd)
    RCC_init                                 0x08000345   Thumb Code    74  rcc.o(i.RCC_init)
    SVC_Handler                              0x08000395   Thumb Code     2  stm32f10x_it.o(i.SVC_Handler)
    SysTick_Handler                          0x08000481   Thumb Code     2  stm32f10x_it.o(i.SysTick_Handler)
    SystemInit                               0x08000485   Thumb Code    78  system_stm32f10x.o(i.SystemInit)
    Systick_ms                               0x080004e5   Thumb Code    22  rcc.o(i.Systick_ms)
    Systick_us                               0x080004fb   Thumb Code    80  rcc.o(i.Systick_us)
    USART1_init                              0x0800054d   Thumb Code   104  usart.o(i.USART1_init)
    UsageFault_Handler                       0x080005c5   Thumb Code     4  stm32f10x_it.o(i.UsageFault_Handler)
    __scatterload_copy                       0x080005c9   Thumb Code    14  handlers.o(i.__scatterload_copy)
    __scatterload_null                       0x080005d7   Thumb Code     2  handlers.o(i.__scatterload_null)
    __scatterload_zeroinit                   0x080005d9   Thumb Code    14  handlers.o(i.__scatterload_zeroinit)
    main                                     0x08000777   Thumb Code    20  main.o(i.main)
    ssd1306_init                             0x0800078d   Thumb Code    48  main.o(i.ssd1306_init)
    u8g2_ClearBuffer                         0x080007c5   Thumb Code    26  u8g2_buffer.o(i.u8g2_ClearBuffer)
    u8g2_DrawHVLine                          0x080007df   Thumb Code   220  u8g2_hvline.o(i.u8g2_DrawHVLine)
    u8g2_DrawHXBM                            0x080008bb   Thumb Code   232  u8g2_bitmap.o(i.u8g2_DrawHXBM)
    u8g2_DrawXBM                             0x080009a3   Thumb Code    88  u8g2_bitmap.o(i.u8g2_DrawXBM)
    u8g2_IsIntersection                      0x080009fb   Thumb Code    58  u8g2_intersection.o(i.u8g2_IsIntersection)
    u8g2_SendBuffer                          0x08000a35   Thumb Code    18  u8g2_buffer.o(i.u8g2_SendBuffer)
    u8g2_SetFont                             0x08000a47   Thumb Code    32  u8g2_font.o(i.u8g2_SetFont)
    u8g2_SetFontPosBaseline                  0x08000a69   Thumb Code     6  u8g2_font.o(i.u8g2_SetFontPosBaseline)
    u8g2_SetMaxClipWindow                    0x08000a75   Thumb Code    32  u8g2_setup.o(i.u8g2_SetMaxClipWindow)
    u8g2_SetupBuffer                         0x08000a95   Thumb Code    90  u8g2_setup.o(i.u8g2_SetupBuffer)
    u8g2_Setup_ssd1306_i2c_128x64_noname_f   0x08000af1   Thumb Code    54  u8g2_d_setup.o(i.u8g2_Setup_ssd1306_i2c_128x64_noname_f)
    u8g2_UpdateRefHeight                     0x08000b35   Thumb Code   136  u8g2_font.o(i.u8g2_UpdateRefHeight)
    u8g2_draw_hv_line_2dir                   0x08000c83   Thumb Code    44  u8g2_hvline.o(i.u8g2_draw_hv_line_2dir)
    u8g2_draw_l90_mirrorr_r0                 0x08000caf   Thumb Code    60  u8g2_setup.o(i.u8g2_draw_l90_mirrorr_r0)
    u8g2_draw_l90_r0                         0x08000ceb   Thumb Code    36  u8g2_setup.o(i.u8g2_draw_l90_r0)
    u8g2_draw_l90_r1                         0x08000d0f   Thumb Code    68  u8g2_setup.o(i.u8g2_draw_l90_r1)
    u8g2_draw_l90_r2                         0x08000d53   Thumb Code    86  u8g2_setup.o(i.u8g2_draw_l90_r2)
    u8g2_draw_l90_r3                         0x08000da9   Thumb Code    80  u8g2_setup.o(i.u8g2_draw_l90_r3)
    u8g2_draw_mirror_vertical_r0             0x08000df9   Thumb Code    60  u8g2_setup.o(i.u8g2_draw_mirror_vertical_r0)
    u8g2_font_calc_vref_font                 0x08000e35   Thumb Code     6  u8g2_font.o(i.u8g2_font_calc_vref_font)
    u8g2_init                                0x08000e5d   Thumb Code    74  main.o(i.u8g2_init)
    u8g2_is_intersection_decision_tree       0x08000eb9   Thumb Code    48  u8g2_intersection.o(i.u8g2_is_intersection_decision_tree)
    u8g2_ll_hvline_vertical_top_lsb          0x08000ee9   Thumb Code   238  u8g2_ll_hvline.o(i.u8g2_ll_hvline_vertical_top_lsb)
    u8g2_m_16_8_f                            0x08000fd9   Thumb Code    10  u8g2_d_memory.o(i.u8g2_m_16_8_f)
    u8g2_read_font_info                      0x08000fe9   Thumb Code   224  u8g2_font.o(i.u8g2_read_font_info)
    u8g2_update_dimension_r0                 0x08001195   Thumb Code    12  u8g2_setup.o(i.u8g2_update_dimension_r0)
    u8g2_update_dimension_r1                 0x080011a1   Thumb Code    28  u8g2_setup.o(i.u8g2_update_dimension_r1)
    u8g2_update_dimension_r2                 0x080011bd   Thumb Code    12  u8g2_setup.o(i.u8g2_update_dimension_r2)
    u8g2_update_dimension_r3                 0x080011c9   Thumb Code    28  u8g2_setup.o(i.u8g2_update_dimension_r3)
    u8g2_update_page_win_r0                  0x080011e5   Thumb Code    32  u8g2_setup.o(i.u8g2_update_page_win_r0)
    u8g2_update_page_win_r1                  0x08001205   Thumb Code    32  u8g2_setup.o(i.u8g2_update_page_win_r1)
    u8g2_update_page_win_r2                  0x08001225   Thumb Code    60  u8g2_setup.o(i.u8g2_update_page_win_r2)
    u8g2_update_page_win_r3                  0x08001261   Thumb Code    60  u8g2_setup.o(i.u8g2_update_page_win_r3)
    u8x8_DrawTile                            0x0800129d   Thumb Code    50  u8x8_display.o(i.u8x8_DrawTile)
    u8x8_InitDisplay                         0x080012cf   Thumb Code    18  u8x8_display.o(i.u8x8_InitDisplay)
    u8x8_RefreshDisplay                      0x080012e1   Thumb Code    18  u8x8_display.o(i.u8x8_RefreshDisplay)
    u8x8_SetPowerSave                        0x080012f3   Thumb Code    20  u8x8_display.o(i.u8x8_SetPowerSave)
    u8x8_Setup                               0x08001307   Thumb Code    42  u8x8_setup.o(i.u8x8_Setup)
    u8x8_SetupDefaults                       0x08001331   Thumb Code    38  u8x8_setup.o(i.u8x8_SetupDefaults)
    u8x8_SetupMemory                         0x0800135d   Thumb Code    18  u8x8_display.o(i.u8x8_SetupMemory)
    u8x8_byte_EndTransfer                    0x0800136f   Thumb Code    18  u8x8_byte.o(i.u8x8_byte_EndTransfer)
    u8x8_byte_SendByte                       0x08001381   Thumb Code    16  u8x8_byte.o(i.u8x8_byte_SendByte)
    u8x8_byte_SendBytes                      0x08001391   Thumb Code    26  u8x8_byte.o(i.u8x8_byte_SendBytes)
    u8x8_byte_StartTransfer                  0x080013ab   Thumb Code    18  u8x8_byte.o(i.u8x8_byte_StartTransfer)
    u8x8_byte_sw_i2c                         0x080013bd   Thumb Code   110  u8x8_byte.o(i.u8x8_byte_sw_i2c)
    u8x8_cad_EndTransfer                     0x0800142b   Thumb Code    18  u8x8_cad.o(i.u8x8_cad_EndTransfer)
    u8x8_cad_SendArg                         0x0800143d   Thumb Code    20  u8x8_cad.o(i.u8x8_cad_SendArg)
    u8x8_cad_SendCmd                         0x08001451   Thumb Code    20  u8x8_cad.o(i.u8x8_cad_SendCmd)
    u8x8_cad_SendData                        0x08001465   Thumb Code    26  u8x8_cad.o(i.u8x8_cad_SendData)
    u8x8_cad_SendSequence                    0x0800147f   Thumb Code   124  u8x8_cad.o(i.u8x8_cad_SendSequence)
    u8x8_cad_StartTransfer                   0x080014fb   Thumb Code    18  u8x8_cad.o(i.u8x8_cad_StartTransfer)
    u8x8_cad_ssd13xx_fast_i2c                0x0800150d   Thumb Code   208  u8x8_cad.o(i.u8x8_cad_ssd13xx_fast_i2c)
    u8x8_d_helper_display_init               0x080015e1   Thumb Code    96  u8x8_display.o(i.u8x8_d_helper_display_init)
    u8x8_d_helper_display_setup_memory       0x08001641   Thumb Code    12  u8x8_display.o(i.u8x8_d_helper_display_setup_memory)
    u8x8_d_ssd1306_128x64_noname             0x0800164d   Thumb Code    76  u8x8_d_ssd1306_128x64_noname.o(i.u8x8_d_ssd1306_128x64_noname)
    u8x8_dummy_cb                            0x080017a5   Thumb Code     8  u8x8_setup.o(i.u8x8_dummy_cb)
    u8x8_gpio_and_delay                      0x080017ad   Thumb Code   200  main.o(i.u8x8_gpio_and_delay)
    u8x8_gpio_call                           0x08001879   Thumb Code    26  u8x8_gpio.o(i.u8x8_gpio_call)
    u8g2_font_u8glib_4_tf                    0x08001ac0   Data        1782  u8g2_fonts.o(.constdata)
    u8g2_cb_r0                               0x080021b8   Data          12  u8g2_setup.o(.constdata)
    u8g2_cb_r1                               0x080021c4   Data          12  u8g2_setup.o(.constdata)
    u8g2_cb_r2                               0x080021d0   Data          12  u8g2_setup.o(.constdata)
    u8g2_cb_r3                               0x080021dc   Data          12  u8g2_setup.o(.constdata)
    u8g2_cb_mirror                           0x080021e8   Data          12  u8g2_setup.o(.constdata)
    u8g2_cb_mirror_vertical                  0x080021f4   Data          12  u8g2_setup.o(.constdata)
    Region$$Table$$Base                      0x08002358   Number         0  anon$$obj.o(Region$$Table)
    Region$$Table$$Limit                     0x08002378   Number         0  anon$$obj.o(Region$$Table)
    __initial_sp                             0x20000808   Data           0  startup_stm32f10x_hd.o(STACK)



==============================================================================

Memory Map of the image

  Image Entry point : 0x08000131

  Load Region LR_IROM1 (Base: 0x08000000, Size: 0x00002380, Max: 0x00040000, ABSOLUTE)

    Execution Region ER_IROM1 (Base: 0x08000000, Size: 0x00002378, Max: 0x00040000, ABSOLUTE)

    Base Addr    Size         Type   Attr      Idx    E Section Name        Object

    0x08000000   0x00000130   Data   RO         3224    RESET               startup_stm32f10x_hd.o
    0x08000130   0x00000000   Code   RO         6141  * .ARM.Collect$$$$00000000  mc_w.l(entry.o)
    0x08000130   0x00000004   Code   RO         6150    .ARM.Collect$$$$00000001  mc_w.l(entry2.o)
    0x08000134   0x00000004   Code   RO         6153    .ARM.Collect$$$$00000004  mc_w.l(entry5.o)
    0x08000138   0x00000000   Code   RO         6155    .ARM.Collect$$$$00000008  mc_w.l(entry7b.o)
    0x08000138   0x00000000   Code   RO         6157    .ARM.Collect$$$$0000000A  mc_w.l(entry8b.o)
    0x08000138   0x00000008   Code   RO         6158    .ARM.Collect$$$$0000000B  mc_w.l(entry9a.o)
    0x08000140   0x00000000   Code   RO         6160    .ARM.Collect$$$$0000000D  mc_w.l(entry10a.o)
    0x08000140   0x00000000   Code   RO         6162    .ARM.Collect$$$$0000000F  mc_w.l(entry11a.o)
    0x08000140   0x00000004   Code   RO         6151    .ARM.Collect$$$$00002712  mc_w.l(entry2.o)
    0x08000144   0x00000024   Code   RO         3225    .text               startup_stm32f10x_hd.o
    0x08000168   0x00000024   Code   RO         6146    .text               mc_w.l(memseta.o)
    0x0800018c   0x00000024   Code   RO         6164    .text               mc_w.l(init.o)
    0x080001b0   0x00000004   Code   RO         3125    i.BusFault_Handler  stm32f10x_it.o
    0x080001b4   0x00000002   Code   RO         3126    i.DebugMon_Handler  stm32f10x_it.o
    0x080001b6   0x00000116   Code   RO         1251    i.GPIO_Init         stm32f10x_gpio.o
    0x080002cc   0x00000004   Code   RO         1258    i.GPIO_ResetBits    stm32f10x_gpio.o
    0x080002d0   0x00000004   Code   RO         1259    i.GPIO_SetBits      stm32f10x_gpio.o
    0x080002d4   0x0000001c   Code   RO         3229    i.GPIO_clock_init   gpio.o
    0x080002f0   0x00000028   Code   RO         3230    i.GPIO_init         gpio.o
    0x08000318   0x00000004   Code   RO         3127    i.HardFault_Handler  stm32f10x_it.o
    0x0800031c   0x00000004   Code   RO         3128    i.MemManage_Handler  stm32f10x_it.o
    0x08000320   0x00000002   Code   RO         3129    i.NMI_Handler       stm32f10x_it.o
    0x08000322   0x00000002   Code   RO         3130    i.PendSV_Handler    stm32f10x_it.o
    0x08000324   0x00000020   Code   RO         1669    i.RCC_APB2PeriphClockCmd  stm32f10x_rcc.o
    0x08000344   0x00000050   Code   RO         3247    i.RCC_init          rcc.o
    0x08000394   0x00000002   Code   RO         3131    i.SVC_Handler       stm32f10x_it.o
    0x08000396   0x00000008   Code   RO         3188    i.SetSysClock       system_stm32f10x.o
    0x0800039e   0x00000002   PAD
    0x080003a0   0x000000e0   Code   RO         3189    i.SetSysClockTo72   system_stm32f10x.o
    0x08000480   0x00000002   Code   RO         3132    i.SysTick_Handler   stm32f10x_it.o
    0x08000482   0x00000002   PAD
    0x08000484   0x00000060   Code   RO         3191    i.SystemInit        system_stm32f10x.o
    0x080004e4   0x00000016   Code   RO         3248    i.Systick_ms        rcc.o
    0x080004fa   0x00000050   Code   RO         3249    i.Systick_us        rcc.o
    0x0800054a   0x00000002   PAD
    0x0800054c   0x00000078   Code   RO         3272    i.USART1_init       usart.o
    0x080005c4   0x00000004   Code   RO         3133    i.UsageFault_Handler  stm32f10x_it.o
    0x080005c8   0x0000000e   Code   RO         6168    i.__scatterload_copy  mc_w.l(handlers.o)
    0x080005d6   0x00000002   Code   RO         6169    i.__scatterload_null  mc_w.l(handlers.o)
    0x080005d8   0x0000000e   Code   RO         6170    i.__scatterload_zeroinit  mc_w.l(handlers.o)
    0x080005e6   0x00000010   Code   RO         5414    i.i2c_clear_scl     u8x8_byte.o
    0x080005f6   0x00000010   Code   RO         5415    i.i2c_clear_sda     u8x8_byte.o
    0x08000606   0x00000012   Code   RO         5416    i.i2c_delay         u8x8_byte.o
    0x08000618   0x00000020   Code   RO         5417    i.i2c_init          u8x8_byte.o
    0x08000638   0x0000002a   Code   RO         5418    i.i2c_read_bit      u8x8_byte.o
    0x08000662   0x00000016   Code   RO         5419    i.i2c_read_scl_and_delay  u8x8_byte.o
    0x08000678   0x00000010   Code   RO         5420    i.i2c_read_sda      u8x8_byte.o
    0x08000688   0x0000003c   Code   RO         5421    i.i2c_start         u8x8_byte.o
    0x080006c4   0x0000002a   Code   RO         5422    i.i2c_stop          u8x8_byte.o
    0x080006ee   0x0000002a   Code   RO         5423    i.i2c_write_bit     u8x8_byte.o
    0x08000718   0x0000005e   Code   RO         5424    i.i2c_write_byte    u8x8_byte.o
    0x08000776   0x00000014   Code   RO         3067    i.main              main.o
    0x0800078a   0x00000002   PAD
    0x0800078c   0x00000038   Code   RO         3068    i.ssd1306_init      main.o
    0x080007c4   0x0000001a   Code   RO         4150    i.u8g2_ClearBuffer  u8g2_buffer.o
    0x080007de   0x000000dc   Code   RO         4715    i.u8g2_DrawHVLine   u8g2_hvline.o
    0x080008ba   0x000000e8   Code   RO         4073    i.u8g2_DrawHXBM     u8g2_bitmap.o
    0x080009a2   0x00000058   Code   RO         4076    i.u8g2_DrawXBM      u8g2_bitmap.o
    0x080009fa   0x0000003a   Code   RO         4776    i.u8g2_IsIntersection  u8g2_intersection.o
    0x08000a34   0x00000012   Code   RO         4153    i.u8g2_SendBuffer   u8g2_buffer.o
    0x08000a46   0x00000020   Code   RO         4381    i.u8g2_SetFont      u8g2_font.o
    0x08000a66   0x00000002   PAD
    0x08000a68   0x0000000c   Code   RO         4384    i.u8g2_SetFontPosBaseline  u8g2_font.o
    0x08000a74   0x00000020   Code   RO         4991    i.u8g2_SetMaxClipWindow  u8g2_setup.o
    0x08000a94   0x0000005a   Code   RO         4992    i.u8g2_SetupBuffer  u8g2_setup.o
    0x08000aee   0x00000002   PAD
    0x08000af0   0x00000044   Code   RO         4345    i.u8g2_Setup_ssd1306_i2c_128x64_noname_f  u8g2_d_setup.o
    0x08000b34   0x00000088   Code   RO         4391    i.u8g2_UpdateRefHeight  u8g2_font.o
    0x08000bbc   0x0000007a   Code   RO         4994    i.u8g2_apply_clip_window  u8g2_setup.o
    0x08000c36   0x0000004c   Code   RO         4719    i.u8g2_clip_intersection2  u8g2_hvline.o
    0x08000c82   0x0000002c   Code   RO         4720    i.u8g2_draw_hv_line_2dir  u8g2_hvline.o
    0x08000cae   0x0000003c   Code   RO         4995    i.u8g2_draw_l90_mirrorr_r0  u8g2_setup.o
    0x08000cea   0x00000024   Code   RO         4996    i.u8g2_draw_l90_r0  u8g2_setup.o
    0x08000d0e   0x00000044   Code   RO         4997    i.u8g2_draw_l90_r1  u8g2_setup.o
    0x08000d52   0x00000056   Code   RO         4998    i.u8g2_draw_l90_r2  u8g2_setup.o
    0x08000da8   0x00000050   Code   RO         4999    i.u8g2_draw_l90_r3  u8g2_setup.o
    0x08000df8   0x0000003c   Code   RO         5000    i.u8g2_draw_mirror_vertical_r0  u8g2_setup.o
    0x08000e34   0x00000006   Code   RO         4401    i.u8g2_font_calc_vref_font  u8g2_font.o
    0x08000e3a   0x00000008   Code   RO         4408    i.u8g2_font_get_byte  u8g2_font.o
    0x08000e42   0x00000018   Code   RO         4410    i.u8g2_font_get_word  u8g2_font.o
    0x08000e5a   0x00000002   PAD
    0x08000e5c   0x0000005c   Code   RO         3069    i.u8g2_init         main.o
    0x08000eb8   0x00000030   Code   RO         4777    i.u8g2_is_intersection_decision_tree  u8g2_intersection.o
    0x08000ee8   0x000000ee   Code   RO         4825    i.u8g2_ll_hvline_vertical_top_lsb  u8g2_ll_hvline.o
    0x08000fd6   0x00000002   PAD
    0x08000fd8   0x00000010   Code   RO         4332    i.u8g2_m_16_8_f     u8g2_d_memory.o
    0x08000fe8   0x000000e0   Code   RO         4413    i.u8g2_read_font_info  u8g2_font.o
    0x080010c8   0x00000036   Code   RO         4161    i.u8g2_send_buffer  u8g2_buffer.o
    0x080010fe   0x00000036   Code   RO         4162    i.u8g2_send_tile_row  u8g2_buffer.o
    0x08001134   0x00000060   Code   RO         5001    i.u8g2_update_dimension_common  u8g2_setup.o
    0x08001194   0x0000000c   Code   RO         5002    i.u8g2_update_dimension_r0  u8g2_setup.o
    0x080011a0   0x0000001c   Code   RO         5003    i.u8g2_update_dimension_r1  u8g2_setup.o
    0x080011bc   0x0000000c   Code   RO         5004    i.u8g2_update_dimension_r2  u8g2_setup.o
    0x080011c8   0x0000001c   Code   RO         5005    i.u8g2_update_dimension_r3  u8g2_setup.o
    0x080011e4   0x00000020   Code   RO         5006    i.u8g2_update_page_win_r0  u8g2_setup.o
    0x08001204   0x00000020   Code   RO         5007    i.u8g2_update_page_win_r1  u8g2_setup.o
    0x08001224   0x0000003c   Code   RO         5008    i.u8g2_update_page_win_r2  u8g2_setup.o
    0x08001260   0x0000003c   Code   RO         5009    i.u8g2_update_page_win_r3  u8g2_setup.o
    0x0800129c   0x00000032   Code   RO         5778    i.u8x8_DrawTile     u8x8_display.o
    0x080012ce   0x00000012   Code   RO         5780    i.u8x8_InitDisplay  u8x8_display.o
    0x080012e0   0x00000012   Code   RO         5782    i.u8x8_RefreshDisplay  u8x8_display.o
    0x080012f2   0x00000014   Code   RO         5785    i.u8x8_SetPowerSave  u8x8_display.o
    0x08001306   0x0000002a   Code   RO         5956    i.u8x8_Setup        u8x8_setup.o
    0x08001330   0x0000002c   Code   RO         5957    i.u8x8_SetupDefaults  u8x8_setup.o
    0x0800135c   0x00000012   Code   RO         5786    i.u8x8_SetupMemory  u8x8_display.o
    0x0800136e   0x00000012   Code   RO         5429    i.u8x8_byte_EndTransfer  u8x8_byte.o
    0x08001380   0x00000010   Code   RO         5430    i.u8x8_byte_SendByte  u8x8_byte.o
    0x08001390   0x0000001a   Code   RO         5431    i.u8x8_byte_SendBytes  u8x8_byte.o
    0x080013aa   0x00000012   Code   RO         5433    i.u8x8_byte_StartTransfer  u8x8_byte.o
    0x080013bc   0x0000006e   Code   RO         5438    i.u8x8_byte_sw_i2c  u8x8_byte.o
    0x0800142a   0x00000012   Code   RO         5566    i.u8x8_cad_EndTransfer  u8x8_cad.o
    0x0800143c   0x00000014   Code   RO         5567    i.u8x8_cad_SendArg  u8x8_cad.o
    0x08001450   0x00000014   Code   RO         5568    i.u8x8_cad_SendCmd  u8x8_cad.o
    0x08001464   0x0000001a   Code   RO         5569    i.u8x8_cad_SendData  u8x8_cad.o
    0x0800147e   0x0000007c   Code   RO         5571    i.u8x8_cad_SendSequence  u8x8_cad.o
    0x080014fa   0x00000012   Code   RO         5572    i.u8x8_cad_StartTransfer  u8x8_cad.o
    0x0800150c   0x000000d4   Code   RO         5575    i.u8x8_cad_ssd13xx_fast_i2c  u8x8_cad.o
    0x080015e0   0x00000060   Code   RO         5787    i.u8x8_d_helper_display_init  u8x8_display.o
    0x08001640   0x0000000c   Code   RO         5788    i.u8x8_d_helper_display_setup_memory  u8x8_display.o
    0x0800164c   0x00000054   Code   RO         6086    i.u8x8_d_ssd1306_128x64_noname  u8x8_d_ssd1306_128x64_noname.o
    0x080016a0   0x00000104   Code   RO         6088    i.u8x8_d_ssd1306_sh1106_generic  u8x8_d_ssd1306_128x64_noname.o
    0x080017a4   0x00000008   Code   RO         5959    i.u8x8_dummy_cb     u8x8_setup.o
    0x080017ac   0x000000cc   Code   RO         3070    i.u8x8_gpio_and_delay  main.o
    0x08001878   0x0000001a   Code   RO         5878    i.u8x8_gpio_call    u8x8_gpio.o
    0x08001892   0x0000002e   Code   RO         5583    i.u8x8_i2c_data_transfer  u8x8_cad.o
    0x080018c0   0x00000200   Data   RO         3071    .constdata          main.o
    0x08001ac0   0x000006f6   Data   RO         4701    .constdata          u8g2_fonts.o
    0x080021b6   0x00000002   PAD
    0x080021b8   0x00000048   Data   RO         5010    .constdata          u8g2_setup.o
    0x08002200   0x00000158   Data   RO         6090    .constdata          u8x8_d_ssd1306_128x64_noname.o
    0x08002358   0x00000020   Data   RO         6166    Region$$Table       anon$$obj.o


    Execution Region RW_IRAM1 (Base: 0x20000000, Size: 0x00000808, Max: 0x0000c000, ABSOLUTE)

    Base Addr    Size         Type   Attr      Idx    E Section Name        Object

    0x20000000   0x00000006   Data   RW         5585    .data               u8x8_cad.o
    0x20000006   0x00000002   PAD
    0x20000008   0x00000400   Zero   RW         4333    .bss                u8g2_d_memory.o
    0x20000408   0x00000400   Zero   RW         3222    STACK               startup_stm32f10x_hd.o


==============================================================================

Image component sizes


      Code (inc. data)   RO Data    RW Data    ZI Data      Debug   Object Name

         0          0          0          0          0       4532   core_cm3.o
        68         10          0          0          0        914   gpio.o
       372         30        512          0          0     170287   main.o
         0          0          0          0          0     213140   misc.o
       182          6          0          0          0       1537   rcc.o
        36          8        304          0       1024        824   startup_stm32f10x_hd.o
       286          0          0          0          0       3052   stm32f10x_gpio.o
        26          0          0          0          0       4118   stm32f10x_it.o
        32          6          0          0          0        581   stm32f10x_rcc.o
       328         28          0          0          0       2037   system_stm32f10x.o
       320          0          0          0          0       2239   u8g2_bitmap.o
       152          0          0          0          0       2837   u8g2_buffer.o
        16          6          0          0       1024        876   u8g2_d_memory.o
        68         14          0          0          0       1097   u8g2_d_setup.o
       442          6          0          0          0       4385   u8g2_font.o
         0          0       1782          0          0        600   u8g2_fonts.o
       340          0          0          0          0       2671   u8g2_hvline.o
       106          0          0          0          0       1559   u8g2_intersection.o
       238          0          0          0          0       1434   u8g2_ll_hvline.o
       994          0         72          0          0     161602   u8g2_setup.o
       588          0          0          0          0       9120   u8x8_byte.o
       484         10          0          6          0       8408   u8x8_cad.o
       344         26        344          0          0      20719   u8x8_d_ssd1306_128x64_noname.o
       232          0          0          0          0       4466   u8x8_display.o
        26          0          0          0          0        621   u8x8_gpio.o
        94          6          0          0          0       1922   u8x8_setup.o
       120         16          0          0          0        470   usart.o

    ----------------------------------------------------------------------
      5910        172       3048          8       2048     626048   Object Totals
         0          0         32          0          0          0   (incl. Generated)
        16          0          2          2          0          0   (incl. Padding)

    ----------------------------------------------------------------------

      Code (inc. data)   RO Data    RW Data    ZI Data      Debug   Library Member Name

         0          0          0          0          0          0   entry.o
         0          0          0          0          0          0   entry10a.o
         0          0          0          0          0          0   entry11a.o
         8          4          0          0          0          0   entry2.o
         4          0          0          0          0          0   entry5.o
         0          0          0          0          0          0   entry7b.o
         0          0          0          0          0          0   entry8b.o
         8          4          0          0          0          0   entry9a.o
        30          0          0          0          0          0   handlers.o
        36          8          0          0          0         68   init.o
        36          0          0          0          0        108   memseta.o

    ----------------------------------------------------------------------
       122         16          0          0          0        176   Library Totals
         0          0          0          0          0          0   (incl. Padding)

    ----------------------------------------------------------------------

      Code (inc. data)   RO Data    RW Data    ZI Data      Debug   Library Name

       122         16          0          0          0        176   mc_w.l

    ----------------------------------------------------------------------
       122         16          0          0          0        176   Library Totals

    ----------------------------------------------------------------------

==============================================================================


      Code (inc. data)   RO Data    RW Data    ZI Data      Debug   

      6032        188       3048          8       2048     621280   Grand Totals
      6032        188       3048          8       2048     621280   ELF Image Totals
      6032        188       3048          8          0          0   ROM Totals

==============================================================================

    Total RO  Size (Code + RO Data)                 9080 (   8.87kB)
    Total RW  Size (RW Data + ZI Data)              2056 (   2.01kB)
    Total ROM Size (Code + RO Data + RW Data)       9088 (   8.88kB)

==============================================================================

