Component: ARM Compiler 5.06 update 1 (build 61) Tool: armlink [4d35a8]

==============================================================================

Section Cross References

    stm32f10x_adc.o(i.ADC_DeInit) refers to stm32f10x_rcc.o(i.RCC_APB2PeriphResetCmd) for RCC_APB2PeriphResetCmd
    stm32f10x_bkp.o(i.BKP_DeInit) refers to stm32f10x_rcc.o(i.RCC_BackupResetCmd) for RCC_BackupResetCmd
    stm32f10x_can.o(i.CAN_DeInit) refers to stm32f10x_rcc.o(i.RCC_APB1PeriphResetCmd) for RCC_APB1PeriphResetCmd
    stm32f10x_can.o(i.CAN_GetITStatus) refers to stm32f10x_can.o(i.CheckITStatus) for CheckITStatus
    stm32f10x_cec.o(i.CEC_DeInit) refers to stm32f10x_rcc.o(i.RCC_APB1PeriphResetCmd) for RCC_APB1PeriphResetCmd
    stm32f10x_dac.o(i.DAC_DeInit) refers to stm32f10x_rcc.o(i.RCC_APB1PeriphResetCmd) for RCC_APB1PeriphResetCmd
    stm32f10x_flash.o(i.FLASH_EnableWriteProtection) refers to stm32f10x_flash.o(i.FLASH_WaitForLastOperation) for FLASH_WaitForLastOperation
    stm32f10x_flash.o(i.FLASH_EraseAllBank1Pages) refers to stm32f10x_flash.o(i.FLASH_WaitForLastBank1Operation) for FLASH_WaitForLastBank1Operation
    stm32f10x_flash.o(i.FLASH_EraseAllPages) refers to stm32f10x_flash.o(i.FLASH_WaitForLastOperation) for FLASH_WaitForLastOperation
    stm32f10x_flash.o(i.FLASH_EraseOptionBytes) refers to stm32f10x_flash.o(i.FLASH_GetReadOutProtectionStatus) for FLASH_GetReadOutProtectionStatus
    stm32f10x_flash.o(i.FLASH_EraseOptionBytes) refers to stm32f10x_flash.o(i.FLASH_WaitForLastOperation) for FLASH_WaitForLastOperation
    stm32f10x_flash.o(i.FLASH_ErasePage) refers to stm32f10x_flash.o(i.FLASH_WaitForLastOperation) for FLASH_WaitForLastOperation
    stm32f10x_flash.o(i.FLASH_ProgramHalfWord) refers to stm32f10x_flash.o(i.FLASH_WaitForLastOperation) for FLASH_WaitForLastOperation
    stm32f10x_flash.o(i.FLASH_ProgramOptionByteData) refers to stm32f10x_flash.o(i.FLASH_WaitForLastOperation) for FLASH_WaitForLastOperation
    stm32f10x_flash.o(i.FLASH_ProgramWord) refers to stm32f10x_flash.o(i.FLASH_WaitForLastOperation) for FLASH_WaitForLastOperation
    stm32f10x_flash.o(i.FLASH_ReadOutProtection) refers to stm32f10x_flash.o(i.FLASH_WaitForLastOperation) for FLASH_WaitForLastOperation
    stm32f10x_flash.o(i.FLASH_UserOptionByteConfig) refers to stm32f10x_flash.o(i.FLASH_WaitForLastOperation) for FLASH_WaitForLastOperation
    stm32f10x_flash.o(i.FLASH_WaitForLastBank1Operation) refers to stm32f10x_flash.o(i.FLASH_GetBank1Status) for FLASH_GetBank1Status
    stm32f10x_flash.o(i.FLASH_WaitForLastOperation) refers to stm32f10x_flash.o(i.FLASH_GetBank1Status) for FLASH_GetBank1Status
    stm32f10x_gpio.o(i.GPIO_AFIODeInit) refers to stm32f10x_rcc.o(i.RCC_APB2PeriphResetCmd) for RCC_APB2PeriphResetCmd
    stm32f10x_gpio.o(i.GPIO_DeInit) refers to stm32f10x_rcc.o(i.RCC_APB2PeriphResetCmd) for RCC_APB2PeriphResetCmd
    stm32f10x_i2c.o(i.I2C_DeInit) refers to stm32f10x_rcc.o(i.RCC_APB1PeriphResetCmd) for RCC_APB1PeriphResetCmd
    stm32f10x_i2c.o(i.I2C_Init) refers to stm32f10x_rcc.o(i.RCC_GetClocksFreq) for RCC_GetClocksFreq
    stm32f10x_pwr.o(i.PWR_DeInit) refers to stm32f10x_rcc.o(i.RCC_APB1PeriphResetCmd) for RCC_APB1PeriphResetCmd
    stm32f10x_rcc.o(i.RCC_GetClocksFreq) refers to stm32f10x_rcc.o(.data) for APBAHBPrescTable
    stm32f10x_rcc.o(i.RCC_WaitForHSEStartUp) refers to stm32f10x_rcc.o(i.RCC_GetFlagStatus) for RCC_GetFlagStatus
    stm32f10x_rtc.o(i.RTC_SetAlarm) refers to stm32f10x_rtc.o(i.RTC_EnterConfigMode) for RTC_EnterConfigMode
    stm32f10x_rtc.o(i.RTC_SetAlarm) refers to stm32f10x_rtc.o(i.RTC_ExitConfigMode) for RTC_ExitConfigMode
    stm32f10x_rtc.o(i.RTC_SetCounter) refers to stm32f10x_rtc.o(i.RTC_EnterConfigMode) for RTC_EnterConfigMode
    stm32f10x_rtc.o(i.RTC_SetCounter) refers to stm32f10x_rtc.o(i.RTC_ExitConfigMode) for RTC_ExitConfigMode
    stm32f10x_rtc.o(i.RTC_SetPrescaler) refers to stm32f10x_rtc.o(i.RTC_EnterConfigMode) for RTC_EnterConfigMode
    stm32f10x_rtc.o(i.RTC_SetPrescaler) refers to stm32f10x_rtc.o(i.RTC_ExitConfigMode) for RTC_ExitConfigMode
    stm32f10x_spi.o(i.I2S_Init) refers to stm32f10x_rcc.o(i.RCC_GetClocksFreq) for RCC_GetClocksFreq
    stm32f10x_spi.o(i.SPI_I2S_DeInit) refers to stm32f10x_rcc.o(i.RCC_APB2PeriphResetCmd) for RCC_APB2PeriphResetCmd
    stm32f10x_spi.o(i.SPI_I2S_DeInit) refers to stm32f10x_rcc.o(i.RCC_APB1PeriphResetCmd) for RCC_APB1PeriphResetCmd
    stm32f10x_tim.o(i.TIM_DeInit) refers to stm32f10x_rcc.o(i.RCC_APB2PeriphResetCmd) for RCC_APB2PeriphResetCmd
    stm32f10x_tim.o(i.TIM_DeInit) refers to stm32f10x_rcc.o(i.RCC_APB1PeriphResetCmd) for RCC_APB1PeriphResetCmd
    stm32f10x_tim.o(i.TIM_ETRClockMode1Config) refers to stm32f10x_tim.o(i.TIM_ETRConfig) for TIM_ETRConfig
    stm32f10x_tim.o(i.TIM_ETRClockMode2Config) refers to stm32f10x_tim.o(i.TIM_ETRConfig) for TIM_ETRConfig
    stm32f10x_tim.o(i.TIM_ICInit) refers to stm32f10x_tim.o(i.TI1_Config) for TI1_Config
[...]
    ..\U8G2\u8g2_polygon.c                   0x00000000   Number         0  u8g2_polygon.o ABSOLUTE
    ..\U8G2\u8g2_selection_list.c            0x00000000   Number         0  u8g2_selection_list.o ABSOLUTE
    ..\U8G2\u8g2_setup.c                     0x00000000   Number         0  u8g2_setup.o ABSOLUTE
    ..\U8G2\u8log.c                          0x00000000   Number         0  u8log.o ABSOLUTE
    ..\U8G2\u8log_u8g2.c                     0x00000000   Number         0  u8log_u8g2.o ABSOLUTE
    ..\U8G2\u8log_u8x8.c                     0x00000000   Number         0  u8log_u8x8.o ABSOLUTE
    ..\U8G2\u8x8_8x8.c                       0x00000000   Number         0  u8x8_8x8.o ABSOLUTE
    ..\U8G2\u8x8_byte.c                      0x00000000   Number         0  u8x8_byte.o ABSOLUTE
    ..\U8G2\u8x8_cad.c                       0x00000000   Number         0  u8x8_cad.o ABSOLUTE
    ..\U8G2\u8x8_capture.c                   0x00000000   Number         0  u8x8_capture.o ABSOLUTE
    ..\U8G2\u8x8_d_ssd1306_128x64_noname.c   0x00000000   Number         0  u8x8_d_ssd1306_128x64_noname.o ABSOLUTE
    ..\U8G2\u8x8_debounce.c                  0x00000000   Number         0  u8x8_debounce.o ABSOLUTE
    ..\U8G2\u8x8_display.c                   0x00000000   Number         0  u8x8_display.o ABSOLUTE
    ..\U8G2\u8x8_gpio.c                      0x00000000   Number         0  u8x8_gpio.o ABSOLUTE
    ..\U8G2\u8x8_input_value.c               0x00000000   Number         0  u8x8_input_value.o ABSOLUTE
    ..\U8G2\u8x8_message.c                   0x00000000   Number         0  u8x8_message.o ABSOLUTE
    ..\U8G2\u8x8_selection_list.c            0x00000000   Number         0  u8x8_selection_list.o ABSOLUTE
    ..\U8G2\u8x8_setup.c                     0x00000000   Number         0  u8x8_setup.o ABSOLUTE
    ..\U8G2\u8x8_string.c                    0x00000000   Number         0  u8x8_string.o ABSOLUTE
    ..\U8G2\u8x8_u16toa.c                    0x00000000   Number         0  u8x8_u16toa.o ABSOLUTE
    ..\U8G2\u8x8_u8toa.c                     0x00000000   Number         0  u8x8_u8toa.o ABSOLUTE
    ..\USER\main.c                           0x00000000   Number         0  main.o ABSOLUTE
    ..\USER\stm32f10x_it.c                   0x00000000   Number         0  stm32f10x_it.o ABSOLUTE
    ..\USER\system_stm32f10x.c               0x00000000   Number         0  system_stm32f10x.o ABSOLUTE
    ..\\CMSIS\\core_cm3.c                    0x00000000   Number         0  core_cm3.o ABSOLUTE
    dc.s                                     0x00000000   Number         0  dc.o ABSOLUTE
    RESET                                    0x08000000   Section      304  startup_stm32f10x_hd.o(RESET)
    !!!main                                  0x08000130   Section        8  __main.o(!!!main)
    !!!scatter                               0x08000138   Section       52  __scatter.o(!!!scatter)
    !!handler_copy                           0x0800016c   Section       26  __scatter_copy.o(!!handler_copy)
    !!handler_zi                             0x08000188   Section       28  __scatter_zi.o(!!handler_zi)
    .ARM.Collect$$_printf_percent$$00000000  0x080001a4   Section        0  _printf_percent.o(.ARM.Collect$$_printf_percent$$00000000)
    .ARM.Collect$$_printf_percent$$00000009  0x080001a4   Section        6  _printf_d.o(.ARM.Collect$$_printf_percent$$00000009)
    .ARM.Collect$$_printf_percent$$00000017  0x080001aa   Section        4  _printf_percent_end.o(.ARM.Collect$$_printf_percent$$00000017)
    .ARM.Collect$$libinit$$00000000          0x080001ae   Section        2  libinit.o(.ARM.Collect$$libinit$$00000000)
    .ARM.Collect$$libinit$$00000002          0x080001b0   Section        0  libinit2.o(.ARM.Collect$$libinit$$00000002)
    .ARM.Collect$$libinit$$00000004          0x080001b0   Section        0  libinit2.o(.ARM.Collect$$libinit$$00000004)
    .ARM.Collect$$libinit$$0000000A          0x080001b0   Section        0  libinit2.o(.ARM.Collect$$libinit$$0000000A)
    .ARM.Collect$$libinit$$0000000C          0x080001b0   Section        0  libinit2.o(.ARM.Collect$$libinit$$0000000C)
    .ARM.Collect$$libinit$$0000000E          0x080001b0   Section        0  libinit2.o(.ARM.Collect$$libinit$$0000000E)
    .ARM.Collect$$libinit$$00000011          0x080001b0   Section        0  libinit2.o(.ARM.Collect$$libinit$$00000011)
    .ARM.Collect$$libinit$$00000013          0x080001b0   Section        0  libinit2.o(.ARM.Collect$$libinit$$00000013)
    .ARM.Collect$$libinit$$00000015          0x080001b0   Section        0  libinit2.o(.ARM.Collect$$libinit$$00000015)
    .ARM.Collect$$libinit$$00000017          0x080001b0   Section        0  libinit2.o(.ARM.Collect$$libinit$$00000017)
    .ARM.Collect$$libinit$$00000019          0x080001b0   Section        0  libinit2.o(.ARM.Collect$$libinit$$00000019)
    .ARM.Collect$$libinit$$0000001B          0x080001b0   Section        0  libinit2.o(.ARM.Collect$$libinit$$0000001B)
    .ARM.Collect$$libinit$$0000001D          0x080001b0   Section        0  libinit2.o(.ARM.Collect$$libinit$$0000001D)
    .ARM.Collect$$libinit$$0000001F          0x080001b0   Section        0  libinit2.o(.ARM.Collect$$libinit$$0000001F)
    .ARM.Collect$$libinit$$00000021          0x080001b0   Section        0  libinit2.o(.ARM.Collect$$libinit$$00000021)
    .ARM.Collect$$libinit$$00000023          0x080001b0   Section        0  libinit2.o(.ARM.Collect$$libinit$$00000023)
    .ARM.Collect$$libinit$$00000025          0x080001b0   Section        0  libinit2.o(.ARM.Collect$$libinit$$00000025)
    .ARM.Collect$$libinit$$0000002C          0x080001b0   Section        0  libinit2.o(.ARM.Collect$$libinit$$0000002C)
    .ARM.Collect$$libinit$$0000002E          0x080001b0   Section        0  libinit2.o(.ARM.Collect$$libinit$$0000002E)
    .ARM.Collect$$libinit$$00000030          0x080001b0   Section        0  libinit2.o(.ARM.Collect$$libinit$$00000030)
    .ARM.Collect$$libinit$$00000032          0x080001b0   Section        0  libinit2.o(.ARM.Collect$$libinit$$00000032)
    .ARM.Collect$$libinit$$00000033          0x080001b0   Section        2  libinit2.o(.ARM.Collect$$libinit$$00000033)
    .ARM.Collect$$libshutdown$$00000000      0x080001b2   Section        2  libshutdown.o(.ARM.Collect$$libshutdown$$00000000)
    .ARM.Collect$$libshutdown$$00000002      0x080001b4   Section        0  libshutdown2.o(.ARM.Collect$$libshutdown$$00000002)
    .ARM.Collect$$libshutdown$$00000004      0x080001b4   Section        0  libshutdown2.o(.ARM.Collect$$libshutdown$$00000004)
    .ARM.Collect$$libshutdown$$00000007      0x080001b4   Section        0  libshutdown2.o(.ARM.Collect$$libshutdown$$00000007)
    .ARM.Collect$$libshutdown$$0000000A      0x080001b4   Section        0  libshutdown2.o(.ARM.Collect$$libshutdown$$0000000A)
    .ARM.Collect$$libshutdown$$0000000C      0x080001b4   Section        0  libshutdown2.o(.ARM.Collect$$libshutdown$$0000000C)
    .ARM.Collect$$libshutdown$$0000000F      0x080001b4   Section        0  libshutdown2.o(.ARM.Collect$$libshutdown$$0000000F)
    .ARM.Collect$$libshutdown$$00000010      0x080001b4   Section        2  libshutdown2.o(.ARM.Collect$$libshutdown$$00000010)
    .ARM.Collect$$rtentry$$00000000          0x080001b6   Section        0  __rtentry.o(.ARM.Collect$$rtentry$$00000000)
    .ARM.Collect$$rtentry$$00000002          0x080001b6   Section        0  __rtentry2.o(.ARM.Collect$$rtentry$$00000002)
    .ARM.Collect$$rtentry$$00000004          0x080001b6   Section        6  __rtentry4.o(.ARM.Collect$$rtentry$$00000004)
    .ARM.Collect$$rtentry$$00000009          0x080001bc   Section        0  __rtentry2.o(.ARM.Collect$$rtentry$$00000009)
    .ARM.Collect$$rtentry$$0000000A          0x080001bc   Section        4  __rtentry2.o(.ARM.Collect$$rtentry$$0000000A)
    .ARM.Collect$$rtentry$$0000000C          0x080001c0   Section        0  __rtentry2.o(.ARM.Collect$$rtentry$$0000000C)
    .ARM.Collect$$rtentry$$0000000D          0x080001c0   Section        8  __rtentry2.o(.ARM.Collect$$rtentry$$0000000D)
    .ARM.Collect$$rtexit$$00000000           0x080001c8   Section        2  rtexit.o(.ARM.Collect$$rtexit$$00000000)
    .ARM.Collect$$rtexit$$00000002           0x080001ca   Section        0  rtexit2.o(.ARM.Collect$$rtexit$$00000002)
    .ARM.Collect$$rtexit$$00000003           0x080001ca   Section        4  rtexit2.o(.ARM.Collect$$rtexit$$00000003)
    .ARM.Collect$$rtexit$$00000004           0x080001ce   Section        6  rtexit2.o(.ARM.Collect$$rtexit$$00000004)
    .text                                    0x080001d4   Section       64  startup_stm32f10x_hd.o(.text)
    .text                                    0x08000214   Section        0  noretval__2sprintf.o(.text)
    .text                                    0x0800023c   Section        0  __printf.o(.text)
    .text                                    0x080002a4   Section        0  _printf_dec.o(.text)
    .text                                    0x0800031c   Section       68  rt_memclr.o(.text)
    .text                                    0x08000360   Section       78  rt_memclr_w.o(.text)
    .text                                    0x080003ae   Section        0  heapauxi.o(.text)
    .text                                    0x080003b4   Section        0  _printf_intcommon.o(.text)
    .text                                    0x08000468   Section        0  _printf_char_common.o(.text)
    _printf_input_char                       0x08000469   Thumb Code    10  _printf_char_common.o(.text)
    .text                                    0x08000498   Section        0  _sputc.o(.text)
    .text                                    0x080004a2   Section       74  sys_stackheap_outer.o(.text)
    .text                                    0x080004ec   Section        0  exit.o(.text)
    .text                                    0x08000500   Section        8  libspace.o(.text)
    .text                                    0x08000508   Section        0  sys_exit.o(.text)
    .text                                    0x08000514   Section        2  use_no_semi.o(.text)
    .text                                    0x08000516   Section        0  indicate_semi.o(.text)
    i.BusFault_Handler                       0x08000516   Section        0  stm32f10x_it.o(i.BusFault_Handler)
    i.DebugMon_Handler                       0x0800051a   Section        0  stm32f10x_it.o(i.DebugMon_Handler)
    i.GPIO_Init                              0x0800051c   Section        0  stm32f10x_gpio.o(i.GPIO_Init)
    i.GPIO_ReadInputDataBit                  0x08000632   Section        0  stm32f10x_gpio.o(i.GPIO_ReadInputDataBit)
    i.GPIO_ResetBits                         0x08000644   Section        0  stm32f10x_gpio.o(i.GPIO_ResetBits)
    i.GPIO_SetBits                           0x08000648   Section        0  stm32f10x_gpio.o(i.GPIO_SetBits)
    i.HardFault_Handler                      0x0800064c   Section        0  stm32f10x_it.o(i.HardFault_Handler)
    i.I2C_CheckEvent                         0x08000650   Section        0  stm32f10x_i2c.o(i.I2C_CheckEvent)
    i.I2C_Cmd                                0x0800067a   Section        0  stm32f10x_i2c.o(i.I2C_Cmd)
    i.I2C_GenerateSTART                      0x08000692   Section        0  stm32f10x_i2c.o(i.I2C_GenerateSTART)
    i.I2C_GenerateSTOP                       0x080006aa   Section        0  stm32f10x_i2c.o(i.I2C_GenerateSTOP)
    i.I2C_GetFlagStatus                      0x080006c2   Section        0  stm32f10x_i2c.o(i.I2C_GetFlagStatus)
    i.I2C_Init                               0x080006fc   Section        0  stm32f10x_i2c.o(i.I2C_Init)
    i.I2C_Send7bitAddress                    0x080007e8   Section        0  stm32f10x_i2c.o(i.I2C_Send7bitAddress)
    i.I2C_SendData                           0x080007fa   Section        0  stm32f10x_i2c.o(i.I2C_SendData)
    i.MemManage_Handler                      0x080007fe   Section        0  stm32f10x_it.o(i.MemManage_Handler)
    i.NMI_Handler                            0x08000802   Section        0  stm32f10x_it.o(i.NMI_Handler)
    i.NVIC_Init                              0x08000804   Section        0  misc.o(i.NVIC_Init)
    i.NVIC_PriorityGroupConfig               0x08000874   Section        0  misc.o(i.NVIC_PriorityGroupConfig)
    i.PendSV_Handler                         0x08000888   Section        0  stm32f10x_it.o(i.PendSV_Handler)
    i.RCC_APB1PeriphClockCmd                 0x0800088c   Section        0  stm32f10x_rcc.o(i.RCC_APB1PeriphClockCmd)
    i.RCC_APB2PeriphClockCmd                 0x080008ac   Section        0  stm32f10x_rcc.o(i.RCC_APB2PeriphClockCmd)
    i.RCC_GetClocksFreq                      0x080008cc   Section        0  stm32f10x_rcc.o(i.RCC_GetClocksFreq)
    i.RCC_init                               0x080009a0   Section        0  rcc.o(i.RCC_init)
    i.SVC_Handler                            0x080009f0   Section        0  stm32f10x_it.o(i.SVC_Handler)
    i.SetSysClock                            0x080009f2   Section        0  system_stm32f10x.o(i.SetSysClock)
    SetSysClock                              0x080009f3   Thumb Code     8  system_stm32f10x.o(i.SetSysClock)
    i.SetSysClockTo72                        0x080009fc   Section        0  system_stm32f10x.o(i.SetSysClockTo72)
    SetSysClockTo72                          0x080009fd   Thumb Code   214  system_stm32f10x.o(i.SetSysClockTo72)
    i.SysTick_Handler                        0x08000adc   Section        0  stm32f10x_it.o(i.SysTick_Handler)
    i.SystemInit                             0x08000ae0   Section        0  system_stm32f10x.o(i.SystemInit)
    i.Systick_ms                             0x08000b40   Section        0  rcc.o(i.Systick_ms)
    i.Systick_us                             0x08000b56   Section        0  rcc.o(i.Systick_us)
    i.TIM3_IRQHandler                        0x08000ba8   Section        0  main.o(i.TIM3_IRQHandler)
    i.TIM_Cmd                                0x08000bc0   Section        0  stm32f10x_tim.o(i.TIM_Cmd)
    i.TIM_ITConfig                           0x08000bd8   Section        0  stm32f10x_tim.o(i.TIM_ITConfig)
    i.TIM_NVIC                               0x08000bea   Section        0  tim.o(i.TIM_NVIC)
    i.TIM_TimeBaseInit                       0x08000c14   Section        0  stm32f10x_tim.o(i.TIM_TimeBaseInit)
    i.TIM_rcc_gpio_init                      0x08000cb8   Section        0  tim.o(i.TIM_rcc_gpio_init)
    i.USART1_SendChar                        0x08000d08   Section        0  usart.o(i.USART1_SendChar)
    i.USART1_init                            0x08000d30   Section        0  usart.o(i.USART1_init)
    i.UsageFault_Handler                     0x08000ddc   Section        0  stm32f10x_it.o(i.UsageFault_Handler)
    i.VK36N16I_init                          0x08000de0   Section        0  vk36n16i.o(i.VK36N16I_init)
    i.i2c_clear_scl                          0x08000e14   Section        0  u8x8_byte.o(i.i2c_clear_scl)
    i2c_clear_scl                            0x08000e15   Thumb Code    16  u8x8_byte.o(i.i2c_clear_scl)
    i.i2c_clear_sda                          0x08000e24   Section        0  u8x8_byte.o(i.i2c_clear_sda)
    i2c_clear_sda                            0x08000e25   Thumb Code    16  u8x8_byte.o(i.i2c_clear_sda)
    i.i2c_delay                              0x08000e34   Section        0  u8x8_byte.o(i.i2c_delay)
    i2c_delay                                0x08000e35   Thumb Code    18  u8x8_byte.o(i.i2c_delay)
    i.i2c_delay_us_cb                        0x08000e46   Section        0  vk36n16i.o(i.i2c_delay_us_cb)
    i2c_delay_us_cb                          0x08000e47   Thumb Code    12  vk36n16i.o(i.i2c_delay_us_cb)
    i.i2c_init                               0x08000e52   Section        0  u8x8_byte.o(i.i2c_init)
    i2c_init                                 0x08000e53   Thumb Code    32  u8x8_byte.o(i.i2c_init)
    i.i2c_read_bit                           0x08000e72   Section        0  u8x8_byte.o(i.i2c_read_bit)
    i2c_read_bit                             0x08000e73   Thumb Code    42  u8x8_byte.o(i.i2c_read_bit)
    i.i2c_read_scl_and_delay                 0x08000e9c   Section        0  u8x8_byte.o(i.i2c_read_scl_and_delay)
    i2c_read_scl_and_delay                   0x08000e9d   Thumb Code    22  u8x8_byte.o(i.i2c_read_scl_and_delay)
    i.i2c_read_sda                           0x08000eb2   Section        0  u8x8_byte.o(i.i2c_read_sda)
    i2c_read_sda                             0x08000eb3   Thumb Code    16  u8x8_byte.o(i.i2c_read_sda)
    i.i2c_scl_write_cb                       0x08000ec4   Section        0  vk36n16i.o(i.i2c_scl_write_cb)
    i2c_scl_write_cb                         0x08000ec5   Thumb Code    36  vk36n16i.o(i.i2c_scl_write_cb)
    i.i2c_sda_read_cb                        0x08000eec   Section        0  vk36n16i.o(i.i2c_sda_read_cb)
    i2c_sda_read_cb                          0x08000eed   Thumb Code    20  vk36n16i.o(i.i2c_sda_read_cb)
    i.i2c_sda_write_cb                       0x08000f04   Section        0  vk36n16i.o(i.i2c_sda_write_cb)
    i2c_sda_write_cb                         0x08000f05   Thumb Code    36  vk36n16i.o(i.i2c_sda_write_cb)
    i.i2c_setting_init_cb                    0x08000f2c   Section        0  vk36n16i.o(i.i2c_setting_init_cb)
    i2c_setting_init_cb                      0x08000f2d   Thumb Code    40  vk36n16i.o(i.i2c_setting_init_cb)
    i.i2c_start                              0x08000f58   Section        0  u8x8_byte.o(i.i2c_start)
    i2c_start                                0x08000f59   Thumb Code    60  u8x8_byte.o(i.i2c_start)
    i.i2c_stop                               0x08000f94   Section        0  u8x8_byte.o(i.i2c_stop)
    i2c_stop                                 0x08000f95   Thumb Code    42  u8x8_byte.o(i.i2c_stop)
    i.i2c_write_bit                          0x08000fbe   Section        0  u8x8_byte.o(i.i2c_write_bit)
    i2c_write_bit                            0x08000fbf   Thumb Code    42  u8x8_byte.o(i.i2c_write_bit)
    i.i2c_write_byte                         0x08000fe8   Section        0  u8x8_byte.o(i.i2c_write_byte)
    i2c_write_byte                           0x08000fe9   Thumb Code    94  u8x8_byte.o(i.i2c_write_byte)
    i.main                                   0x08001048   Section        0  main.o(i.main)
    i.u8g2_ClearBuffer                       0x080010c4   Section        0  u8g2_buffer.o(i.u8g2_ClearBuffer)
    i.u8g2_DrawGlyph                         0x080010de   Section        0  u8g2_font.o(i.u8g2_DrawGlyph)
    i.u8g2_DrawHVLine                        0x08001140   Section        0  u8g2_hvline.o(i.u8g2_DrawHVLine)
    i.u8g2_DrawStr                           0x0800121c   Section        0  u8g2_font.o(i.u8g2_DrawStr)
    i.u8g2_GPIo_Setting                      0x08001240   Section        0  u8g2_user.o(i.u8g2_GPIo_Setting)
    i.u8g2_I2C_Mode                          0x08001294   Section        0  u8g2_user.o(i.u8g2_I2C_Mode)
    i.u8g2_IsIntersection                    0x080012c8   Section        0  u8g2_intersection.o(i.u8g2_IsIntersection)
    i.u8g2_SendBuffer                        0x08001302   Section        0  u8g2_buffer.o(i.u8g2_SendBuffer)
    i.u8g2_SetFont                           0x08001314   Section        0  u8g2_font.o(i.u8g2_SetFont)
    i.u8g2_SetFontPosBaseline                0x08001334   Section        0  u8g2_font.o(i.u8g2_SetFontPosBaseline)
    i.u8g2_SetMaxClipWindow                  0x08001340   Section        0  u8g2_setup.o(i.u8g2_SetMaxClipWindow)
    i.u8g2_SetupBuffer                       0x08001360   Section        0  u8g2_setup.o(i.u8g2_SetupBuffer)
    i.u8g2_Setup_ssd1306_i2c_128x64_noname_f 0x080013bc   Section        0  u8g2_d_setup.o(i.u8g2_Setup_ssd1306_i2c_128x64_noname_f)
    i.u8g2_UpdateRefHeight                   0x08001400   Section        0  u8g2_font.o(i.u8g2_UpdateRefHeight)
    i.u8g2_add_vector_x                      0x08001488   Section        0  u8g2_font.o(i.u8g2_add_vector_x)
    i.u8g2_add_vector_y                      0x080014b2   Section        0  u8g2_font.o(i.u8g2_add_vector_y)
    i.u8g2_apply_clip_window                 0x080014dc   Section        0  u8g2_setup.o(i.u8g2_apply_clip_window)
    u8g2_apply_clip_window                   0x080014dd   Thumb Code   122  u8g2_setup.o(i.u8g2_apply_clip_window)
    i.u8g2_clip_intersection2                0x08001556   Section        0  u8g2_hvline.o(i.u8g2_clip_intersection2)
    u8g2_clip_intersection2                  0x08001557   Thumb Code    76  u8g2_hvline.o(i.u8g2_clip_intersection2)
    i.u8g2_draw_hv_line_2dir                 0x080015a2   Section        0  u8g2_hvline.o(i.u8g2_draw_hv_line_2dir)
    i.u8g2_draw_l90_mirrorr_r0               0x080015ce   Section        0  u8g2_setup.o(i.u8g2_draw_l90_mirrorr_r0)
    i.u8g2_draw_l90_r0                       0x0800160a   Section        0  u8g2_setup.o(i.u8g2_draw_l90_r0)
    i.u8g2_draw_l90_r1                       0x0800162e   Section        0  u8g2_setup.o(i.u8g2_draw_l90_r1)
    i.u8g2_draw_l90_r2                       0x08001672   Section        0  u8g2_setup.o(i.u8g2_draw_l90_r2)
    i.u8g2_draw_l90_r3                       0x080016c8   Section        0  u8g2_setup.o(i.u8g2_draw_l90_r3)
    i.u8g2_draw_mirror_vertical_r0           0x08001718   Section        0  u8g2_setup.o(i.u8g2_draw_mirror_vertical_r0)
    i.u8g2_draw_string                       0x08001754   Section        0  u8g2_font.o(i.u8g2_draw_string)
    u8g2_draw_string                         0x08001755   Thumb Code   144  u8g2_font.o(i.u8g2_draw_string)
    i.u8g2_font_calc_vref_font               0x080017e4   Section        0  u8g2_font.o(i.u8g2_font_calc_vref_font)
    i.u8g2_font_decode_get_signed_bits       0x080017ea   Section        0  u8g2_font.o(i.u8g2_font_decode_get_signed_bits)
    i.u8g2_font_decode_get_unsigned_bits     0x0800180e   Section        0  u8g2_font.o(i.u8g2_font_decode_get_unsigned_bits)
    i.u8g2_font_decode_glyph                 0x08001850   Section        0  u8g2_font.o(i.u8g2_font_decode_glyph)
    i.u8g2_font_decode_len                   0x080019d2   Section        0  u8g2_font.o(i.u8g2_font_decode_len)
    i.u8g2_font_draw_glyph                   0x08001a82   Section        0  u8g2_font.o(i.u8g2_font_draw_glyph)
    u8g2_font_draw_glyph                     0x08001a83   Thumb Code    58  u8g2_font.o(i.u8g2_font_draw_glyph)
    i.u8g2_font_get_byte                     0x08001abc   Section        0  u8g2_font.o(i.u8g2_font_get_byte)
    u8g2_font_get_byte                       0x08001abd   Thumb Code     8  u8g2_font.o(i.u8g2_font_get_byte)
    i.u8g2_font_get_glyph_data               0x08001ac4   Section        0  u8g2_font.o(i.u8g2_font_get_glyph_data)
    i.u8g2_font_get_word                     0x08001b56   Section        0  u8g2_font.o(i.u8g2_font_get_word)
    u8g2_font_get_word                       0x08001b57   Thumb Code    24  u8g2_font.o(i.u8g2_font_get_word)
    i.u8g2_font_setup_decode                 0x08001b6e   Section        0  u8g2_font.o(i.u8g2_font_setup_decode)
    u8g2_font_setup_decode                   0x08001b6f   Thumb Code    64  u8g2_font.o(i.u8g2_font_setup_decode)
    i.u8g2_init                              0x08001bae   Section        0  u8g2_user.o(i.u8g2_init)
    i.u8g2_is_intersection_decision_tree     0x08001bd8   Section        0  u8g2_intersection.o(i.u8g2_is_intersection_decision_tree)
    i.u8g2_ll_hvline_vertical_top_lsb        0x08001c08   Section        0  u8g2_ll_hvline.o(i.u8g2_ll_hvline_vertical_top_lsb)
    i.u8g2_m_16_8_f                          0x08001cf8   Section        0  u8g2_d_memory.o(i.u8g2_m_16_8_f)
    i.u8g2_read_font_info                    0x08001d08   Section        0  u8g2_font.o(i.u8g2_read_font_info)
    i.u8g2_send_buffer                       0x08001de8   Section        0  u8g2_buffer.o(i.u8g2_send_buffer)
    u8g2_send_buffer                         0x08001de9   Thumb Code    54  u8g2_buffer.o(i.u8g2_send_buffer)
    i.u8g2_send_tile_row                     0x08001e1e   Section        0  u8g2_buffer.o(i.u8g2_send_tile_row)
    u8g2_send_tile_row                       0x08001e1f   Thumb Code    54  u8g2_buffer.o(i.u8g2_send_tile_row)
    i.u8g2_update_dimension_common           0x08001e54   Section        0  u8g2_setup.o(i.u8g2_update_dimension_common)
    u8g2_update_dimension_common             0x08001e55   Thumb Code    96  u8g2_setup.o(i.u8g2_update_dimension_common)
    i.u8g2_update_dimension_r0               0x08001eb4   Section        0  u8g2_setup.o(i.u8g2_update_dimension_r0)
    i.u8g2_update_dimension_r1               0x08001ec0   Section        0  u8g2_setup.o(i.u8g2_update_dimension_r1)
    i.u8g2_update_dimension_r2               0x08001edc   Section        0  u8g2_setup.o(i.u8g2_update_dimension_r2)
    i.u8g2_update_dimension_r3               0x08001ee8   Section        0  u8g2_setup.o(i.u8g2_update_dimension_r3)
    i.u8g2_update_page_win_r0                0x08001f04   Section        0  u8g2_setup.o(i.u8g2_update_page_win_r0)
    i.u8g2_update_page_win_r1                0x08001f24   Section        0  u8g2_setup.o(i.u8g2_update_page_win_r1)
    i.u8g2_update_page_win_r2                0x08001f44   Section        0  u8g2_setup.o(i.u8g2_update_page_win_r2)
    i.u8g2_update_page_win_r3                0x08001f80   Section        0  u8g2_setup.o(i.u8g2_update_page_win_r3)
    i.u8x8_DrawTile                          0x08001fbc   Section        0  u8x8_display.o(i.u8x8_DrawTile)
    i.u8x8_InitDisplay                       0x08001fee   Section        0  u8x8_display.o(i.u8x8_InitDisplay)
    i.u8x8_RefreshDisplay                    0x08002000   Section        0  u8x8_display.o(i.u8x8_RefreshDisplay)
    i.u8x8_SetPowerSave                      0x08002012   Section        0  u8x8_display.o(i.u8x8_SetPowerSave)
    i.u8x8_Setup                             0x08002026   Section        0  u8x8_setup.o(i.u8x8_Setup)
    i.u8x8_SetupDefaults                     0x08002050   Section        0  u8x8_setup.o(i.u8x8_SetupDefaults)
    i.u8x8_SetupMemory                       0x0800207c   Section        0  u8x8_display.o(i.u8x8_SetupMemory)
    i.u8x8_ascii_next                        0x0800208e   Section        0  u8x8_8x8.o(i.u8x8_ascii_next)
    i.u8x8_byte_EndTransfer                  0x080020a0   Section        0  u8x8_byte.o(i.u8x8_byte_EndTransfer)
    i.u8x8_byte_SendByte                     0x080020b2   Section        0  u8x8_byte.o(i.u8x8_byte_SendByte)
    i.u8x8_byte_SendBytes                    0x080020c2   Section        0  u8x8_byte.o(i.u8x8_byte_SendBytes)
    i.u8x8_byte_StartTransfer                0x080020dc   Section        0  u8x8_byte.o(i.u8x8_byte_StartTransfer)
    i.u8x8_byte_hw_i2c                       0x080020f0   Section        0  u8g2_user.o(i.u8x8_byte_hw_i2c)
    i.u8x8_byte_sw_i2c                       0x080021d4   Section        0  u8x8_byte.o(i.u8x8_byte_sw_i2c)
    i.u8x8_cad_EndTransfer                   0x08002242   Section        0  u8x8_cad.o(i.u8x8_cad_EndTransfer)
    i.u8x8_cad_SendArg                       0x08002254   Section        0  u8x8_cad.o(i.u8x8_cad_SendArg)
    i.u8x8_cad_SendCmd                       0x08002268   Section        0  u8x8_cad.o(i.u8x8_cad_SendCmd)
    i.u8x8_cad_SendData                      0x0800227c   Section        0  u8x8_cad.o(i.u8x8_cad_SendData)
    i.u8x8_cad_SendSequence                  0x08002296   Section        0  u8x8_cad.o(i.u8x8_cad_SendSequence)
    i.u8x8_cad_StartTransfer                 0x08002312   Section        0  u8x8_cad.o(i.u8x8_cad_StartTransfer)
    i.u8x8_cad_ssd13xx_fast_i2c              0x08002324   Section        0  u8x8_cad.o(i.u8x8_cad_ssd13xx_fast_i2c)
    i.u8x8_d_helper_display_init             0x080023f8   Section        0  u8x8_display.o(i.u8x8_d_helper_display_init)
    i.u8x8_d_helper_display_setup_memory     0x08002458   Section        0  u8x8_display.o(i.u8x8_d_helper_display_setup_memory)
    i.u8x8_d_ssd1306_128x64_noname           0x08002464   Section        0  u8x8_d_ssd1306_128x64_noname.o(i.u8x8_d_ssd1306_128x64_noname)
    i.u8x8_d_ssd1306_sh1106_generic          0x080024b8   Section        0  u8x8_d_ssd1306_128x64_noname.o(i.u8x8_d_ssd1306_sh1106_generic)
    u8x8_d_ssd1306_sh1106_generic            0x080024b9   Thumb Code   242  u8x8_d_ssd1306_128x64_noname.o(i.u8x8_d_ssd1306_sh1106_generic)
    i.u8x8_dummy_cb                          0x080025bc   Section        0  u8x8_setup.o(i.u8x8_dummy_cb)
    i.u8x8_gpio_and_delay                    0x080025c4   Section        0  u8g2_user.o(i.u8x8_gpio_and_delay)
    i.u8x8_gpio_call                         0x08002680   Section        0  u8x8_gpio.o(i.u8x8_gpio_call)
    i.u8x8_i2c_data_transfer                 0x0800269a   Section        0  u8x8_cad.o(i.u8x8_i2c_data_transfer)
    u8x8_i2c_data_transfer                   0x0800269b   Thumb Code    46  u8x8_cad.o(i.u8x8_i2c_data_transfer)
    i.u8x8_utf8_init                         0x080026c8   Section        0  u8x8_8x8.o(i.u8x8_utf8_init)
    .constdata                               0x080026d0   Section       16  u8g2_user.o(.constdata)
    .constdata                               0x080026e0   Section    10346  u8g2_fonts.o(.constdata)
    .constdata                               0x08004f4c   Section       72  u8g2_setup.o(.constdata)
    .constdata                               0x08004f94   Section      344  u8x8_d_ssd1306_128x64_noname.o(.constdata)
    u8x8_d_ssd1306_128x64_noname_init_seq    0x08004f94   Data          53  u8x8_d_ssd1306_128x64_noname.o(.constdata)
    u8x8_d_ssd1306_128x64_vcomh0_init_seq    0x08004fc9   Data          53  u8x8_d_ssd1306_128x64_noname.o(.constdata)
    u8x8_d_ssd1306_128x64_alt0_init_seq      0x08004ffe   Data          53  u8x8_d_ssd1306_128x64_noname.o(.constdata)
    u8x8_d_sh1106_128x64_winstar_init_seq    0x08005033   Data          45  u8x8_d_ssd1306_128x64_noname.o(.constdata)
    u8x8_d_ssd1312_128x64_noname_init_seq    0x08005060   Data          53  u8x8_d_ssd1306_128x64_noname.o(.constdata)
    u8x8_d_ssd1306_128x64_noname_powersave0_seq 0x08005095   Data           5  u8x8_d_ssd1306_128x64_noname.o(.constdata)
    u8x8_d_ssd1306_128x64_noname_powersave1_seq 0x0800509a   Data           5  u8x8_d_ssd1306_128x64_noname.o(.constdata)
    u8x8_d_ssd1306_128x64_noname_flip0_seq   0x0800509f   Data           7  u8x8_d_ssd1306_128x64_noname.o(.constdata)
    u8x8_d_ssd1306_128x64_noname_flip1_seq   0x080050a6   Data           7  u8x8_d_ssd1306_128x64_noname.o(.constdata)
    u8x8_d_ssd1312_128x64_noname_flip0_seq   0x080050ad   Data           7  u8x8_d_ssd1306_128x64_noname.o(.constdata)
    u8x8_d_ssd1312_128x64_noname_flip1_seq   0x080050b4   Data           7  u8x8_d_ssd1306_128x64_noname.o(.constdata)
    u8x8_ssd1306_128x64_noname_display_info  0x080050bc   Data          24  u8x8_d_ssd1306_128x64_noname.o(.constdata)
    u8x8_sh1106_128x64_noname_display_info   0x080050d4   Data          24  u8x8_d_ssd1306_128x64_noname.o(.constdata)
    .data                                    0x20000000   Section       20  stm32f10x_rcc.o(.data)
    APBAHBPrescTable                         0x20000000   Data          16  stm32f10x_rcc.o(.data)
    ADCPrescTable                            0x20000010   Data           4  stm32f10x_rcc.o(.data)
    .data                                    0x20000014   Section        1  main.o(.data)
    .data                                    0x20000015   Section        6  u8x8_cad.o(.data)
    in_transfer                              0x20000015   Data           1  u8x8_cad.o(.data)
    in_transfer                              0x20000016   Data           1  u8x8_cad.o(.data)
    in_transfer                              0x20000017   Data           1  u8x8_cad.o(.data)
    is_data                                  0x20000018   Data           1  u8x8_cad.o(.data)
    in_transfer                              0x20000019   Data           1  u8x8_cad.o(.data)
    is_data                                  0x2000001a   Data           1  u8x8_cad.o(.data)
    .bss                                     0x2000001c   Section      200  main.o(.bss)
    .bss                                     0x200000e4   Section     1024  u8g2_d_memory.o(.bss)
    buf                                      0x200000e4   Data        1024  u8g2_d_memory.o(.bss)
    .bss                                     0x200004e4   Section       96  libspace.o(.bss)
    HEAP                                     0x20000548   Section      512  startup_stm32f10x_hd.o(HEAP)
    Heap_Mem                                 0x20000548   Data         512  startup_stm32f10x_hd.o(HEAP)
    STACK                                    0x20000748   Section     1024  startup_stm32f10x_hd.o(STACK)
    Stack_Mem                                0x20000748   Data        1024  startup_stm32f10x_hd.o(STACK)
    __initial_sp                             0x20000b48   Data           0  startup_stm32f10x_hd.o(STACK)

    Global Symbols

    Symbol Name                              Value     Ov Type        Size  Object(Section)

    BuildAttributes$$THM_ISAv4$P$D$K$B$S$PE$A:L22UL41UL21$X:L11$S22US41US21$IEEE1$IW$USESV6$~STKCKD$USESV7$~SHL$OSPACE$ROPI$EBA8$UX$STANDARDLIB$REQ8$PRES8$EABIv2 0x00000000   Number         0  anon$$obj.o ABSOLUTE
    __ARM_use_no_argv                        0x00000000   Number         0  main.o ABSOLUTE
    __ARM_exceptions_init                     - Undefined Weak Reference
    __alloca_initialize                       - Undefined Weak Reference
    __arm_preinit_                            - Undefined Weak Reference
    __cpp_initialize__aeabi_                  - Undefined Weak Reference
    __cxa_finalize                            - Undefined Weak Reference
    __rt_locale                               - Undefined Weak Reference
    __sigvec_lookup                           - Undefined Weak Reference
    _atexit_init                              - Undefined Weak Reference
    _call_atexit_fns                          - Undefined Weak Reference
    _clock_init                               - Undefined Weak Reference
    _fp_trap_init                             - Undefined Weak Reference
    _fp_trap_shutdown                         - Undefined Weak Reference
    _get_lc_collate                           - Undefined Weak Reference
    _get_lc_ctype                             - Undefined Weak Reference
    _get_lc_monetary                          - Undefined Weak Reference
    _get_lc_numeric                           - Undefined Weak Reference
    _get_lc_time                              - Undefined Weak Reference
    _getenv_init                              - Undefined Weak Reference
    _handle_redirection                       - Undefined Weak Reference
    _init_alloc                               - Undefined Weak Reference
    _init_user_alloc                          - Undefined Weak Reference
    _initio                                   - Undefined Weak Reference
    _printf_post_padding                      - Undefined Weak Reference
    _printf_pre_padding                       - Undefined Weak Reference
    _printf_truncate_signed                   - Undefined Weak Reference
    _printf_truncate_unsigned                 - Undefined Weak Reference
    _rand_init                                - Undefined Weak Reference
    _signal_finish                            - Undefined Weak Reference
    _signal_init                              - Undefined Weak Reference
    _terminate_alloc                          - Undefined Weak Reference
    _terminate_user_alloc                     - Undefined Weak Reference
    _terminateio                              - Undefined Weak Reference
    __Vectors_Size                           0x00000130   Number         0  startup_stm32f10x_hd.o ABSOLUTE
    __Vectors                                0x08000000   Data           4  startup_stm32f10x_hd.o(RESET)
    __Vectors_End                            0x08000130   Data           0  startup_stm32f10x_hd.o(RESET)
    __main                                   0x08000131   Thumb Code     8  __main.o(!!!main)
    __scatterload                            0x08000139   Thumb Code     0  __scatter.o(!!!scatter)
    __scatterload_rt2                        0x08000139   Thumb Code    44  __scatter.o(!!!scatter)
    __scatterload_rt2_thumb_only             0x08000139   Thumb Code     0  __scatter.o(!!!scatter)
    __scatterload_null                       0x08000147   Thumb Code     0  __scatter.o(!!!scatter)
    __scatterload_copy                       0x0800016d   Thumb Code    26  __scatter_copy.o(!!handler_copy)
    __scatterload_zeroinit                   0x08000189   Thumb Code    28  __scatter_zi.o(!!handler_zi)
    _printf_d                                0x080001a5   Thumb Code     0  _printf_d.o(.ARM.Collect$$_printf_percent$$00000009)
    _printf_percent                          0x080001a5   Thumb Code     0  _printf_percent.o(.ARM.Collect$$_printf_percent$$00000000)
    _printf_percent_end                      0x080001ab   Thumb Code     0  _printf_percent_end.o(.ARM.Collect$$_printf_percent$$00000017)
    __rt_lib_init                            0x080001af   Thumb Code     0  libinit.o(.ARM.Collect$$libinit$$00000000)
    __rt_lib_init_alloca_1                   0x080001b1   Thumb Code     0  libinit2.o(.ARM.Collect$$libinit$$0000002E)
    __rt_lib_init_argv_1                     0x080001b1   Thumb Code     0  libinit2.o(.ARM.Collect$$libinit$$0000002C)
    __rt_lib_init_atexit_1                   0x080001b1   Thumb Code     0  libinit2.o(.ARM.Collect$$libinit$$0000001B)
    __rt_lib_init_clock_1                    0x080001b1   Thumb Code     0  libinit2.o(.ARM.Collect$$libinit$$00000021)
    __rt_lib_init_cpp_1                      0x080001b1   Thumb Code     0  libinit2.o(.ARM.Collect$$libinit$$00000032)
    __rt_lib_init_exceptions_1               0x080001b1   Thumb Code     0  libinit2.o(.ARM.Collect$$libinit$$00000030)
    __rt_lib_init_fp_1                       0x080001b1   Thumb Code     0  libinit2.o(.ARM.Collect$$libinit$$00000002)
    __rt_lib_init_fp_trap_1                  0x080001b1   Thumb Code     0  libinit2.o(.ARM.Collect$$libinit$$0000001F)
    __rt_lib_init_getenv_1                   0x080001b1   Thumb Code     0  libinit2.o(.ARM.Collect$$libinit$$00000023)
    __rt_lib_init_heap_1                     0x080001b1   Thumb Code     0  libinit2.o(.ARM.Collect$$libinit$$0000000A)
    __rt_lib_init_lc_collate_1               0x080001b1   Thumb Code     0  libinit2.o(.ARM.Collect$$libinit$$00000011)
    __rt_lib_init_lc_ctype_1                 0x080001b1   Thumb Code     0  libinit2.o(.ARM.Collect$$libinit$$00000013)
    __rt_lib_init_lc_monetary_1              0x080001b1   Thumb Code     0  libinit2.o(.ARM.Collect$$libinit$$00000015)
    __rt_lib_init_lc_numeric_1               0x080001b1   Thumb Code     0  libinit2.o(.ARM.Collect$$libinit$$00000017)
    __rt_lib_init_lc_time_1                  0x080001b1   Thumb Code     0  libinit2.o(.ARM.Collect$$libinit$$00000019)
    __rt_lib_init_preinit_1                  0x080001b1   Thumb Code     0  libinit2.o(.ARM.Collect$$libinit$$00000004)
    __rt_lib_init_rand_1                     0x080001b1   Thumb Code     0  libinit2.o(.ARM.Collect$$libinit$$0000000E)
    __rt_lib_init_return                     0x080001b1   Thumb Code     0  libinit2.o(.ARM.Collect$$libinit$$00000033)
    __rt_lib_init_signal_1                   0x080001b1   Thumb Code     0  libinit2.o(.ARM.Collect$$libinit$$0000001D)
    __rt_lib_init_stdio_1                    0x080001b1   Thumb Code     0  libinit2.o(.ARM.Collect$$libinit$$00000025)
    __rt_lib_init_user_alloc_1               0x080001b1   Thumb Code     0  libinit2.o(.ARM.Collect$$libinit$$0000000C)
    __rt_lib_shutdown                        0x080001b3   Thumb Code     0  libshutdown.o(.ARM.Collect$$libshutdown$$00000000)
    __rt_lib_shutdown_cpp_1                  0x080001b5   Thumb Code     0  libshutdown2.o(.ARM.Collect$$libshutdown$$00000002)
    __rt_lib_shutdown_fp_trap_1              0x080001b5   Thumb Code     0  libshutdown2.o(.ARM.Collect$$libshutdown$$00000007)
    __rt_lib_shutdown_heap_1                 0x080001b5   Thumb Code     0  libshutdown2.o(.ARM.Collect$$libshutdown$$0000000F)
    __rt_lib_shutdown_return                 0x080001b5   Thumb Code     0  libshutdown2.o(.ARM.Collect$$libshutdown$$00000010)
    __rt_lib_shutdown_signal_1               0x080001b5   Thumb Code     0  libshutdown2.o(.ARM.Collect$$libshutdown$$0000000A)
    __rt_lib_shutdown_stdio_1                0x080001b5   Thumb Code     0  libshutdown2.o(.ARM.Collect$$libshutdown$$00000004)
    __rt_lib_shutdown_user_alloc_1           0x080001b5   Thumb Code     0  libshutdown2.o(.ARM.Collect$$libshutdown$$0000000C)
    __rt_entry                               0x080001b7   Thumb Code     0  __rtentry.o(.ARM.Collect$$rtentry$$00000000)
    __rt_entry_presh_1                       0x080001b7   Thumb Code     0  __rtentry2.o(.ARM.Collect$$rtentry$$00000002)
    __rt_entry_sh                            0x080001b7   Thumb Code     0  __rtentry4.o(.ARM.Collect$$rtentry$$00000004)
    __rt_entry_li                            0x080001bd   Thumb Code     0  __rtentry2.o(.ARM.Collect$$rtentry$$0000000A)
    __rt_entry_postsh_1                      0x080001bd   Thumb Code     0  __rtentry2.o(.ARM.Collect$$rtentry$$00000009)
    __rt_entry_main                          0x080001c1   Thumb Code     0  __rtentry2.o(.ARM.Collect$$rtentry$$0000000D)
    __rt_entry_postli_1                      0x080001c1   Thumb Code     0  __rtentry2.o(.ARM.Collect$$rtentry$$0000000C)
    __rt_exit                                0x080001c9   Thumb Code     0  rtexit.o(.ARM.Collect$$rtexit$$00000000)
    __rt_exit_ls                             0x080001cb   Thumb Code     0  rtexit2.o(.ARM.Collect$$rtexit$$00000003)
    __rt_exit_prels_1                        0x080001cb   Thumb Code     0  rtexit2.o(.ARM.Collect$$rtexit$$00000002)
    __rt_exit_exit                           0x080001cf   Thumb Code     0  rtexit2.o(.ARM.Collect$$rtexit$$00000004)
    Reset_Handler                            0x080001d5   Thumb Code     8  startup_stm32f10x_hd.o(.text)
    ADC1_2_IRQHandler                        0x080001ef   Thumb Code     0  startup_stm32f10x_hd.o(.text)
    ADC3_IRQHandler                          0x080001ef   Thumb Code     0  startup_stm32f10x_hd.o(.text)
    CAN1_RX1_IRQHandler                      0x080001ef   Thumb Code     0  startup_stm32f10x_hd.o(.text)
    CAN1_SCE_IRQHandler                      0x080001ef   Thumb Code     0  startup_stm32f10x_hd.o(.text)
    DMA1_Channel1_IRQHandler                 0x080001ef   Thumb Code     0  startup_stm32f10x_hd.o(.text)
    DMA1_Channel2_IRQHandler                 0x080001ef   Thumb Code     0  startup_stm32f10x_hd.o(.text)
    DMA1_Channel3_IRQHandler                 0x080001ef   Thumb Code     0  startup_stm32f10x_hd.o(.text)
    DMA1_Channel4_IRQHandler                 0x080001ef   Thumb Code     0  startup_stm32f10x_hd.o(.text)
    DMA1_Channel5_IRQHandler                 0x080001ef   Thumb Code     0  startup_stm32f10x_hd.o(.text)
    DMA1_Channel6_IRQHandler                 0x080001ef   Thumb Code     0  startup_stm32f10x_hd.o(.text)
    DMA1_Channel7_IRQHandler                 0x080001ef   Thumb Code     0  startup_stm32f10x_hd.o(.text)
    DMA2_Channel1_IRQHandler                 0x080001ef   Thumb Code     0  startup_stm32f10x_hd.o(.text)
    DMA2_Channel2_IRQHandler                 0x080001ef   Thumb Code     0  startup_stm32f10x_hd.o(.text)
    DMA2_Channel3_IRQHandler                 0x080001ef   Thumb Code     0  startup_stm32f10x_hd.o(.text)
    DMA2_Channel4_5_IRQHandler               0x080001ef   Thumb Code     0  startup_stm32f10x_hd.o(.text)
    EXTI0_IRQHandler                         0x080001ef   Thumb Code     0  startup_stm32f10x_hd.o(.text)
    EXTI15_10_IRQHandler                     0x080001ef   Thumb Code     0  startup_stm32f10x_hd.o(.text)
    EXTI1_IRQHandler                         0x080001ef   Thumb Code     0  startup_stm32f10x_hd.o(.text)
    EXTI2_IRQHandler                         0x080001ef   Thumb Code     0  startup_stm32f10x_hd.o(.text)
    EXTI3_IRQHandler                         0x080001ef   Thumb Code     0  startup_stm32f10x_hd.o(.text)
    EXTI4_IRQHandler                         0x080001ef   Thumb Code     0  startup_stm32f10x_hd.o(.text)
    EXTI9_5_IRQHandler                       0x080001ef   Thumb Code     0  startup_stm32f10x_hd.o(.text)
    FLASH_IRQHandler                         0x080001ef   Thumb Code     0  startup_stm32f10x_hd.o(.text)
    FSMC_IRQHandler                          0x080001ef   Thumb Code     0  startup_stm32f10x_hd.o(.text)
    I2C1_ER_IRQHandler                       0x080001ef   Thumb Code     0  startup_stm32f10x_hd.o(.text)
    I2C1_EV_IRQHandler                       0x080001ef   Thumb Code     0  startup_stm32f10x_hd.o(.text)
    I2C2_ER_IRQHandler                       0x080001ef   Thumb Code     0  startup_stm32f10x_hd.o(.text)
    I2C2_EV_IRQHandler                       0x080001ef   Thumb Code     0  startup_stm32f10x_hd.o(.text)
    PVD_IRQHandler                           0x080001ef   Thumb Code     0  startup_stm32f10x_hd.o(.text)
    RCC_IRQHandler                           0x080001ef   Thumb Code     0  startup_stm32f10x_hd.o(.text)
    RTCAlarm_IRQHandler                      0x080001ef   Thumb Code     0  startup_stm32f10x_hd.o(.text)
    RTC_IRQHandler                           0x080001ef   Thumb Code     0  startup_stm32f10x_hd.o(.text)
    SDIO_IRQHandler                          0x080001ef   Thumb Code     0  startup_stm32f10x_hd.o(.text)
    SPI1_IRQHandler                          0x080001ef   Thumb Code     0  startup_stm32f10x_hd.o(.text)
    SPI2_IRQHandler                          0x080001ef   Thumb Code     0  startup_stm32f10x_hd.o(.text)
    SPI3_IRQHandler                          0x080001ef   Thumb Code     0  startup_stm32f10x_hd.o(.text)
    TAMPER_IRQHandler                        0x080001ef   Thumb Code     0  startup_stm32f10x_hd.o(.text)
    TIM1_BRK_IRQHandler                      0x080001ef   Thumb Code     0  startup_stm32f10x_hd.o(.text)
    TIM1_CC_IRQHandler                       0x080001ef   Thumb Code     0  startup_stm32f10x_hd.o(.text)
    TIM1_TRG_COM_IRQHandler                  0x080001ef   Thumb Code     0  startup_stm32f10x_hd.o(.text)
    TIM1_UP_IRQHandler                       0x080001ef   Thumb Code     0  startup_stm32f10x_hd.o(.text)
    TIM2_IRQHandler                          0x080001ef   Thumb Code     0  startup_stm32f10x_hd.o(.text)
    TIM4_IRQHandler                          0x080001ef   Thumb Code     0  startup_stm32f10x_hd.o(.text)
    TIM5_IRQHandler                          0x080001ef   Thumb Code     0  startup_stm32f10x_hd.o(.text)
    TIM6_IRQHandler                          0x080001ef   Thumb Code     0  startup_stm32f10x_hd.o(.text)
    TIM7_IRQHandler                          0x080001ef   Thumb Code     0  startup_stm32f10x_hd.o(.text)
    TIM8_BRK_IRQHandler                      0x080001ef   Thumb Code     0  startup_stm32f10x_hd.o(.text)
    TIM8_CC_IRQHandler                       0x080001ef   Thumb Code     0  startup_stm32f10x_hd.o(.text)
    TIM8_TRG_COM_IRQHandler                  0x080001ef   Thumb Code     0  startup_stm32f10x_hd.o(.text)
    TIM8_UP_IRQHandler                       0x080001ef   Thumb Code     0  startup_stm32f10x_hd.o(.text)
    UART4_IRQHandler                         0x080001ef   Thumb Code     0  startup_stm32f10x_hd.o(.text)
    UART5_IRQHandler                         0x080001ef   Thumb Code     0  startup_stm32f10x_hd.o(.text)
    USART1_IRQHandler                        0x080001ef   Thumb Code     0  startup_stm32f10x_hd.o(.text)
    USART2_IRQHandler                        0x080001ef   Thumb Code     0  startup_stm32f10x_hd.o(.text)
    USART3_IRQHandler                        0x080001ef   Thumb Code     0  startup_stm32f10x_hd.o(.text)
    USBWakeUp_IRQHandler                     0x080001ef   Thumb Code     0  startup_stm32f10x_hd.o(.text)
    USB_HP_CAN1_TX_IRQHandler                0x080001ef   Thumb Code     0  startup_stm32f10x_hd.o(.text)
    USB_LP_CAN1_RX0_IRQHandler               0x080001ef   Thumb Code     0  startup_stm32f10x_hd.o(.text)
    WWDG_IRQHandler                          0x080001ef   Thumb Code     0  startup_stm32f10x_hd.o(.text)
    __user_initial_stackheap                 0x080001f1   Thumb Code     0  startup_stm32f10x_hd.o(.text)
    __2sprintf                               0x08000215   Thumb Code    34  noretval__2sprintf.o(.text)
    __printf                                 0x0800023d   Thumb Code   104  __printf.o(.text)
    _printf_int_dec                          0x080002a5   Thumb Code   104  _printf_dec.o(.text)
    __aeabi_memclr                           0x0800031d   Thumb Code     0  rt_memclr.o(.text)
    __rt_memclr                              0x0800031d   Thumb Code    68  rt_memclr.o(.text)
    _memset                                  0x08000321   Thumb Code     0  rt_memclr.o(.text)
    __aeabi_memclr4                          0x08000361   Thumb Code     0  rt_memclr_w.o(.text)
    __aeabi_memclr8                          0x08000361   Thumb Code     0  rt_memclr_w.o(.text)
    __rt_memclr_w                            0x08000361   Thumb Code    78  rt_memclr_w.o(.text)
    _memset_w                                0x08000365   Thumb Code     0  rt_memclr_w.o(.text)
    __use_two_region_memory                  0x080003af   Thumb Code     2  heapauxi.o(.text)
    __rt_heap_escrow$2region                 0x080003b1   Thumb Code     2  heapauxi.o(.text)
    __rt_heap_expand$2region                 0x080003b3   Thumb Code     2  heapauxi.o(.text)
    _printf_int_common                       0x080003b5   Thumb Code   178  _printf_intcommon.o(.text)
    _printf_char_common                      0x08000473   Thumb Code    32  _printf_char_common.o(.text)
    _sputc                                   0x08000499   Thumb Code    10  _sputc.o(.text)
    __user_setup_stackheap                   0x080004a3   Thumb Code    74  sys_stackheap_outer.o(.text)
    exit                                     0x080004ed   Thumb Code    18  exit.o(.text)
    __user_libspace                          0x08000501   Thumb Code     8  libspace.o(.text)
    __user_perproc_libspace                  0x08000501   Thumb Code     0  libspace.o(.text)
    __user_perthread_libspace                0x08000501   Thumb Code     0  libspace.o(.text)
    _sys_exit                                0x08000509   Thumb Code     8  sys_exit.o(.text)
    __I$use$semihosting                      0x08000515   Thumb Code     0  use_no_semi.o(.text)
    __use_no_semihosting_swi                 0x08000515   Thumb Code     2  use_no_semi.o(.text)
    BusFault_Handler                         0x08000517   Thumb Code     4  stm32f10x_it.o(i.BusFault_Handler)
    __semihosting_library_function           0x08000517   Thumb Code     0  indicate_semi.o(.text)
    DebugMon_Handler                         0x0800051b   Thumb Code     2  stm32f10x_it.o(i.DebugMon_Handler)
    GPIO_Init                                0x0800051d   Thumb Code   278  stm32f10x_gpio.o(i.GPIO_Init)
    GPIO_ReadInputDataBit                    0x08000633   Thumb Code    18  stm32f10x_gpio.o(i.GPIO_ReadInputDataBit)
    GPIO_ResetBits                           0x08000645   Thumb Code     4  stm32f10x_gpio.o(i.GPIO_ResetBits)
    GPIO_SetBits                             0x08000649   Thumb Code     4  stm32f10x_gpio.o(i.GPIO_SetBits)
    HardFault_Handler                        0x0800064d   Thumb Code     4  stm32f10x_it.o(i.HardFault_Handler)
    I2C_CheckEvent                           0x08000651   Thumb Code    42  stm32f10x_i2c.o(i.I2C_CheckEvent)
    I2C_Cmd                                  0x0800067b   Thumb Code    24  stm32f10x_i2c.o(i.I2C_Cmd)
    I2C_GenerateSTART                        0x08000693   Thumb Code    24  stm32f10x_i2c.o(i.I2C_GenerateSTART)
    I2C_GenerateSTOP                         0x080006ab   Thumb Code    24  stm32f10x_i2c.o(i.I2C_GenerateSTOP)
    I2C_GetFlagStatus                        0x080006c3   Thumb Code    58  stm32f10x_i2c.o(i.I2C_GetFlagStatus)
    I2C_Init                                 0x080006fd   Thumb Code   222  stm32f10x_i2c.o(i.I2C_Init)
    I2C_Send7bitAddress                      0x080007e9   Thumb Code    18  stm32f10x_i2c.o(i.I2C_Send7bitAddress)
    I2C_SendData                             0x080007fb   Thumb Code     4  stm32f10x_i2c.o(i.I2C_SendData)
    MemManage_Handler                        0x080007ff   Thumb Code     4  stm32f10x_it.o(i.MemManage_Handler)
    NMI_Handler                              0x08000803   Thumb Code     2  stm32f10x_it.o(i.NMI_Handler)
    NVIC_Init                                0x08000805   Thumb Code   100  misc.o(i.NVIC_Init)
    NVIC_PriorityGroupConfig                 0x08000875   Thumb Code    10  misc.o(i.NVIC_PriorityGroupConfig)
    PendSV_Handler                           0x08000889   Thumb Code     2  stm32f10x_it.o(i.PendSV_Handler)
    RCC_APB1PeriphClockCmd                   0x0800088d   Thumb Code    26  stm32f10x_rcc.o(i.RCC_APB1PeriphClockCmd)
    RCC_APB2PeriphClockCmd                   0x080008ad   Thumb Code    26  stm32f10x_rcc.o(i.RCC_APB2PeriphClockCmd)
    RCC_GetClocksFreq                        0x080008cd   Thumb Code   192  stm32f10x_rcc.o(i.RCC_GetClocksFreq)
    RCC_init                                 0x080009a1   Thumb Code    74  rcc.o(i.RCC_init)
    SVC_Handler                              0x080009f1   Thumb Code     2  stm32f10x_it.o(i.SVC_Handler)
    SysTick_Handler                          0x08000add   Thumb Code     2  stm32f10x_it.o(i.SysTick_Handler)
    SystemInit                               0x08000ae1   Thumb Code    78  system_stm32f10x.o(i.SystemInit)
    Systick_ms                               0x08000b41   Thumb Code    22  rcc.o(i.Systick_ms)
    Systick_us                               0x08000b57   Thumb Code    80  rcc.o(i.Systick_us)
    TIM3_IRQHandler                          0x08000ba9   Thumb Code    20  main.o(i.TIM3_IRQHandler)
    TIM_Cmd                                  0x08000bc1   Thumb Code    24  stm32f10x_tim.o(i.TIM_Cmd)
    TIM_ITConfig                             0x08000bd9   Thumb Code    18  stm32f10x_tim.o(i.TIM_ITConfig)
    TIM_NVIC                                 0x08000beb   Thumb Code    40  tim.o(i.TIM_NVIC)
    TIM_TimeBaseInit                         0x08000c15   Thumb Code   122  stm32f10x_tim.o(i.TIM_TimeBaseInit)
    TIM_rcc_gpio_init                        0x08000cb9   Thumb Code    74  tim.o(i.TIM_rcc_gpio_init)
    USART1_SendChar                          0x08000d09   Thumb Code    36  usart.o(i.USART1_SendChar)
    USART1_init                              0x08000d31   Thumb Code   148  usart.o(i.USART1_init)
    UsageFault_Handler                       0x08000ddd   Thumb Code     4  stm32f10x_it.o(i.UsageFault_Handler)
    VK36N16I_init                            0x08000de1   Thumb Code    30  vk36n16i.o(i.VK36N16I_init)
    main                                     0x08001049   Thumb Code    88  main.o(i.main)
    u8g2_ClearBuffer                         0x080010c5   Thumb Code    26  u8g2_buffer.o(i.u8g2_ClearBuffer)
    u8g2_DrawGlyph                           0x080010df   Thumb Code    98  u8g2_font.o(i.u8g2_DrawGlyph)
    u8g2_DrawHVLine                          0x08001141   Thumb Code   220  u8g2_hvline.o(i.u8g2_DrawHVLine)
    u8g2_DrawStr                             0x0800121d   Thumb Code    32  u8g2_font.o(i.u8g2_DrawStr)
    u8g2_GPIo_Setting                        0x08001241   Thumb Code    78  u8g2_user.o(i.u8g2_GPIo_Setting)
    u8g2_I2C_Mode                            0x08001295   Thumb Code    36  u8g2_user.o(i.u8g2_I2C_Mode)
    u8g2_IsIntersection                      0x080012c9   Thumb Code    58  u8g2_intersection.o(i.u8g2_IsIntersection)
    u8g2_SendBuffer                          0x08001303   Thumb Code    18  u8g2_buffer.o(i.u8g2_SendBuffer)
    u8g2_SetFont                             0x08001315   Thumb Code    32  u8g2_font.o(i.u8g2_SetFont)
    u8g2_SetFontPosBaseline                  0x08001335   Thumb Code     6  u8g2_font.o(i.u8g2_SetFontPosBaseline)
    u8g2_SetMaxClipWindow                    0x08001341   Thumb Code    32  u8g2_setup.o(i.u8g2_SetMaxClipWindow)
    u8g2_SetupBuffer                         0x08001361   Thumb Code    90  u8g2_setup.o(i.u8g2_SetupBuffer)
    u8g2_Setup_ssd1306_i2c_128x64_noname_f   0x080013bd   Thumb Code    54  u8g2_d_setup.o(i.u8g2_Setup_ssd1306_i2c_128x64_noname_f)
    u8g2_UpdateRefHeight                     0x08001401   Thumb Code   136  u8g2_font.o(i.u8g2_UpdateRefHeight)
    u8g2_add_vector_x                        0x08001489   Thumb Code    42  u8g2_font.o(i.u8g2_add_vector_x)
    u8g2_add_vector_y                        0x080014b3   Thumb Code    42  u8g2_font.o(i.u8g2_add_vector_y)
    u8g2_draw_hv_line_2dir                   0x080015a3   Thumb Code    44  u8g2_hvline.o(i.u8g2_draw_hv_line_2dir)
    u8g2_draw_l90_mirrorr_r0                 0x080015cf   Thumb Code    60  u8g2_setup.o(i.u8g2_draw_l90_mirrorr_r0)
    u8g2_draw_l90_r0                         0x0800160b   Thumb Code    36  u8g2_setup.o(i.u8g2_draw_l90_r0)
    u8g2_draw_l90_r1                         0x0800162f   Thumb Code    68  u8g2_setup.o(i.u8g2_draw_l90_r1)
    u8g2_draw_l90_r2                         0x08001673   Thumb Code    86  u8g2_setup.o(i.u8g2_draw_l90_r2)
    u8g2_draw_l90_r3                         0x080016c9   Thumb Code    80  u8g2_setup.o(i.u8g2_draw_l90_r3)
    u8g2_draw_mirror_vertical_r0             0x08001719   Thumb Code    60  u8g2_setup.o(i.u8g2_draw_mirror_vertical_r0)
    u8g2_font_calc_vref_font                 0x080017e5   Thumb Code     6  u8g2_font.o(i.u8g2_font_calc_vref_font)
    u8g2_font_decode_get_signed_bits         0x080017eb   Thumb Code    36  u8g2_font.o(i.u8g2_font_decode_get_signed_bits)
    u8g2_font_decode_get_unsigned_bits       0x0800180f   Thumb Code    66  u8g2_font.o(i.u8g2_font_decode_get_unsigned_bits)
    u8g2_font_decode_glyph                   0x08001851   Thumb Code   386  u8g2_font.o(i.u8g2_font_decode_glyph)
    u8g2_font_decode_len                     0x080019d3   Thumb Code   176  u8g2_font.o(i.u8g2_font_decode_len)
    u8g2_font_get_glyph_data                 0x08001ac5   Thumb Code   146  u8g2_font.o(i.u8g2_font_get_glyph_data)
    u8g2_init                                0x08001baf   Thumb Code    42  u8g2_user.o(i.u8g2_init)
    u8g2_is_intersection_decision_tree       0x08001bd9   Thumb Code    48  u8g2_intersection.o(i.u8g2_is_intersection_decision_tree)
    u8g2_ll_hvline_vertical_top_lsb          0x08001c09   Thumb Code   238  u8g2_ll_hvline.o(i.u8g2_ll_hvline_vertical_top_lsb)
    u8g2_m_16_8_f                            0x08001cf9   Thumb Code    10  u8g2_d_memory.o(i.u8g2_m_16_8_f)
    u8g2_read_font_info                      0x08001d09   Thumb Code   224  u8g2_font.o(i.u8g2_read_font_info)
    u8g2_update_dimension_r0                 0x08001eb5   Thumb Code    12  u8g2_setup.o(i.u8g2_update_dimension_r0)
    u8g2_update_dimension_r1                 0x08001ec1   Thumb Code    28  u8g2_setup.o(i.u8g2_update_dimension_r1)
    u8g2_update_dimension_r2                 0x08001edd   Thumb Code    12  u8g2_setup.o(i.u8g2_update_dimension_r2)
    u8g2_update_dimension_r3                 0x08001ee9   Thumb Code    28  u8g2_setup.o(i.u8g2_update_dimension_r3)
    u8g2_update_page_win_r0                  0x08001f05   Thumb Code    32  u8g2_setup.o(i.u8g2_update_page_win_r0)
    u8g2_update_page_win_r1                  0x08001f25   Thumb Code    32  u8g2_setup.o(i.u8g2_update_page_win_r1)
    u8g2_update_page_win_r2                  0x08001f45   Thumb Code    60  u8g2_setup.o(i.u8g2_update_page_win_r2)
    u8g2_update_page_win_r3                  0x08001f81   Thumb Code    60  u8g2_setup.o(i.u8g2_update_page_win_r3)
    u8x8_DrawTile                            0x08001fbd   Thumb Code    50  u8x8_display.o(i.u8x8_DrawTile)
    u8x8_InitDisplay                         0x08001fef   Thumb Code    18  u8x8_display.o(i.u8x8_InitDisplay)
    u8x8_RefreshDisplay                      0x08002001   Thumb Code    18  u8x8_display.o(i.u8x8_RefreshDisplay)
    u8x8_SetPowerSave                        0x08002013   Thumb Code    20  u8x8_display.o(i.u8x8_SetPowerSave)
    u8x8_Setup                               0x08002027   Thumb Code    42  u8x8_setup.o(i.u8x8_Setup)
    u8x8_SetupDefaults                       0x08002051   Thumb Code    38  u8x8_setup.o(i.u8x8_SetupDefaults)
    u8x8_SetupMemory                         0x0800207d   Thumb Code    18  u8x8_display.o(i.u8x8_SetupMemory)
    u8x8_ascii_next                          0x0800208f   Thumb Code    18  u8x8_8x8.o(i.u8x8_ascii_next)
    u8x8_byte_EndTransfer                    0x080020a1   Thumb Code    18  u8x8_byte.o(i.u8x8_byte_EndTransfer)
    u8x8_byte_SendByte                       0x080020b3   Thumb Code    16  u8x8_byte.o(i.u8x8_byte_SendByte)
    u8x8_byte_SendBytes                      0x080020c3   Thumb Code    26  u8x8_byte.o(i.u8x8_byte_SendBytes)
    u8x8_byte_StartTransfer                  0x080020dd   Thumb Code    18  u8x8_byte.o(i.u8x8_byte_StartTransfer)
    u8x8_byte_hw_i2c                         0x080020f1   Thumb Code   210  u8g2_user.o(i.u8x8_byte_hw_i2c)
    u8x8_byte_sw_i2c                         0x080021d5   Thumb Code   110  u8x8_byte.o(i.u8x8_byte_sw_i2c)
    u8x8_cad_EndTransfer                     0x08002243   Thumb Code    18  u8x8_cad.o(i.u8x8_cad_EndTransfer)
    u8x8_cad_SendArg                         0x08002255   Thumb Code    20  u8x8_cad.o(i.u8x8_cad_SendArg)
    u8x8_cad_SendCmd                         0x08002269   Thumb Code    20  u8x8_cad.o(i.u8x8_cad_SendCmd)
    u8x8_cad_SendData                        0x0800227d   Thumb Code    26  u8x8_cad.o(i.u8x8_cad_SendData)
    u8x8_cad_SendSequence                    0x08002297   Thumb Code   124  u8x8_cad.o(i.u8x8_cad_SendSequence)
    u8x8_cad_StartTransfer                   0x08002313   Thumb Code    18  u8x8_cad.o(i.u8x8_cad_StartTransfer)
    u8x8_cad_ssd13xx_fast_i2c                0x08002325   Thumb Code   208  u8x8_cad.o(i.u8x8_cad_ssd13xx_fast_i2c)
    u8x8_d_helper_display_init               0x080023f9   Thumb Code    96  u8x8_display.o(i.u8x8_d_helper_display_init)
    u8x8_d_helper_display_setup_memory       0x08002459   Thumb Code    12  u8x8_display.o(i.u8x8_d_helper_display_setup_memory)
    u8x8_d_ssd1306_128x64_noname             0x08002465   Thumb Code    76  u8x8_d_ssd1306_128x64_noname.o(i.u8x8_d_ssd1306_128x64_noname)
    u8x8_dummy_cb                            0x080025bd   Thumb Code     8  u8x8_setup.o(i.u8x8_dummy_cb)
    u8x8_gpio_and_delay                      0x080025c5   Thumb Code   184  u8g2_user.o(i.u8x8_gpio_and_delay)
    u8x8_gpio_call                           0x08002681   Thumb Code    26  u8x8_gpio.o(i.u8x8_gpio_call)
    u8x8_utf8_init                           0x080026c9   Thumb Code     8  u8x8_8x8.o(i.u8x8_utf8_init)
    u8g2_font_u8glib_4_tf                    0x080026e0   Data        1782  u8g2_fonts.o(.constdata)
    u8g2_font_7x13_te                        0x08002dd6   Data        8564  u8g2_fonts.o(.constdata)
    u8g2_cb_r0                               0x08004f4c   Data          12  u8g2_setup.o(.constdata)
    u8g2_cb_r1                               0x08004f58   Data          12  u8g2_setup.o(.constdata)
    u8g2_cb_r2                               0x08004f64   Data          12  u8g2_setup.o(.constdata)
    u8g2_cb_r3                               0x08004f70   Data          12  u8g2_setup.o(.constdata)
    u8g2_cb_mirror                           0x08004f7c   Data          12  u8g2_setup.o(.constdata)
    u8g2_cb_mirror_vertical                  0x08004f88   Data          12  u8g2_setup.o(.constdata)
    Region$$Table$$Base                      0x080050ec   Number         0  anon$$obj.o(Region$$Table)
    Region$$Table$$Limit                     0x0800510c   Number         0  anon$$obj.o(Region$$Table)
    key                                      0x20000014   Data           1  main.o(.data)
    u8g2                                     0x2000001c   Data         148  main.o(.bss)
    i2c                                      0x200000b0   Data          20  main.o(.bss)
    key_buff                                 0x200000c4   Data          32  main.o(.bss)
    __libspace_start                         0x200004e4   Data          96  libspace.o(.bss)
    __temporary_stack_top$libspace           0x20000544   Data           0  libspace.o(.bss)



==============================================================================

Memory Map of the image

  Image Entry point : 0x08000131

  Load Region LR_IROM1 (Base: 0x08000000, Size: 0x00005128, Max: 0x00040000, ABSOLUTE)

    Execution Region ER_IROM1 (Base: 0x08000000, Size: 0x0000510c, Max: 0x00040000, ABSOLUTE)

    Base Addr    Size         Type   Attr      Idx    E Section Name        Object

    0x08000000   0x00000130   Data   RO         3227    RESET               startup_stm32f10x_hd.o
    0x08000130   0x00000008   Code   RO         6331  * !!!main             c_w.l(__main.o)
    0x08000138   0x00000034   Code   RO         6497    !!!scatter          c_w.l(__scatter.o)
    0x0800016c   0x0000001a   Code   RO         6499    !!handler_copy      c_w.l(__scatter_copy.o)
    0x08000186   0x00000002   PAD
    0x08000188   0x0000001c   Code   RO         6501    !!handler_zi        c_w.l(__scatter_zi.o)
    0x080001a4   0x00000000   Code   RO         6322    .ARM.Collect$$_printf_percent$$00000000  c_w.l(_printf_percent.o)
    0x080001a4   0x00000006   Code   RO         6321    .ARM.Collect$$_printf_percent$$00000009  c_w.l(_printf_d.o)
    0x080001aa   0x00000004   Code   RO         6340    .ARM.Collect$$_printf_percent$$00000017  c_w.l(_printf_percent_end.o)
    0x080001ae   0x00000002   Code   RO         6367    .ARM.Collect$$libinit$$00000000  c_w.l(libinit.o)
    0x080001b0   0x00000000   Code   RO         6374    .ARM.Collect$$libinit$$00000002  c_w.l(libinit2.o)
    0x080001b0   0x00000000   Code   RO         6376    .ARM.Collect$$libinit$$00000004  c_w.l(libinit2.o)
    0x080001b0   0x00000000   Code   RO         6379    .ARM.Collect$$libinit$$0000000A  c_w.l(libinit2.o)
    0x080001b0   0x00000000   Code   RO         6381    .ARM.Collect$$libinit$$0000000C  c_w.l(libinit2.o)
    0x080001b0   0x00000000   Code   RO         6383    .ARM.Collect$$libinit$$0000000E  c_w.l(libinit2.o)
    0x080001b0   0x00000000   Code   RO         6386    .ARM.Collect$$libinit$$00000011  c_w.l(libinit2.o)
    0x080001b0   0x00000000   Code   RO         6388    .ARM.Collect$$libinit$$00000013  c_w.l(libinit2.o)
    0x080001b0   0x00000000   Code   RO         6390    .ARM.Collect$$libinit$$00000015  c_w.l(libinit2.o)
    0x080001b0   0x00000000   Code   RO         6392    .ARM.Collect$$libinit$$00000017  c_w.l(libinit2.o)
    0x080001b0   0x00000000   Code   RO         6394    .ARM.Collect$$libinit$$00000019  c_w.l(libinit2.o)
    0x080001b0   0x00000000   Code   RO         6396    .ARM.Collect$$libinit$$0000001B  c_w.l(libinit2.o)
    0x080001b0   0x00000000   Code   RO         6398    .ARM.Collect$$libinit$$0000001D  c_w.l(libinit2.o)
    0x080001b0   0x00000000   Code   RO         6400    .ARM.Collect$$libinit$$0000001F  c_w.l(libinit2.o)
    0x080001b0   0x00000000   Code   RO         6402    .ARM.Collect$$libinit$$00000021  c_w.l(libinit2.o)
    0x080001b0   0x00000000   Code   RO         6404    .ARM.Collect$$libinit$$00000023  c_w.l(libinit2.o)
    0x080001b0   0x00000000   Code   RO         6406    .ARM.Collect$$libinit$$00000025  c_w.l(libinit2.o)
    0x080001b0   0x00000000   Code   RO         6410    .ARM.Collect$$libinit$$0000002C  c_w.l(libinit2.o)
    0x080001b0   0x00000000   Code   RO         6412    .ARM.Collect$$libinit$$0000002E  c_w.l(libinit2.o)
    0x080001b0   0x00000000   Code   RO         6414    .ARM.Collect$$libinit$$00000030  c_w.l(libinit2.o)
    0x080001b0   0x00000000   Code   RO         6416    .ARM.Collect$$libinit$$00000032  c_w.l(libinit2.o)
    0x080001b0   0x00000002   Code   RO         6417    .ARM.Collect$$libinit$$00000033  c_w.l(libinit2.o)
    0x080001b2   0x00000002   Code   RO         6437    .ARM.Collect$$libshutdown$$00000000  c_w.l(libshutdown.o)
    0x080001b4   0x00000000   Code   RO         6450    .ARM.Collect$$libshutdown$$00000002  c_w.l(libshutdown2.o)
    0x080001b4   0x00000000   Code   RO         6452    .ARM.Collect$$libshutdown$$00000004  c_w.l(libshutdown2.o)
    0x080001b4   0x00000000   Code   RO         6455    .ARM.Collect$$libshutdown$$00000007  c_w.l(libshutdown2.o)
    0x080001b4   0x00000000   Code   RO         6458    .ARM.Collect$$libshutdown$$0000000A  c_w.l(libshutdown2.o)
    0x080001b4   0x00000000   Code   RO         6460    .ARM.Collect$$libshutdown$$0000000C  c_w.l(libshutdown2.o)
    0x080001b4   0x00000000   Code   RO         6463    .ARM.Collect$$libshutdown$$0000000F  c_w.l(libshutdown2.o)
    0x080001b4   0x00000002   Code   RO         6464    .ARM.Collect$$libshutdown$$00000010  c_w.l(libshutdown2.o)
    0x080001b6   0x00000000   Code   RO         6333    .ARM.Collect$$rtentry$$00000000  c_w.l(__rtentry.o)
    0x080001b6   0x00000000   Code   RO         6342    .ARM.Collect$$rtentry$$00000002  c_w.l(__rtentry2.o)
    0x080001b6   0x00000006   Code   RO         6354    .ARM.Collect$$rtentry$$00000004  c_w.l(__rtentry4.o)
    0x080001bc   0x00000000   Code   RO         6344    .ARM.Collect$$rtentry$$00000009  c_w.l(__rtentry2.o)
    0x080001bc   0x00000004   Code   RO         6345    .ARM.Collect$$rtentry$$0000000A  c_w.l(__rtentry2.o)
    0x080001c0   0x00000000   Code   RO         6347    .ARM.Collect$$rtentry$$0000000C  c_w.l(__rtentry2.o)
    0x080001c0   0x00000008   Code   RO         6348    .ARM.Collect$$rtentry$$0000000D  c_w.l(__rtentry2.o)
    0x080001c8   0x00000002   Code   RO         6371    .ARM.Collect$$rtexit$$00000000  c_w.l(rtexit.o)
    0x080001ca   0x00000000   Code   RO         6419    .ARM.Collect$$rtexit$$00000002  c_w.l(rtexit2.o)
    0x080001ca   0x00000004   Code   RO         6420    .ARM.Collect$$rtexit$$00000003  c_w.l(rtexit2.o)
    0x080001ce   0x00000006   Code   RO         6421    .ARM.Collect$$rtexit$$00000004  c_w.l(rtexit2.o)
    0x080001d4   0x00000040   Code   RO         3228    .text               startup_stm32f10x_hd.o
    0x08000214   0x00000028   Code   RO         6295    .text               c_w.l(noretval__2sprintf.o)
    0x0800023c   0x00000068   Code   RO         6297    .text               c_w.l(__printf.o)
    0x080002a4   0x00000078   Code   RO         6299    .text               c_w.l(_printf_dec.o)
    0x0800031c   0x00000044   Code   RO         6325    .text               c_w.l(rt_memclr.o)
    0x08000360   0x0000004e   Code   RO         6327    .text               c_w.l(rt_memclr_w.o)
    0x080003ae   0x00000006   Code   RO         6329    .text               c_w.l(heapauxi.o)
    0x080003b4   0x000000b2   Code   RO         6334    .text               c_w.l(_printf_intcommon.o)
    0x08000466   0x00000002   PAD
    0x08000468   0x00000030   Code   RO         6336    .text               c_w.l(_printf_char_common.o)
    0x08000498   0x0000000a   Code   RO         6338    .text               c_w.l(_sputc.o)
    0x080004a2   0x0000004a   Code   RO         6358    .text               c_w.l(sys_stackheap_outer.o)
    0x080004ec   0x00000012   Code   RO         6360    .text               c_w.l(exit.o)
    0x080004fe   0x00000002   PAD
    0x08000500   0x00000008   Code   RO         6368    .text               c_w.l(libspace.o)
    0x08000508   0x0000000c   Code   RO         6429    .text               c_w.l(sys_exit.o)
    0x08000514   0x00000002   Code   RO         6440    .text               c_w.l(use_no_semi.o)
    0x08000516   0x00000000   Code   RO         6442    .text               c_w.l(indicate_semi.o)
    0x08000516   0x00000004   Code   RO         3128    i.BusFault_Handler  stm32f10x_it.o
    0x0800051a   0x00000002   Code   RO         3129    i.DebugMon_Handler  stm32f10x_it.o
    0x0800051c   0x00000116   Code   RO         1251    i.GPIO_Init         stm32f10x_gpio.o
    0x08000632   0x00000012   Code   RO         1255    i.GPIO_ReadInputDataBit  stm32f10x_gpio.o
    0x08000644   0x00000004   Code   RO         1258    i.GPIO_ResetBits    stm32f10x_gpio.o
    0x08000648   0x00000004   Code   RO         1259    i.GPIO_SetBits      stm32f10x_gpio.o
    0x0800064c   0x00000004   Code   RO         3130    i.HardFault_Handler  stm32f10x_it.o
    0x08000650   0x0000002a   Code   RO         1362    i.I2C_CheckEvent    stm32f10x_i2c.o
    0x0800067a   0x00000018   Code   RO         1365    i.I2C_Cmd           stm32f10x_i2c.o
    0x08000692   0x00000018   Code   RO         1372    i.I2C_GenerateSTART  stm32f10x_i2c.o
    0x080006aa   0x00000018   Code   RO         1373    i.I2C_GenerateSTOP  stm32f10x_i2c.o
    0x080006c2   0x0000003a   Code   RO         1374    i.I2C_GetFlagStatus  stm32f10x_i2c.o
    0x080006fc   0x000000ec   Code   RO         1379    i.I2C_Init          stm32f10x_i2c.o
    0x080007e8   0x00000012   Code   RO         1386    i.I2C_Send7bitAddress  stm32f10x_i2c.o
    0x080007fa   0x00000004   Code   RO         1387    i.I2C_SendData      stm32f10x_i2c.o
    0x080007fe   0x00000004   Code   RO         3131    i.MemManage_Handler  stm32f10x_it.o
    0x08000802   0x00000002   Code   RO         3132    i.NMI_Handler       stm32f10x_it.o
    0x08000804   0x00000070   Code   RO           17    i.NVIC_Init         misc.o
    0x08000874   0x00000014   Code   RO           18    i.NVIC_PriorityGroupConfig  misc.o
    0x08000888   0x00000002   Code   RO         3133    i.PendSV_Handler    stm32f10x_it.o
    0x0800088a   0x00000002   PAD
    0x0800088c   0x00000020   Code   RO         1667    i.RCC_APB1PeriphClockCmd  stm32f10x_rcc.o
    0x080008ac   0x00000020   Code   RO         1669    i.RCC_APB2PeriphClockCmd  stm32f10x_rcc.o
    0x080008cc   0x000000d4   Code   RO         1677    i.RCC_GetClocksFreq  stm32f10x_rcc.o
    0x080009a0   0x00000050   Code   RO         3295    i.RCC_init          rcc.o
    0x080009f0   0x00000002   Code   RO         3134    i.SVC_Handler       stm32f10x_it.o
    0x080009f2   0x00000008   Code   RO         3191    i.SetSysClock       system_stm32f10x.o
    0x080009fa   0x00000002   PAD
    0x080009fc   0x000000e0   Code   RO         3192    i.SetSysClockTo72   system_stm32f10x.o
    0x08000adc   0x00000002   Code   RO         3135    i.SysTick_Handler   stm32f10x_it.o
    0x08000ade   0x00000002   PAD
    0x08000ae0   0x00000060   Code   RO         3194    i.SystemInit        system_stm32f10x.o
    0x08000b40   0x00000016   Code   RO         3296    i.Systick_ms        rcc.o
    0x08000b56   0x00000050   Code   RO         3297    i.Systick_us        rcc.o
    0x08000ba6   0x00000002   PAD
    0x08000ba8   0x00000018   Code   RO         3067    i.TIM3_IRQHandler   main.o
    0x08000bc0   0x00000018   Code   RO         2301    i.TIM_Cmd           stm32f10x_tim.o
    0x08000bd8   0x00000012   Code   RO         2326    i.TIM_ITConfig      stm32f10x_tim.o
    0x08000bea   0x00000028   Code   RO         3320    i.TIM_NVIC          tim.o
    0x08000c12   0x00000002   PAD
    0x08000c14   0x000000a4   Code   RO         2372    i.TIM_TimeBaseInit  stm32f10x_tim.o
    0x08000cb8   0x00000050   Code   RO         3321    i.TIM_rcc_gpio_init  tim.o
    0x08000d08   0x00000028   Code   RO         3383    i.USART1_SendChar   usart.o
    0x08000d30   0x000000ac   Code   RO         3384    i.USART1_init       usart.o
    0x08000ddc   0x00000004   Code   RO         3136    i.UsageFault_Handler  stm32f10x_it.o
    0x08000de0   0x00000034   Code   RO         3404    i.VK36N16I_init     vk36n16i.o
    0x08000e14   0x00000010   Code   RO         5581    i.i2c_clear_scl     u8x8_byte.o
    0x08000e24   0x00000010   Code   RO         5582    i.i2c_clear_sda     u8x8_byte.o
    0x08000e34   0x00000012   Code   RO         5583    i.i2c_delay         u8x8_byte.o
    0x08000e46   0x0000000c   Code   RO         3405    i.i2c_delay_us_cb   vk36n16i.o
    0x08000e52   0x00000020   Code   RO         5584    i.i2c_init          u8x8_byte.o
    0x08000e72   0x0000002a   Code   RO         5585    i.i2c_read_bit      u8x8_byte.o
    0x08000e9c   0x00000016   Code   RO         5586    i.i2c_read_scl_and_delay  u8x8_byte.o
    0x08000eb2   0x00000010   Code   RO         5587    i.i2c_read_sda      u8x8_byte.o
    0x08000ec2   0x00000002   PAD
    0x08000ec4   0x00000028   Code   RO         3406    i.i2c_scl_write_cb  vk36n16i.o
    0x08000eec   0x00000018   Code   RO         3407    i.i2c_sda_read_cb   vk36n16i.o
    0x08000f04   0x00000028   Code   RO         3408    i.i2c_sda_write_cb  vk36n16i.o
    0x08000f2c   0x0000002c   Code   RO         3409    i.i2c_setting_init_cb  vk36n16i.o
    0x08000f58   0x0000003c   Code   RO         5588    i.i2c_start         u8x8_byte.o
    0x08000f94   0x0000002a   Code   RO         5589    i.i2c_stop          u8x8_byte.o
    0x08000fbe   0x0000002a   Code   RO         5590    i.i2c_write_bit     u8x8_byte.o
    0x08000fe8   0x0000005e   Code   RO         5591    i.i2c_write_byte    u8x8_byte.o
    0x08001046   0x00000002   PAD
    0x08001048   0x0000007c   Code   RO         3068    i.main              main.o
    0x080010c4   0x0000001a   Code   RO         4317    i.u8g2_ClearBuffer  u8g2_buffer.o
    0x080010de   0x00000062   Code   RO         4526    i.u8g2_DrawGlyph    u8g2_font.o
    0x08001140   0x000000dc   Code   RO         4882    i.u8g2_DrawHVLine   u8g2_hvline.o
    0x0800121c   0x00000024   Code   RO         4529    i.u8g2_DrawStr      u8g2_font.o
    0x08001240   0x00000054   Code   RO         3343    i.u8g2_GPIo_Setting  u8g2_user.o
    0x08001294   0x00000034   Code   RO         3344    i.u8g2_I2C_Mode     u8g2_user.o
    0x080012c8   0x0000003a   Code   RO         4943    i.u8g2_IsIntersection  u8g2_intersection.o
    0x08001302   0x00000012   Code   RO         4320    i.u8g2_SendBuffer   u8g2_buffer.o
    0x08001314   0x00000020   Code   RO         4548    i.u8g2_SetFont      u8g2_font.o
    0x08001334   0x0000000c   Code   RO         4551    i.u8g2_SetFontPosBaseline  u8g2_font.o
    0x08001340   0x00000020   Code   RO         5158    i.u8g2_SetMaxClipWindow  u8g2_setup.o
    0x08001360   0x0000005a   Code   RO         5159    i.u8g2_SetupBuffer  u8g2_setup.o
    0x080013ba   0x00000002   PAD
    0x080013bc   0x00000044   Code   RO         4512    i.u8g2_Setup_ssd1306_i2c_128x64_noname_f  u8g2_d_setup.o
    0x08001400   0x00000088   Code   RO         4558    i.u8g2_UpdateRefHeight  u8g2_font.o
    0x08001488   0x0000002a   Code   RO         4559    i.u8g2_add_vector_x  u8g2_font.o
    0x080014b2   0x0000002a   Code   RO         4560    i.u8g2_add_vector_y  u8g2_font.o
    0x080014dc   0x0000007a   Code   RO         5161    i.u8g2_apply_clip_window  u8g2_setup.o
    0x08001556   0x0000004c   Code   RO         4886    i.u8g2_clip_intersection2  u8g2_hvline.o
    0x080015a2   0x0000002c   Code   RO         4887    i.u8g2_draw_hv_line_2dir  u8g2_hvline.o
    0x080015ce   0x0000003c   Code   RO         5162    i.u8g2_draw_l90_mirrorr_r0  u8g2_setup.o
    0x0800160a   0x00000024   Code   RO         5163    i.u8g2_draw_l90_r0  u8g2_setup.o
    0x0800162e   0x00000044   Code   RO         5164    i.u8g2_draw_l90_r1  u8g2_setup.o
    0x08001672   0x00000056   Code   RO         5165    i.u8g2_draw_l90_r2  u8g2_setup.o
    0x080016c8   0x00000050   Code   RO         5166    i.u8g2_draw_l90_r3  u8g2_setup.o
    0x08001718   0x0000003c   Code   RO         5167    i.u8g2_draw_mirror_vertical_r0  u8g2_setup.o
    0x08001754   0x00000090   Code   RO         4561    i.u8g2_draw_string  u8g2_font.o
    0x080017e4   0x00000006   Code   RO         4568    i.u8g2_font_calc_vref_font  u8g2_font.o
    0x080017ea   0x00000024   Code   RO         4570    i.u8g2_font_decode_get_signed_bits  u8g2_font.o
    0x0800180e   0x00000042   Code   RO         4571    i.u8g2_font_decode_get_unsigned_bits  u8g2_font.o
    0x08001850   0x00000182   Code   RO         4572    i.u8g2_font_decode_glyph  u8g2_font.o
    0x080019d2   0x000000b0   Code   RO         4573    i.u8g2_font_decode_len  u8g2_font.o
    0x08001a82   0x0000003a   Code   RO         4574    i.u8g2_font_draw_glyph  u8g2_font.o
    0x08001abc   0x00000008   Code   RO         4575    i.u8g2_font_get_byte  u8g2_font.o
    0x08001ac4   0x00000092   Code   RO         4576    i.u8g2_font_get_glyph_data  u8g2_font.o
    0x08001b56   0x00000018   Code   RO         4577    i.u8g2_font_get_word  u8g2_font.o
    0x08001b6e   0x00000040   Code   RO         4578    i.u8g2_font_setup_decode  u8g2_font.o
    0x08001bae   0x0000002a   Code   RO         3345    i.u8g2_init         u8g2_user.o
    0x08001bd8   0x00000030   Code   RO         4944    i.u8g2_is_intersection_decision_tree  u8g2_intersection.o
    0x08001c08   0x000000ee   Code   RO         4992    i.u8g2_ll_hvline_vertical_top_lsb  u8g2_ll_hvline.o
    0x08001cf6   0x00000002   PAD
    0x08001cf8   0x00000010   Code   RO         4499    i.u8g2_m_16_8_f     u8g2_d_memory.o
    0x08001d08   0x000000e0   Code   RO         4580    i.u8g2_read_font_info  u8g2_font.o
    0x08001de8   0x00000036   Code   RO         4328    i.u8g2_send_buffer  u8g2_buffer.o
    0x08001e1e   0x00000036   Code   RO         4329    i.u8g2_send_tile_row  u8g2_buffer.o
    0x08001e54   0x00000060   Code   RO         5168    i.u8g2_update_dimension_common  u8g2_setup.o
    0x08001eb4   0x0000000c   Code   RO         5169    i.u8g2_update_dimension_r0  u8g2_setup.o
    0x08001ec0   0x0000001c   Code   RO         5170    i.u8g2_update_dimension_r1  u8g2_setup.o
    0x08001edc   0x0000000c   Code   RO         5171    i.u8g2_update_dimension_r2  u8g2_setup.o
    0x08001ee8   0x0000001c   Code   RO         5172    i.u8g2_update_dimension_r3  u8g2_setup.o
    0x08001f04   0x00000020   Code   RO         5173    i.u8g2_update_page_win_r0  u8g2_setup.o
    0x08001f24   0x00000020   Code   RO         5174    i.u8g2_update_page_win_r1  u8g2_setup.o
    0x08001f44   0x0000003c   Code   RO         5175    i.u8g2_update_page_win_r2  u8g2_setup.o
    0x08001f80   0x0000003c   Code   RO         5176    i.u8g2_update_page_win_r3  u8g2_setup.o
    0x08001fbc   0x00000032   Code   RO         6000    i.u8x8_DrawTile     u8x8_display.o
    0x08001fee   0x00000012   Code   RO         6002    i.u8x8_InitDisplay  u8x8_display.o
    0x08002000   0x00000012   Code   RO         6004    i.u8x8_RefreshDisplay  u8x8_display.o
    0x08002012   0x00000014   Code   RO         6007    i.u8x8_SetPowerSave  u8x8_display.o
    0x08002026   0x0000002a   Code   RO         6165    i.u8x8_Setup        u8x8_setup.o
    0x08002050   0x0000002c   Code   RO         6166    i.u8x8_SetupDefaults  u8x8_setup.o
    0x0800207c   0x00000012   Code   RO         6008    i.u8x8_SetupMemory  u8x8_display.o
    0x0800208e   0x00000012   Code   RO         5460    i.u8x8_ascii_next   u8x8_8x8.o
    0x080020a0   0x00000012   Code   RO         5596    i.u8x8_byte_EndTransfer  u8x8_byte.o
    0x080020b2   0x00000010   Code   RO         5597    i.u8x8_byte_SendByte  u8x8_byte.o
    0x080020c2   0x0000001a   Code   RO         5598    i.u8x8_byte_SendBytes  u8x8_byte.o
    0x080020dc   0x00000012   Code   RO         5600    i.u8x8_byte_StartTransfer  u8x8_byte.o
    0x080020ee   0x00000002   PAD
    0x080020f0   0x000000e4   Code   RO         3346    i.u8x8_byte_hw_i2c  u8g2_user.o
    0x080021d4   0x0000006e   Code   RO         5605    i.u8x8_byte_sw_i2c  u8x8_byte.o
    0x08002242   0x00000012   Code   RO         5733    i.u8x8_cad_EndTransfer  u8x8_cad.o
    0x08002254   0x00000014   Code   RO         5734    i.u8x8_cad_SendArg  u8x8_cad.o
    0x08002268   0x00000014   Code   RO         5735    i.u8x8_cad_SendCmd  u8x8_cad.o
    0x0800227c   0x0000001a   Code   RO         5736    i.u8x8_cad_SendData  u8x8_cad.o
    0x08002296   0x0000007c   Code   RO         5738    i.u8x8_cad_SendSequence  u8x8_cad.o
    0x08002312   0x00000012   Code   RO         5739    i.u8x8_cad_StartTransfer  u8x8_cad.o
    0x08002324   0x000000d4   Code   RO         5742    i.u8x8_cad_ssd13xx_fast_i2c  u8x8_cad.o
    0x080023f8   0x00000060   Code   RO         6009    i.u8x8_d_helper_display_init  u8x8_display.o
    0x08002458   0x0000000c   Code   RO         6010    i.u8x8_d_helper_display_setup_memory  u8x8_display.o
    0x08002464   0x00000054   Code   RO         5924    i.u8x8_d_ssd1306_128x64_noname  u8x8_d_ssd1306_128x64_noname.o
    0x080024b8   0x00000104   Code   RO         5926    i.u8x8_d_ssd1306_sh1106_generic  u8x8_d_ssd1306_128x64_noname.o
    0x080025bc   0x00000008   Code   RO         6168    i.u8x8_dummy_cb     u8x8_setup.o
    0x080025c4   0x000000bc   Code   RO         3347    i.u8x8_gpio_and_delay  u8g2_user.o
    0x08002680   0x0000001a   Code   RO         6087    i.u8x8_gpio_call    u8x8_gpio.o
    0x0800269a   0x0000002e   Code   RO         5750    i.u8x8_i2c_data_transfer  u8x8_cad.o
    0x080026c8   0x00000008   Code   RO         5469    i.u8x8_utf8_init    u8x8_8x8.o
    0x080026d0   0x00000010   Data   RO         3348    .constdata          u8g2_user.o
    0x080026e0   0x0000286a   Data   RO         4868    .constdata          u8g2_fonts.o
    0x08004f4a   0x00000002   PAD
    0x08004f4c   0x00000048   Data   RO         5177    .constdata          u8g2_setup.o
    0x08004f94   0x00000158   Data   RO         5928    .constdata          u8x8_d_ssd1306_128x64_noname.o
    0x080050ec   0x00000020   Data   RO         6495    Region$$Table       anon$$obj.o


    Execution Region RW_IRAM1 (Base: 0x20000000, Size: 0x00000b48, Max: 0x0000c000, ABSOLUTE)

    Base Addr    Size         Type   Attr      Idx    E Section Name        Object

    0x20000000   0x00000014   Data   RW         1697    .data               stm32f10x_rcc.o
    0x20000014   0x00000001   Data   RW         3070    .data               main.o
    0x20000015   0x00000006   Data   RW         5752    .data               u8x8_cad.o
    0x2000001b   0x00000001   PAD
    0x2000001c   0x000000c8   Zero   RW         3069    .bss                main.o
    0x200000e4   0x00000400   Zero   RW         4500    .bss                u8g2_d_memory.o
    0x200004e4   0x00000060   Zero   RW         6369    .bss                c_w.l(libspace.o)
    0x20000544   0x00000004   PAD
    0x20000548   0x00000200   Zero   RW         3226    HEAP                startup_stm32f10x_hd.o
    0x20000748   0x00000400   Zero   RW         3225    STACK               startup_stm32f10x_hd.o


==============================================================================

Image component sizes


      Code (inc. data)   RO Data    RW Data    ZI Data      Debug   Object Name

         0          0          0          0          0       4532   core_cm3.o
       148         40          0          1        200     169684   main.o
       132         22          0          0          0     253475   misc.o
       182          6          0          0          0       1549   rcc.o
        64         26        304          0       1536        840   startup_stm32f10x_hd.o
       304          0          0          0          0       3704   stm32f10x_gpio.o
       430         14          0          0          0       6706   stm32f10x_i2c.o
        26          0          0          0          0       4154   stm32f10x_it.o
       276         32          0         20          0       4506   stm32f10x_rcc.o
       206         42          0          0          0       2360   stm32f10x_tim.o
       328         28          0          0          0       2005   system_stm32f10x.o
       120          6          0          0          0       1047   tim.o
       152          0          0          0          0       2857   u8g2_buffer.o
        16          6          0          0       1024        884   u8g2_d_memory.o
        68         14          0          0          0       1105   u8g2_d_setup.o
      1736         10          0          0          0      13924   u8g2_font.o
         0          0      10346          0          0        666   u8g2_fonts.o
       340          0          0          0          0       2687   u8g2_hvline.o
       106          0          0          0          0       1567   u8g2_intersection.o
       238          0          0          0          0       1442   u8g2_ll_hvline.o
       994          0         72          0          0     161686   u8g2_setup.o
       594         44         16          0          0       3869   u8g2_user.o
        26          0          0          0          0       1091   u8x8_8x8.o
       588          0          0          0          0       9188   u8x8_byte.o
       484         10          0          6          0       8456   u8x8_cad.o
       344         26        344          0          0       3239   u8x8_d_ssd1306_128x64_noname.o
       232          0          0          0          0       4498   u8x8_display.o
        26          0          0          0          0        625   u8x8_gpio.o
        94          6          0          0          0       1934   u8x8_setup.o
       212         28          0          0          0        996   usart.o
       212         38          0          0          0       3364   vk36n16i.o

    ----------------------------------------------------------------------
      8698        398      11116         28       2760     678640   Object Totals
         0          0         32          0          0          0   (incl. Generated)
        20          0          2          1          0          0   (incl. Padding)

    ----------------------------------------------------------------------

      Code (inc. data)   RO Data    RW Data    ZI Data      Debug   Library Member Name

         8          0          0          0          0         68   __main.o
       104          0          0          0          0         84   __printf.o
         0          0          0          0          0          0   __rtentry.o
        12          0          0          0          0          0   __rtentry2.o
         6          0          0          0          0          0   __rtentry4.o
        52          8          0          0          0          0   __scatter.o
        26          0          0          0          0          0   __scatter_copy.o
        28          0          0          0          0          0   __scatter_zi.o
        48          6          0          0          0         96   _printf_char_common.o
         6          0          0          0          0          0   _printf_d.o
       120         16          0          0          0         92   _printf_dec.o
       178          0          0          0          0         88   _printf_intcommon.o
         0          0          0          0          0          0   _printf_percent.o
         4          0          0          0          0          0   _printf_percent_end.o
        10          0          0          0          0         68   _sputc.o
        18          0          0          0          0         80   exit.o
         6          0          0          0          0        152   heapauxi.o
         0          0          0          0          0          0   indicate_semi.o
         2          0          0          0          0          0   libinit.o
         2          0          0          0          0          0   libinit2.o
         2          0          0          0          0          0   libshutdown.o
         2          0          0          0          0          0   libshutdown2.o
         8          4          0          0         96         68   libspace.o
        40          6          0          0          0         84   noretval__2sprintf.o
        68          0          0          0          0         68   rt_memclr.o
        78          0          0          0          0         80   rt_memclr_w.o
         2          0          0          0          0          0   rtexit.o
        10          0          0          0          0          0   rtexit2.o
        12          4          0          0          0         68   sys_exit.o
        74          0          0          0          0         80   sys_stackheap_outer.o
         2          0          0          0          0         68   use_no_semi.o

    ----------------------------------------------------------------------
       934         44          0          0        100       1244   Library Totals
         6          0          0          0          4          0   (incl. Padding)

    ----------------------------------------------------------------------

      Code (inc. data)   RO Data    RW Data    ZI Data      Debug   Library Name

       928         44          0          0         96       1244   c_w.l

    ----------------------------------------------------------------------
       934         44          0          0        100       1244   Library Totals

    ----------------------------------------------------------------------

==============================================================================


      Code (inc. data)   RO Data    RW Data    ZI Data      Debug   

      9632        442      11116         28       2860     672236   Grand Totals
      9632        442      11116         28       2860     672236   ELF Image Totals
      9632        442      11116         28          0          0   ROM Totals

==============================================================================

    Total RO  Size (Code + RO Data)                20748 (  20.26kB)
    Total RW  Size (RW Data + ZI Data)              2888 (   2.82kB)
    Total ROM Size (Code + RO Data + RW Data)      20776 (  20.29kB)

==============================================================================

