<html>
<body>
<pre>
<h1>礦ision Build Log</h1>
<h2>Tool Versions:</h2>
IDE-Version: μVision V5.18.0.0
Copyright (C) 2016 ARM Ltd and ARM Germany GmbH. All rights reserved.
License Information: 1 1, 11, LIC=14HV2-9DLYB-9U04U-SJHHK-QM63L-ZP9CB
 
Tool Versions:
Toolchain:       MDK-ARM Standard  Version: 5.18
Toolchain Path:  C:\Keil_v5\ARM\ARMCC\Bin
C Compiler:      Armcc.exe V5.06 update 1 (build 61)
Assembler:       Armasm.exe V5.06 update 1 (build 61)
Linker/Locator:  ArmLink.exe V5.06 update 1 (build 61)
Library Manager: ArmAr.exe V5.06 update 1 (build 61)
Hex Converter:   FromElf.exe V5.06 update 1 (build 61)
CPU DLL:         SARMCM3.DLL V5.18
Dialog DLL:      DCM.DLL V1.13.6.0
Target DLL:      Segger\JL2CM3.dll V2.99.18.0
Dialog DLL:      TCM.DLL V1.14.8.0
 
<h2>Project:</h2>
C:\Users\86137\Desktop\STM32.GITHUB\Learn_STM32\STM32F103RC\外设学习\VK36N16I\PROJECT\Project.uvprojx
Project File Date:  10/12/2025

<h2>Output:</h2>
*** Using Compiler 'V5.06 update 1 (build 61)', folder: 'C:\Keil_v5\ARM\ARMCC\Bin'
Rebuild target 'Target 1'
compiling core_cm3.c...
compiling stm32f10x_flash.c...
compiling stm32f10x_exti.c...
compiling stm32f10x_cec.c...
compiling stm32f10x_fsmc.c...
compiling stm32f10x_dma.c...
compiling stm32f10x_crc.c...
compiling stm32f10x_bkp.c...
compiling misc.c...
compiling stm32f10x_dac.c...
compiling stm32f10x_dbgmcu.c...
compiling stm32f10x_adc.c...
compiling stm32f10x_can.c...
compiling stm32f10x_gpio.c...
compiling stm32f10x_i2c.c...
compiling stm32f10x_iwdg.c...
assembling startup_stm32f10x_hd.s...
compiling stm32f10x_rtc.c...
compiling stm32f10x_pwr.c...
compiling stm32f10x_sdio.c...
compiling stm32f10x_spi.c...
compiling stm32f10x_wwdg.c...
compiling stm32f10x_rcc.c...
compiling main.c...
..\DRIVE\TM1650.h(9): warning:  #47-D: incompatible redefinition of macro "I2C_SDA_Pin" (declared at line 10 of "..\DRIVE\I2C.h")
  #define I2C_SDA_Pin GPIO_Pin_5
..\DRIVE\TM1650.h(10): warning:  #47-D: incompatible redefinition of macro "I2C_SCL_Pin" (declared at line 11 of "..\DRIVE\I2C.h")
  #define I2C_SCL_Pin GPIO_Pin_4
..\USER\main.c: 2 warnings, 0 errors
compiling stm32f10x_it.c...
compiling stm32f10x_usart.c...
compiling stm32f10x_tim.c...
compiling system_stm32f10x.c...
compiling GPIO.c...
compiling I2C.c...
compiling RCC.c...
compiling TIM.c...
compiling USART.c...
compiling VK36N16I.c...
compiling TM1650.c...
linking...
Program Size: Code=2488 RO-data=336 RW-data=20 ZI-data=1636  
FromELF: creating hex file...
".\Objects\Project.axf" - 0 Error(s), 2 Warning(s).

<h2>Collection of Component include folders:</h2>
  C:\Users\86137\Desktop\STM32.GITHUB\Learn_STM32\STM32F103RC\外设学习\VK36N16I\PROJECT\RTE
  C:\Keil_v5\ARM\PACK\Keil\STM32F1xx_DFP\2.4.1\Device\Include

<h2>Collection of Component Files used:</h2>
Build Time Elapsed:  00:00:02
</pre>
</body>
</html>
